<html>
<body>
<pre>
<h1>µVision Build Log</h1>
<h2>Tool Versions:</h2>
IDE-Version: µVision V5.35.0.0
Copyright (C) 2021 ARM Ltd and ARM Germany GmbH. All rights reserved.
License Information: a a, a, LIC=32B1Q-NI4K1-KPHZY-I0HY9-W1ZVM-HTP91
 
Tool Versions:
Toolchain:       MDK-ARM Plus  Version: 5.35.0.2
Toolchain Path:  C:\Keil_v5\ARM\ARMCLANG\Bin
C Compiler:      ArmClang.exe V6.16
Assembler:       Armasm.exe V6.16
Linker/Locator:  ArmLink.exe V6.16
Library Manager: ArmAr.exe V6.16
Hex Converter:   FromElf.exe V6.16
CPU DLL:         SARMCM3.DLL V5.35.0.2
Dialog DLL:      DARMCM1.DLL V1.19.4.0
Target DLL:      Nu_Link.dll V3.13
Dialog DLL:      TARMCM1.DLL V1.14.4.0
 
<h2>Project:</h2>
D:\Projects\CCMSFloridaPhpr\BootLoader\Keil\M031Boot.uvproj
Project File Date:  01/11/2024

<h2>Output:</h2>
*** Using Compiler 'V6.16', folder: 'C:\Keil_v5\ARM\ARMCLANG\Bin'
Build Project 'M031Boot' - Target 'Bootloader'
creating preprocessor file for FMCUser.c...
creating preprocessor file for Hardware.c...
creating preprocessor file for clk.c...
creating preprocessor file for Boot.c...
creating preprocessor file for fmc.c...
creating preprocessor file for retarget.c...
creating preprocessor file for sys.c...
creating preprocessor file for uart.c...
creating preprocessor file for system_M031Series.c...
creating preprocessor file for main.c...
linking...
.\obj\M031Boot.axf: Warning: L6340W: options first and last are ignored for link type of scattered
Program Size: Code=5072 RO-data=300 RW-data=12 ZI-data=1612  
Finished: 0 information, 1 warning and 0 error messages.
FromELF: creating hex file...
After Build - User command #1: fromelf --bin ".\obj\M031Boot.axf" --output ".\obj\M031Boot.bin"
".\obj\M031Boot.axf" - 0 Error(s), 1 Warning(s).
Build Time Elapsed:  00:00:01
</pre>
</body>
</html>
