	.text
	.syntax unified
	.eabi_attribute	67, "2.09"	@ Tag_conformance
	.cpu	cortex-m0
	.eabi_attribute	6, 12	@ Tag_CPU_arch
	.eabi_attribute	7, 77	@ Tag_CPU_arch_profile
	.eabi_attribute	8, 0	@ Tag_ARM_ISA_use
	.eabi_attribute	9, 1	@ Tag_THUMB_ISA_use
	.eabi_attribute	34, 0	@ Tag_CPU_unaligned_access
	.eabi_attribute	17, 1	@ Tag_ABI_PCS_GOT_use
	.eabi_attribute	20, 2	@ Tag_ABI_FP_denormal
	.eabi_attribute	21, 0	@ Tag_ABI_FP_exceptions
	.eabi_attribute	23, 1	@ Tag_ABI_FP_number_model
	.eabi_attribute	24, 1	@ Tag_ABI_align_needed
	.eabi_attribute	25, 1	@ Tag_ABI_align_preserved
	.eabi_attribute	38, 1	@ Tag_ABI_FP_16bit_format
	.eabi_attribute	18, 2	@ Tag_ABI_PCS_wchar_t
	.eabi_attribute	26, 1	@ Tag_ABI_enum_size
	.eabi_attribute	14, 0	@ Tag_ABI_PCS_R9_use
	.file	"CCMS.c"
	.file	1 "G:\\My Drive\\Projects\\CCMSFlorida\\Application\\KEIL" "../Source/CCMS.c"
	.file	2 "C:\\Keil_v5\\ARM\\ARMCLANG\\Bin\\..\\include" "stdint.h"
	.section	.text.LED0_Set,"ax",%progbits
	.hidden	LED0_Set                        @ -- Begin function LED0_Set
	.globl	LED0_Set
	.p2align	2
	.type	LED0_Set,%function
	.code	16                              @ @LED0_Set
	.thumb_func
LED0_Set:
.Lfunc_begin0:
	.loc	1 15 0                          @ ../Source/CCMS.c:15:0
	.fnstart
	.cfi_sections .debug_frame
	.cfi_startproc
@ %bb.0:
	@DEBUG_VALUE: LED0_Set:TotalTime <- $r0
	@DEBUG_VALUE: LED0_Set:TotalTime <- $r0
	@DEBUG_VALUE: LED0_Set:OnTime <- $r1
	@DEBUG_VALUE: LED0_Set:OnTime <- $r1
	.loc	1 16 20 prologue_end            @ ../Source/CCMS.c:16:20
	ldr	r2, __arm_cp.0_0
	.loc	1 17 17                         @ ../Source/CCMS.c:17:17
	strh	r1, [r2, #2]
	.loc	1 16 20                         @ ../Source/CCMS.c:16:20
	strh	r0, [r2]
	.loc	1 18 1                          @ ../Source/CCMS.c:18:1
	bx	lr
.Ltmp0:
	.p2align	2
@ %bb.1:
	.loc	1 0 1 is_stmt 0                 @ ../Source/CCMS.c:0:1
__arm_cp.0_0:
	.long	LedState
.Lcpi_end0:
	.size	__arm_cp.0_0, .Lcpi_end0-__arm_cp.0_0
.Lfunc_end0:
	.size	LED0_Set, .Lfunc_end0-LED0_Set
	.cfi_endproc
	.cantunwind
	.fnend
                                        @ -- End function
	.section	.text.CCMSInit,"ax",%progbits
	.hidden	CCMSInit                        @ -- Begin function CCMSInit
	.globl	CCMSInit
	.p2align	2
	.type	CCMSInit,%function
	.code	16                              @ @CCMSInit
	.thumb_func
CCMSInit:
.Lfunc_begin1:
	.loc	1 21 0 is_stmt 1                @ ../Source/CCMS.c:21:0
	.fnstart
	.cfi_startproc
@ %bb.0:
	.save	{r7, lr}
	push	{r7, lr}
	.cfi_def_cfa_offset 8
	.cfi_offset lr, -4
	.cfi_offset r7, -8
	movs	r0, #195
	lsls	r0, r0, #1
.Ltmp1:
	.loc	1 22 16 prologue_end            @ ../Source/CCMS.c:22:16
	ldr	r1, __arm_cp.1_0
	movs	r2, #0
	strb	r2, [r1, r0]
	.loc	1 23 2                          @ ../Source/CCMS.c:23:2
	bl	GetScheduleStat
.Ltmp2:
	.loc	1 25 1                          @ ../Source/CCMS.c:25:1
	pop	{r7, pc}
.Ltmp3:
	.p2align	2
@ %bb.1:
	.loc	1 0 1 is_stmt 0                 @ ../Source/CCMS.c:0:1
__arm_cp.1_0:
	.long	CCMS
.Lcpi_end1:
	.size	__arm_cp.1_0, .Lcpi_end1-__arm_cp.1_0
.Lfunc_end1:
	.size	CCMSInit, .Lfunc_end1-CCMSInit
	.cfi_endproc
	.cantunwind
	.fnend
                                        @ -- End function
	.section	.text.GetScheduleStat,"ax",%progbits
	.hidden	GetScheduleStat                 @ -- Begin function GetScheduleStat
	.globl	GetScheduleStat
	.p2align	2
	.type	GetScheduleStat,%function
	.code	16                              @ @GetScheduleStat
	.thumb_func
GetScheduleStat:
.Lfunc_begin2:
	.loc	1 48 0 is_stmt 1                @ ../Source/CCMS.c:48:0
	.fnstart
	.cfi_startproc
@ %bb.0:
	.save	{r4, r5, r6, lr}
	push	{r4, r5, r6, lr}
	.cfi_def_cfa_offset 16
	.cfi_offset lr, -4
	.cfi_offset r6, -8
	.cfi_offset r5, -12
	.cfi_offset r4, -16
.Ltmp4:
	.loc	1 51 6 prologue_end             @ ../Source/CCMS.c:51:6
	ldr	r0, __arm_cp.2_0
	ldrb	r0, [r0]
.Ltmp5:
	.loc	1 51 5 is_stmt 0                @ ../Source/CCMS.c:51:5
	cmp	r0, #0
	beq	.LBB2_12
@ %bb.1:
	.loc	1 0 5                           @ ../Source/CCMS.c:0:5
	movs	r0, #255
	mov	r1, r0
	adds	r1, #136
.Ltmp6:
	.loc	1 53 11 is_stmt 1               @ ../Source/CCMS.c:53:11
	ldr	r4, __arm_cp.2_1
	ldrb	r1, [r4, r1]
	movs	r2, #6
	.loc	1 53 35 is_stmt 0               @ ../Source/CCMS.c:53:35
	ands	r2, r1
	cmp	r2, #2
	bne	.LBB2_12
@ %bb.2:
.Ltmp7:
	@DEBUG_VALUE: GetScheduleStat:tE <- undef
	.loc	1 57 6 is_stmt 1                @ ../Source/CCMS.c:57:6
	ldr	r1, __arm_cp.2_2
	ldrb	r5, [r1]
	.loc	1 0 0 is_stmt 0                 @ ../Source/CCMS.c:0:0
	ldr	r1, __arm_cp.2_3
	ldr	r3, __arm_cp.2_4
	cmp	r5, #0
	beq	.LBB2_4
.Ltmp8:
@ %bb.3:
	adds	r2, r3, #5
	b	.LBB2_5
.LBB2_4:
	adds	r2, r1, #5
.LBB2_5:
	ldrb	r6, [r2]
	movs	r2, #60
	muls	r6, r2, r6
	cmp	r5, #0
	beq	.LBB2_7
@ %bb.6:
	adds	r1, r3, #6
	b	.LBB2_8
.LBB2_7:
	adds	r1, r1, #6
.LBB2_8:
	ldrb	r1, [r1]
	adds	r3, r6, r1
.Ltmp9:
	@DEBUG_VALUE: GetScheduleStat:tM <- undef
	@DEBUG_VALUE: GetScheduleStat:cT <- $r3
	movs	r1, #21
	lsls	r1, r1, #4
.Ltmp10:
	.loc	1 55 64 is_stmt 1               @ ../Source/CCMS.c:55:64
	ldrb	r1, [r4, r1]
	mov	r5, r0
	adds	r5, #80
	.loc	1 55 31 is_stmt 0               @ ../Source/CCMS.c:55:31
	ldrb	r5, [r4, r5]
	.loc	1 55 35                         @ ../Source/CCMS.c:55:35
	muls	r5, r2, r5
	.loc	1 55 40                         @ ../Source/CCMS.c:55:40
	adds	r5, r5, r1
	ldr	r1, __arm_cp.2_5
.Ltmp11:
	.loc	1 62 16 is_stmt 1               @ ../Source/CCMS.c:62:16
	cmp	r3, r5
	bls	.LBB2_11
.Ltmp12:
@ %bb.9:
	@DEBUG_VALUE: GetScheduleStat:cT <- $r3
	.loc	1 0 16 is_stmt 0                @ ../Source/CCMS.c:0:16
	movs	r5, #41
	lsls	r5, r5, #3
	ldrb	r5, [r4, r5]
	adds	r0, #72
	ldrb	r0, [r4, r0]
	muls	r2, r0, r2
	adds	r0, r2, r5
.Ltmp13:
	.loc	1 62 16                         @ ../Source/CCMS.c:62:16
	cmp	r3, r0
	bhs	.LBB2_11
.Ltmp14:
@ %bb.10:
	@DEBUG_VALUE: GetScheduleStat:cT <- $r3
	.loc	1 0 16                          @ ../Source/CCMS.c:0:16
	movs	r0, #195
	lsls	r5, r0, #1
.Ltmp15:
	.loc	1 64 4 is_stmt 1                @ ../Source/CCMS.c:64:4
	ldrb	r0, [r4, r5]
	movs	r2, #254
	ands	r2, r0
	strb	r2, [r4, r5]
	movs	r0, #0
	str	r0, [r1, #8]
	str	r0, [r1, #4]
	str	r0, [r1]
	str	r0, [r1, #12]
	.loc	1 65 4                          @ ../Source/CCMS.c:65:4
	bl	LatchOff
.Ltmp16:
	.loc	1 66 19                         @ ../Source/CCMS.c:66:19
	ldrb	r0, [r4, r5]
	movs	r1, #253
	ands	r1, r0
	strb	r1, [r4, r5]
.Ltmp17:
	.loc	1 75 1                          @ ../Source/CCMS.c:75:1
	pop	{r4, r5, r6, pc}
.LBB2_11:
.Ltmp18:
	@DEBUG_VALUE: GetScheduleStat:cT <- $r3
	.loc	1 0 1 is_stmt 0                 @ ../Source/CCMS.c:0:1
	movs	r0, #195
	lsls	r5, r0, #1
.Ltmp19:
	.loc	1 70 4 is_stmt 1                @ ../Source/CCMS.c:70:4
	ldrb	r0, [r4, r5]
	movs	r2, #1
	orrs	r0, r2
	strb	r0, [r4, r5]
	str	r2, [r1, #8]
	str	r2, [r1, #4]
	str	r2, [r1]
	str	r2, [r1, #12]
	.loc	1 71 4                          @ ../Source/CCMS.c:71:4
	bl	LatchON
.Ltmp20:
	.loc	1 72 19                         @ ../Source/CCMS.c:72:19
	ldrb	r0, [r4, r5]
	movs	r1, #2
	orrs	r1, r0
	strb	r1, [r4, r5]
.Ltmp21:
.LBB2_12:
	.loc	1 75 1                          @ ../Source/CCMS.c:75:1
	pop	{r4, r5, r6, pc}
.Ltmp22:
	.p2align	2
@ %bb.13:
	.loc	1 0 1 is_stmt 0                 @ ../Source/CCMS.c:0:1
__arm_cp.2_0:
	.long	IsTimeSet
.Lcpi_end2:
	.size	__arm_cp.2_0, .Lcpi_end2-__arm_cp.2_0
__arm_cp.2_1:
	.long	CCMS
.Lcpi_end3:
	.size	__arm_cp.2_1, .Lcpi_end3-__arm_cp.2_1
__arm_cp.2_2:
	.long	IsRTC
.Lcpi_end4:
	.size	__arm_cp.2_2, .Lcpi_end4-__arm_cp.2_2
__arm_cp.2_3:
	.long	CurrentDateTime
.Lcpi_end5:
	.size	__arm_cp.2_3, .Lcpi_end5-__arm_cp.2_3
__arm_cp.2_4:
	.long	RTCDateTime
.Lcpi_end6:
	.size	__arm_cp.2_4, .Lcpi_end6-__arm_cp.2_4
__arm_cp.2_5:
	.long	1073760392                      @ 0x40004888
.Lcpi_end7:
	.size	__arm_cp.2_5, .Lcpi_end7-__arm_cp.2_5
.Lfunc_end2:
	.size	GetScheduleStat, .Lfunc_end2-GetScheduleStat
	.cfi_endproc
	.cantunwind
	.fnend
                                        @ -- End function
	.section	.text.LatchON,"ax",%progbits
	.hidden	LatchON                         @ -- Begin function LatchON
	.globl	LatchON
	.p2align	2
	.type	LatchON,%function
	.code	16                              @ @LatchON
	.thumb_func
LatchON:
.Lfunc_begin3:
	.loc	1 28 0 is_stmt 1                @ ../Source/CCMS.c:28:0
	.fnstart
	.cfi_startproc
@ %bb.0:
	.save	{r4, r5, r7, lr}
	push	{r4, r5, r7, lr}
	.cfi_def_cfa_offset 16
	.cfi_offset lr, -4
	.cfi_offset r7, -8
	.cfi_offset r5, -12
	.cfi_offset r4, -16
	ldr	r4, __arm_cp.3_0
	movs	r5, #1
.Ltmp23:
	.loc	1 29 11 prologue_end            @ ../Source/CCMS.c:29:11
	str	r5, [r4]
	ldr	r0, __arm_cp.3_1
	.loc	1 30 2                          @ ../Source/CCMS.c:30:2
	bl	Delay
.Ltmp24:
	.loc	1 0 2 is_stmt 0                 @ ../Source/CCMS.c:0:2
	movs	r0, #195
	lsls	r0, r0, #1
	.loc	1 32 17 is_stmt 1               @ ../Source/CCMS.c:32:17
	ldr	r1, __arm_cp.3_2
	ldrb	r2, [r1, r0]
	orrs	r2, r5
	strb	r2, [r1, r0]
	movs	r0, #0
	.loc	1 31 11                         @ ../Source/CCMS.c:31:11
	str	r0, [r4]
	.loc	1 33 2                          @ ../Source/CCMS.c:33:2
	subs	r4, #56
	str	r5, [r4]
	.loc	1 35 1                          @ ../Source/CCMS.c:35:1
	pop	{r4, r5, r7, pc}
.Ltmp25:
	.p2align	2
@ %bb.1:
	.loc	1 0 1 is_stmt 0                 @ ../Source/CCMS.c:0:1
__arm_cp.3_0:
	.long	1073760400                      @ 0x40004890
.Lcpi_end8:
	.size	__arm_cp.3_0, .Lcpi_end8-__arm_cp.3_0
__arm_cp.3_1:
	.long	1500                            @ 0x5dc
.Lcpi_end9:
	.size	__arm_cp.3_1, .Lcpi_end9-__arm_cp.3_1
__arm_cp.3_2:
	.long	CCMS
.Lcpi_end10:
	.size	__arm_cp.3_2, .Lcpi_end10-__arm_cp.3_2
.Lfunc_end3:
	.size	LatchON, .Lfunc_end3-LatchON
	.cfi_endproc
	.cantunwind
	.fnend
                                        @ -- End function
	.section	.text.LatchOff,"ax",%progbits
	.hidden	LatchOff                        @ -- Begin function LatchOff
	.globl	LatchOff
	.p2align	2
	.type	LatchOff,%function
	.code	16                              @ @LatchOff
	.thumb_func
LatchOff:
.Lfunc_begin4:
	.loc	1 38 0 is_stmt 1                @ ../Source/CCMS.c:38:0
	.fnstart
	.cfi_startproc
@ %bb.0:
	.save	{r4, lr}
	push	{r4, lr}
	.cfi_def_cfa_offset 8
	.cfi_offset lr, -4
	.cfi_offset r4, -8
	ldr	r4, __arm_cp.4_0
	movs	r0, #1
.Ltmp26:
	.loc	1 40 11 prologue_end            @ ../Source/CCMS.c:40:11
	str	r0, [r4]
	ldr	r0, __arm_cp.4_1
	.loc	1 41 2                          @ ../Source/CCMS.c:41:2
	bl	Delay
.Ltmp27:
	.loc	1 0 2 is_stmt 0                 @ ../Source/CCMS.c:0:2
	movs	r0, #195
	lsls	r0, r0, #1
	.loc	1 43 17 is_stmt 1               @ ../Source/CCMS.c:43:17
	ldr	r1, __arm_cp.4_2
	ldrb	r2, [r1, r0]
	movs	r3, #254
	ands	r3, r2
	strb	r3, [r1, r0]
	movs	r0, #0
	.loc	1 42 11                         @ ../Source/CCMS.c:42:11
	str	r0, [r4]
	.loc	1 44 2                          @ ../Source/CCMS.c:44:2
	subs	r4, #52
	str	r0, [r4]
	.loc	1 45 1                          @ ../Source/CCMS.c:45:1
	pop	{r4, pc}
.Ltmp28:
	.p2align	2
@ %bb.1:
	.loc	1 0 1 is_stmt 0                 @ ../Source/CCMS.c:0:1
__arm_cp.4_0:
	.long	1073760396                      @ 0x4000488c
.Lcpi_end11:
	.size	__arm_cp.4_0, .Lcpi_end11-__arm_cp.4_0
__arm_cp.4_1:
	.long	1500                            @ 0x5dc
.Lcpi_end12:
	.size	__arm_cp.4_1, .Lcpi_end12-__arm_cp.4_1
__arm_cp.4_2:
	.long	CCMS
.Lcpi_end13:
	.size	__arm_cp.4_2, .Lcpi_end13-__arm_cp.4_2
.Lfunc_end4:
	.size	LatchOff, .Lfunc_end4-LatchOff
	.cfi_endproc
	.cantunwind
	.fnend
                                        @ -- End function
	.section	.text.GetAstroSchedule,"ax",%progbits
	.hidden	GetAstroSchedule                @ -- Begin function GetAstroSchedule
	.globl	GetAstroSchedule
	.p2align	2
	.type	GetAstroSchedule,%function
	.code	16                              @ @GetAstroSchedule
	.thumb_func
GetAstroSchedule:
.Lfunc_begin5:
	.loc	1 79 0 is_stmt 1                @ ../Source/CCMS.c:79:0
	.fnstart
	.cfi_startproc
@ %bb.0:
	.save	{r4, r5, r6, r7, lr}
	push	{r4, r5, r6, r7, lr}
	.cfi_def_cfa_offset 20
	.cfi_offset lr, -4
	.cfi_offset r7, -8
	.cfi_offset r6, -12
	.cfi_offset r5, -16
	.cfi_offset r4, -20
	.pad	#12
	sub	sp, #12
	.cfi_def_cfa_offset 32
	movs	r0, #255
	adds	r0, #136
.Ltmp29:
	.loc	1 81 11 prologue_end            @ ../Source/CCMS.c:81:11
	ldr	r1, __arm_cp.5_0
	ldrb	r0, [r1, r0]
	movs	r1, #70
	.loc	1 81 37 is_stmt 0               @ ../Source/CCMS.c:81:37
	ands	r1, r0
	cmp	r1, #64
	bne	.LBB5_6
@ %bb.1:
.Ltmp30:
	.loc	1 83 29 is_stmt 1               @ ../Source/CCMS.c:83:29
	ldr	r0, __arm_cp.5_1
	.loc	1 83 72 is_stmt 0               @ ../Source/CCMS.c:83:72
	ldrb	r2, [r0, #3]
	.loc	1 83 50                         @ ../Source/CCMS.c:83:50
	ldrb	r1, [r0, #2]
	.loc	1 83 29                         @ ../Source/CCMS.c:83:29
	ldrh	r0, [r0]
	.loc	1 83 6                          @ ../Source/CCMS.c:83:6
	bl	calcJD
.Ltmp31:
	.loc	1 83 5                          @ ../Source/CCMS.c:83:5
	ldr	r2, __arm_cp.5_2
	stm	r2!, {r0, r1}
	.loc	1 84 31 is_stmt 1               @ ../Source/CCMS.c:84:31
	ldr	r7, __arm_cp.5_3
	.loc	1 84 13 is_stmt 0               @ ../Source/CCMS.c:84:13
	ldm	r7!, {r4, r5}
	.loc	1 84 43                         @ ../Source/CCMS.c:84:43
	ldr	r6, __arm_cp.5_4
	.loc	1 84 13                         @ ../Source/CCMS.c:84:13
	ldm	r6!, {r2, r3}
	str	r2, [sp]
	str	r3, [sp, #4]
	mov	r2, r4
	mov	r3, r5
	subs	r6, #8
	subs	r7, #8
	bl	calcSunriseUTC
.Ltmp32:
	.loc	1 84 12                         @ ../Source/CCMS.c:84:12
	ldr	r2, __arm_cp.5_5
	stm	r2!, {r0, r1}
	.loc	1 85 12 is_stmt 1               @ ../Source/CCMS.c:85:12
	ldm	r7!, {r2, r3}
	ldr	r1, __arm_cp.5_2
	ldm	r1, {r0, r1}
	ldm	r6!, {r4, r5}
	str	r4, [sp]
	str	r5, [sp, #4]
	bl	calcSunsetUTC
.Ltmp33:
	mov	r4, r0
	mov	r5, r1
	.loc	1 85 11 is_stmt 0               @ ../Source/CCMS.c:85:11
	ldr	r0, __arm_cp.5_6
	str	r4, [r0]
	str	r1, [r0, #4]
	ldr	r2, __arm_cp.5_1
	.loc	1 86 25 is_stmt 1               @ ../Source/CCMS.c:86:25
	ldrb	r0, [r2, #5]
	movs	r1, #60
	.loc	1 86 30 is_stmt 0               @ ../Source/CCMS.c:86:30
	muls	r1, r0, r1
	.loc	1 86 55                         @ ../Source/CCMS.c:86:55
	ldrb	r0, [r2, #6]
	.loc	1 86 37                         @ ../Source/CCMS.c:86:37
	adds	r0, r1, r0
.Ltmp34:
	@DEBUG_VALUE: GetAstroSchedule:cT <- $r0
	.loc	1 87 7 is_stmt 1                @ ../Source/CCMS.c:87:7
	bl	__aeabi_i2d
.Ltmp35:
	mov	r6, r0
	mov	r7, r1
	ldr	r1, __arm_cp.5_5
	.loc	1 87 12 is_stmt 0               @ ../Source/CCMS.c:87:12
	ldm	r1, {r0, r1}
	.loc	1 87 10                         @ ../Source/CCMS.c:87:10
	mov	r2, r6
	mov	r3, r7
	bl	__aeabi_dcmpge
.Ltmp36:
	.loc	1 0 10                          @ ../Source/CCMS.c:0:10
	ldr	r2, __arm_cp.5_7
	.loc	1 87 23                         @ ../Source/CCMS.c:87:23
	cmp	r0, #0
	bne	.LBB5_4
@ %bb.2:
	mov	r0, r4
	mov	r1, r5
	mov	r4, r2
	mov	r2, r6
	mov	r3, r7
	bl	__aeabi_dcmple
.Ltmp37:
	.loc	1 0 23                          @ ../Source/CCMS.c:0:23
	mov	r2, r4
	.loc	1 87 23                         @ ../Source/CCMS.c:87:23
	cmp	r0, #0
	bne	.LBB5_4
@ %bb.3:
	.loc	1 0 23                          @ ../Source/CCMS.c:0:23
	movs	r0, #195
	lsls	r4, r0, #1
	ldr	r5, __arm_cp.5_0
.Ltmp38:
	.loc	1 89 4 is_stmt 1                @ ../Source/CCMS.c:89:4
	ldrb	r0, [r5, r4]
	movs	r1, #254
	ands	r1, r0
	strb	r1, [r5, r4]
	movs	r0, #0
	str	r0, [r2, #8]
	str	r0, [r2, #4]
	str	r0, [r2]
	str	r0, [r2, #12]
	.loc	1 90 4                          @ ../Source/CCMS.c:90:4
	bl	LatchOff
.Ltmp39:
	.loc	1 91 19                         @ ../Source/CCMS.c:91:19
	ldrb	r0, [r5, r4]
	movs	r1, #64
	bics	r0, r1
	b	.LBB5_5
.Ltmp40:
.LBB5_4:
	.loc	1 0 19 is_stmt 0                @ ../Source/CCMS.c:0:19
	movs	r0, #195
	lsls	r4, r0, #1
	ldr	r5, __arm_cp.5_0
.Ltmp41:
	.loc	1 95 4 is_stmt 1                @ ../Source/CCMS.c:95:4
	ldrb	r0, [r5, r4]
	movs	r1, #1
	orrs	r0, r1
	strb	r0, [r5, r4]
	str	r1, [r2, #8]
	str	r1, [r2, #4]
	str	r1, [r2]
	str	r1, [r2, #12]
	.loc	1 96 4                          @ ../Source/CCMS.c:96:4
	bl	LatchON
.Ltmp42:
	.loc	1 97 19                         @ ../Source/CCMS.c:97:19
	ldrb	r1, [r5, r4]
	movs	r0, #64
	orrs	r0, r1
.Ltmp43:
.LBB5_5:
	.loc	1 0 19 is_stmt 0                @ ../Source/CCMS.c:0:19
	movs	r1, #195
	lsls	r1, r1, #1
	strb	r0, [r5, r1]
.Ltmp44:
.LBB5_6:
	.loc	1 100 1 is_stmt 1               @ ../Source/CCMS.c:100:1
	add	sp, #12
	pop	{r4, r5, r6, r7, pc}
.Ltmp45:
	.p2align	2
@ %bb.7:
	.loc	1 0 1 is_stmt 0                 @ ../Source/CCMS.c:0:1
__arm_cp.5_0:
	.long	CCMS
.Lcpi_end14:
	.size	__arm_cp.5_0, .Lcpi_end14-__arm_cp.5_0
__arm_cp.5_1:
	.long	CurrentDateTime
.Lcpi_end15:
	.size	__arm_cp.5_1, .Lcpi_end15-__arm_cp.5_1
__arm_cp.5_2:
	.long	JD
.Lcpi_end16:
	.size	__arm_cp.5_2, .Lcpi_end16-__arm_cp.5_2
__arm_cp.5_3:
	.long	curLatitude
.Lcpi_end17:
	.size	__arm_cp.5_3, .Lcpi_end17-__arm_cp.5_3
__arm_cp.5_4:
	.long	curLongitude
.Lcpi_end18:
	.size	__arm_cp.5_4, .Lcpi_end18-__arm_cp.5_4
__arm_cp.5_5:
	.long	m_SunRise
.Lcpi_end19:
	.size	__arm_cp.5_5, .Lcpi_end19-__arm_cp.5_5
__arm_cp.5_6:
	.long	m_SunSet
.Lcpi_end20:
	.size	__arm_cp.5_6, .Lcpi_end20-__arm_cp.5_6
__arm_cp.5_7:
	.long	1073760392                      @ 0x40004888
.Lcpi_end21:
	.size	__arm_cp.5_7, .Lcpi_end21-__arm_cp.5_7
.Lfunc_end5:
	.size	GetAstroSchedule, .Lfunc_end5-GetAstroSchedule
	.cfi_endproc
	.cantunwind
	.fnend
                                        @ -- End function
	.section	.text.UpdateCCMSStatus,"ax",%progbits
	.hidden	UpdateCCMSStatus                @ -- Begin function UpdateCCMSStatus
	.globl	UpdateCCMSStatus
	.p2align	2
	.type	UpdateCCMSStatus,%function
	.code	16                              @ @UpdateCCMSStatus
	.thumb_func
UpdateCCMSStatus:
.Lfunc_begin6:
	.loc	1 103 0 is_stmt 1               @ ../Source/CCMS.c:103:0
	.fnstart
	.cfi_startproc
@ %bb.0:
	.save	{r7, lr}
	push	{r7, lr}
	.cfi_def_cfa_offset 8
	.cfi_offset lr, -4
	.cfi_offset r7, -8
	movs	r0, #62
.Ltmp46:
	.loc	1 105 16 prologue_end           @ ../Source/CCMS.c:105:16
	ldr	r1, __arm_cp.6_0
	ldrb	r3, [r1, r0]
	movs	r0, #195
	lsls	r0, r0, #1
.Ltmp47:
	.loc	1 104 17                        @ ../Source/CCMS.c:104:17
	ldr	r1, __arm_cp.6_1
	ldrb	r2, [r1, r0]
	.loc	1 105 5                         @ ../Source/CCMS.c:105:5
	cmp	r3, #0
	beq	.LBB6_2
@ %bb.1:
	.loc	1 0 5 is_stmt 0                 @ ../Source/CCMS.c:0:5
	movs	r3, #136
	orrs	r2, r3
	.loc	1 105 5                         @ ../Source/CCMS.c:105:5
	mov	r3, r2
	b	.LBB6_3
.LBB6_2:
	.loc	1 0 5                           @ ../Source/CCMS.c:0:5
	movs	r3, #128
	orrs	r2, r3
	movs	r3, #247
	ands	r3, r2
.LBB6_3:
.Ltmp48:
	strb	r3, [r1, r0]
.Ltmp49:
	.loc	1 110 2 is_stmt 1               @ ../Source/CCMS.c:110:2
	bl	GetScheduleStat
.Ltmp50:
	.loc	1 111 2                         @ ../Source/CCMS.c:111:2
	bl	GetAstroSchedule
.Ltmp51:
	.loc	1 114 1                         @ ../Source/CCMS.c:114:1
	pop	{r7, pc}
.Ltmp52:
	.p2align	2
@ %bb.4:
	.loc	1 0 1 is_stmt 0                 @ ../Source/CCMS.c:0:1
__arm_cp.6_0:
	.long	MeterParam
.Lcpi_end22:
	.size	__arm_cp.6_0, .Lcpi_end22-__arm_cp.6_0
__arm_cp.6_1:
	.long	CCMS
.Lcpi_end23:
	.size	__arm_cp.6_1, .Lcpi_end23-__arm_cp.6_1
.Lfunc_end6:
	.size	UpdateCCMSStatus, .Lfunc_end6-UpdateCCMSStatus
	.cfi_endproc
	.cantunwind
	.fnend
                                        @ -- End function
	.section	.text.ProcessCCMS,"ax",%progbits
	.hidden	ProcessCCMS                     @ -- Begin function ProcessCCMS
	.globl	ProcessCCMS
	.p2align	1
	.type	ProcessCCMS,%function
	.code	16                              @ @ProcessCCMS
	.thumb_func
ProcessCCMS:
.Lfunc_begin7:
	.loc	1 117 0 is_stmt 1               @ ../Source/CCMS.c:117:0
	.fnstart
	.cfi_startproc
@ %bb.0:
	.save	{r7, lr}
	push	{r7, lr}
	.cfi_def_cfa_offset 8
	.cfi_offset lr, -4
	.cfi_offset r7, -8
.Ltmp53:
	.loc	1 118 2 prologue_end            @ ../Source/CCMS.c:118:2
	bl	UpdateCCMSStatus
.Ltmp54:
	.loc	1 120 1                         @ ../Source/CCMS.c:120:1
	pop	{r7, pc}
.Ltmp55:
.Lfunc_end7:
	.size	ProcessCCMS, .Lfunc_end7-ProcessCCMS
	.cfi_endproc
	.cantunwind
	.fnend
                                        @ -- End function
	.hidden	JD                              @ @JD
	.type	JD,%object
	.section	.bss.JD,"aw",%nobits
	.globl	JD
	.p2align	3
JD:
	.long	0                               @ double 0
	.long	0
	.size	JD, 8

	.hidden	m_SunRise                       @ @m_SunRise
	.type	m_SunRise,%object
	.section	.bss.m_SunRise,"aw",%nobits
	.globl	m_SunRise
	.p2align	3
m_SunRise:
	.long	0                               @ double 0
	.long	0
	.size	m_SunRise, 8

	.hidden	m_SunSet                        @ @m_SunSet
	.type	m_SunSet,%object
	.section	.bss.m_SunSet,"aw",%nobits
	.globl	m_SunSet
	.p2align	3
m_SunSet:
	.long	0                               @ double 0
	.long	0
	.size	m_SunSet, 8

	.section	.debug_loc,"",%progbits
.Ldebug_loc0:
	.long	-1
	.long	.Lfunc_begin2                   @   base address
	.long	.Ltmp9-.Lfunc_begin2
	.long	.Ltmp16-.Lfunc_begin2
	.short	1                               @ Loc expr size
	.byte	83                              @ DW_OP_reg3
	.long	.Ltmp18-.Lfunc_begin2
	.long	.Ltmp20-.Lfunc_begin2
	.short	1                               @ Loc expr size
	.byte	83                              @ DW_OP_reg3
	.long	0
	.long	0
.Ldebug_loc1:
	.long	-1
	.long	.Lfunc_begin5                   @   base address
	.long	.Ltmp34-.Lfunc_begin5
	.long	.Ltmp35-.Lfunc_begin5
	.short	1                               @ Loc expr size
	.byte	80                              @ DW_OP_reg0
	.long	0
	.long	0
	.section	.debug_abbrev,"",%progbits
	.byte	1                               @ Abbreviation Code
	.byte	17                              @ DW_TAG_compile_unit
	.byte	1                               @ DW_CHILDREN_yes
	.byte	37                              @ DW_AT_producer
	.byte	14                              @ DW_FORM_strp
	.byte	19                              @ DW_AT_language
	.byte	5                               @ DW_FORM_data2
	.byte	3                               @ DW_AT_name
	.byte	14                              @ DW_FORM_strp
	.byte	16                              @ DW_AT_stmt_list
	.byte	23                              @ DW_FORM_sec_offset
	.byte	27                              @ DW_AT_comp_dir
	.byte	14                              @ DW_FORM_strp
	.byte	17                              @ DW_AT_low_pc
	.byte	1                               @ DW_FORM_addr
	.byte	85                              @ DW_AT_ranges
	.byte	23                              @ DW_FORM_sec_offset
	.byte	0                               @ EOM(1)
	.byte	0                               @ EOM(2)
	.byte	2                               @ Abbreviation Code
	.byte	52                              @ DW_TAG_variable
	.byte	0                               @ DW_CHILDREN_no
	.byte	3                               @ DW_AT_name
	.byte	14                              @ DW_FORM_strp
	.byte	73                              @ DW_AT_type
	.byte	19                              @ DW_FORM_ref4
	.byte	63                              @ DW_AT_external
	.byte	25                              @ DW_FORM_flag_present
	.byte	58                              @ DW_AT_decl_file
	.byte	11                              @ DW_FORM_data1
	.byte	59                              @ DW_AT_decl_line
	.byte	11                              @ DW_FORM_data1
	.byte	2                               @ DW_AT_location
	.byte	24                              @ DW_FORM_exprloc
	.byte	0                               @ EOM(1)
	.byte	0                               @ EOM(2)
	.byte	3                               @ Abbreviation Code
	.byte	36                              @ DW_TAG_base_type
	.byte	0                               @ DW_CHILDREN_no
	.byte	3                               @ DW_AT_name
	.byte	14                              @ DW_FORM_strp
	.byte	62                              @ DW_AT_encoding
	.byte	11                              @ DW_FORM_data1
	.byte	11                              @ DW_AT_byte_size
	.byte	11                              @ DW_FORM_data1
	.byte	0                               @ EOM(1)
	.byte	0                               @ EOM(2)
	.byte	4                               @ Abbreviation Code
	.byte	15                              @ DW_TAG_pointer_type
	.byte	0                               @ DW_CHILDREN_no
	.byte	73                              @ DW_AT_type
	.byte	19                              @ DW_FORM_ref4
	.byte	0                               @ EOM(1)
	.byte	0                               @ EOM(2)
	.byte	5                               @ Abbreviation Code
	.byte	53                              @ DW_TAG_volatile_type
	.byte	0                               @ DW_CHILDREN_no
	.byte	73                              @ DW_AT_type
	.byte	19                              @ DW_FORM_ref4
	.byte	0                               @ EOM(1)
	.byte	0                               @ EOM(2)
	.byte	6                               @ Abbreviation Code
	.byte	22                              @ DW_TAG_typedef
	.byte	0                               @ DW_CHILDREN_no
	.byte	73                              @ DW_AT_type
	.byte	19                              @ DW_FORM_ref4
	.byte	3                               @ DW_AT_name
	.byte	14                              @ DW_FORM_strp
	.byte	58                              @ DW_AT_decl_file
	.byte	11                              @ DW_FORM_data1
	.byte	59                              @ DW_AT_decl_line
	.byte	11                              @ DW_FORM_data1
	.byte	0                               @ EOM(1)
	.byte	0                               @ EOM(2)
	.byte	7                               @ Abbreviation Code
	.byte	46                              @ DW_TAG_subprogram
	.byte	1                               @ DW_CHILDREN_yes
	.byte	17                              @ DW_AT_low_pc
	.byte	1                               @ DW_FORM_addr
	.byte	18                              @ DW_AT_high_pc
	.byte	6                               @ DW_FORM_data4
	.byte	64                              @ DW_AT_frame_base
	.byte	24                              @ DW_FORM_exprloc
	.ascii	"\227B"                         @ DW_AT_GNU_all_call_sites
	.byte	25                              @ DW_FORM_flag_present
	.byte	3                               @ DW_AT_name
	.byte	14                              @ DW_FORM_strp
	.byte	58                              @ DW_AT_decl_file
	.byte	11                              @ DW_FORM_data1
	.byte	59                              @ DW_AT_decl_line
	.byte	11                              @ DW_FORM_data1
	.byte	39                              @ DW_AT_prototyped
	.byte	25                              @ DW_FORM_flag_present
	.byte	63                              @ DW_AT_external
	.byte	25                              @ DW_FORM_flag_present
	.byte	0                               @ EOM(1)
	.byte	0                               @ EOM(2)
	.byte	8                               @ Abbreviation Code
	.byte	5                               @ DW_TAG_formal_parameter
	.byte	0                               @ DW_CHILDREN_no
	.byte	2                               @ DW_AT_location
	.byte	24                              @ DW_FORM_exprloc
	.byte	3                               @ DW_AT_name
	.byte	14                              @ DW_FORM_strp
	.byte	58                              @ DW_AT_decl_file
	.byte	11                              @ DW_FORM_data1
	.byte	59                              @ DW_AT_decl_line
	.byte	11                              @ DW_FORM_data1
	.byte	73                              @ DW_AT_type
	.byte	19                              @ DW_FORM_ref4
	.byte	0                               @ EOM(1)
	.byte	0                               @ EOM(2)
	.byte	9                               @ Abbreviation Code
	.byte	46                              @ DW_TAG_subprogram
	.byte	0                               @ DW_CHILDREN_no
	.byte	17                              @ DW_AT_low_pc
	.byte	1                               @ DW_FORM_addr
	.byte	18                              @ DW_AT_high_pc
	.byte	6                               @ DW_FORM_data4
	.byte	64                              @ DW_AT_frame_base
	.byte	24                              @ DW_FORM_exprloc
	.ascii	"\227B"                         @ DW_AT_GNU_all_call_sites
	.byte	25                              @ DW_FORM_flag_present
	.byte	3                               @ DW_AT_name
	.byte	14                              @ DW_FORM_strp
	.byte	58                              @ DW_AT_decl_file
	.byte	11                              @ DW_FORM_data1
	.byte	59                              @ DW_AT_decl_line
	.byte	11                              @ DW_FORM_data1
	.byte	39                              @ DW_AT_prototyped
	.byte	25                              @ DW_FORM_flag_present
	.byte	63                              @ DW_AT_external
	.byte	25                              @ DW_FORM_flag_present
	.byte	0                               @ EOM(1)
	.byte	0                               @ EOM(2)
	.byte	10                              @ Abbreviation Code
	.byte	52                              @ DW_TAG_variable
	.byte	0                               @ DW_CHILDREN_no
	.byte	3                               @ DW_AT_name
	.byte	14                              @ DW_FORM_strp
	.byte	58                              @ DW_AT_decl_file
	.byte	11                              @ DW_FORM_data1
	.byte	59                              @ DW_AT_decl_line
	.byte	11                              @ DW_FORM_data1
	.byte	73                              @ DW_AT_type
	.byte	19                              @ DW_FORM_ref4
	.byte	0                               @ EOM(1)
	.byte	0                               @ EOM(2)
	.byte	11                              @ Abbreviation Code
	.byte	52                              @ DW_TAG_variable
	.byte	0                               @ DW_CHILDREN_no
	.byte	2                               @ DW_AT_location
	.byte	23                              @ DW_FORM_sec_offset
	.byte	3                               @ DW_AT_name
	.byte	14                              @ DW_FORM_strp
	.byte	58                              @ DW_AT_decl_file
	.byte	11                              @ DW_FORM_data1
	.byte	59                              @ DW_AT_decl_line
	.byte	11                              @ DW_FORM_data1
	.byte	73                              @ DW_AT_type
	.byte	19                              @ DW_FORM_ref4
	.byte	0                               @ EOM(1)
	.byte	0                               @ EOM(2)
	.byte	0                               @ EOM(3)
	.section	.debug_info,"",%progbits
.Lcu_begin0:
	.long	.Ldebug_info_end0-.Ldebug_info_start0 @ Length of Unit
.Ldebug_info_start0:
	.short	4                               @ DWARF version number
	.long	.debug_abbrev                   @ Offset Into Abbrev. Section
	.byte	4                               @ Address Size (in bytes)
	.byte	1                               @ Abbrev [1] 0xb:0x15d DW_TAG_compile_unit
	.long	.Linfo_string0                  @ DW_AT_producer
	.short	12                              @ DW_AT_language
	.long	.Linfo_string1                  @ DW_AT_name
	.long	.Lline_table_start0             @ DW_AT_stmt_list
	.long	.Linfo_string2                  @ DW_AT_comp_dir
	.long	0                               @ DW_AT_low_pc
	.long	.Ldebug_ranges0                 @ DW_AT_ranges
	.byte	2                               @ Abbrev [2] 0x26:0x11 DW_TAG_variable
	.long	.Linfo_string3                  @ DW_AT_name
	.long	55                              @ DW_AT_type
                                        @ DW_AT_external
	.byte	1                               @ DW_AT_decl_file
	.byte	9                               @ DW_AT_decl_line
	.byte	5                               @ DW_AT_location
	.byte	3
	.long	m_SunSet
	.byte	3                               @ Abbrev [3] 0x37:0x7 DW_TAG_base_type
	.long	.Linfo_string4                  @ DW_AT_name
	.byte	4                               @ DW_AT_encoding
	.byte	8                               @ DW_AT_byte_size
	.byte	2                               @ Abbrev [2] 0x3e:0x11 DW_TAG_variable
	.long	.Linfo_string5                  @ DW_AT_name
	.long	55                              @ DW_AT_type
                                        @ DW_AT_external
	.byte	1                               @ DW_AT_decl_file
	.byte	9                               @ DW_AT_decl_line
	.byte	5                               @ DW_AT_location
	.byte	3
	.long	m_SunRise
	.byte	2                               @ Abbrev [2] 0x4f:0x11 DW_TAG_variable
	.long	.Linfo_string6                  @ DW_AT_name
	.long	55                              @ DW_AT_type
                                        @ DW_AT_external
	.byte	1                               @ DW_AT_decl_file
	.byte	10                              @ DW_AT_decl_line
	.byte	5                               @ DW_AT_location
	.byte	3
	.long	JD
	.byte	4                               @ Abbrev [4] 0x60:0x5 DW_TAG_pointer_type
	.long	101                             @ DW_AT_type
	.byte	5                               @ Abbrev [5] 0x65:0x5 DW_TAG_volatile_type
	.long	106                             @ DW_AT_type
	.byte	6                               @ Abbrev [6] 0x6a:0xb DW_TAG_typedef
	.long	117                             @ DW_AT_type
	.long	.Linfo_string8                  @ DW_AT_name
	.byte	2                               @ DW_AT_decl_file
	.byte	64                              @ DW_AT_decl_line
	.byte	3                               @ Abbrev [3] 0x75:0x7 DW_TAG_base_type
	.long	.Linfo_string7                  @ DW_AT_name
	.byte	7                               @ DW_AT_encoding
	.byte	4                               @ DW_AT_byte_size
	.byte	7                               @ Abbrev [7] 0x7c:0x2c DW_TAG_subprogram
	.long	.Lfunc_begin0                   @ DW_AT_low_pc
	.long	.Lfunc_end0-.Lfunc_begin0       @ DW_AT_high_pc
	.byte	1                               @ DW_AT_frame_base
	.byte	93
                                        @ DW_AT_GNU_all_call_sites
	.long	.Linfo_string9                  @ DW_AT_name
	.byte	1                               @ DW_AT_decl_file
	.byte	14                              @ DW_AT_decl_line
                                        @ DW_AT_prototyped
                                        @ DW_AT_external
	.byte	8                               @ Abbrev [8] 0x8d:0xd DW_TAG_formal_parameter
	.byte	1                               @ DW_AT_location
	.byte	80
	.long	.Linfo_string17                 @ DW_AT_name
	.byte	1                               @ DW_AT_decl_file
	.byte	14                              @ DW_AT_decl_line
	.long	341                             @ DW_AT_type
	.byte	8                               @ Abbrev [8] 0x9a:0xd DW_TAG_formal_parameter
	.byte	1                               @ DW_AT_location
	.byte	81
	.long	.Linfo_string20                 @ DW_AT_name
	.byte	1                               @ DW_AT_decl_file
	.byte	14                              @ DW_AT_decl_line
	.long	341                             @ DW_AT_type
	.byte	0                               @ End Of Children Mark
	.byte	9                               @ Abbrev [9] 0xa8:0x11 DW_TAG_subprogram
	.long	.Lfunc_begin1                   @ DW_AT_low_pc
	.long	.Lfunc_end1-.Lfunc_begin1       @ DW_AT_high_pc
	.byte	1                               @ DW_AT_frame_base
	.byte	93
                                        @ DW_AT_GNU_all_call_sites
	.long	.Linfo_string10                 @ DW_AT_name
	.byte	1                               @ DW_AT_decl_file
	.byte	20                              @ DW_AT_decl_line
                                        @ DW_AT_prototyped
                                        @ DW_AT_external
	.byte	7                               @ Abbrev [7] 0xb9:0x37 DW_TAG_subprogram
	.long	.Lfunc_begin2                   @ DW_AT_low_pc
	.long	.Lfunc_end2-.Lfunc_begin2       @ DW_AT_high_pc
	.byte	1                               @ DW_AT_frame_base
	.byte	93
                                        @ DW_AT_GNU_all_call_sites
	.long	.Linfo_string11                 @ DW_AT_name
	.byte	1                               @ DW_AT_decl_file
	.byte	47                              @ DW_AT_decl_line
                                        @ DW_AT_prototyped
                                        @ DW_AT_external
	.byte	10                              @ Abbrev [10] 0xca:0xb DW_TAG_variable
	.long	.Linfo_string21                 @ DW_AT_name
	.byte	1                               @ DW_AT_decl_file
	.byte	49                              @ DW_AT_decl_line
	.long	341                             @ DW_AT_type
	.byte	10                              @ Abbrev [10] 0xd5:0xb DW_TAG_variable
	.long	.Linfo_string22                 @ DW_AT_name
	.byte	1                               @ DW_AT_decl_file
	.byte	49                              @ DW_AT_decl_line
	.long	341                             @ DW_AT_type
	.byte	11                              @ Abbrev [11] 0xe0:0xf DW_TAG_variable
	.long	.Ldebug_loc0                    @ DW_AT_location
	.long	.Linfo_string23                 @ DW_AT_name
	.byte	1                               @ DW_AT_decl_file
	.byte	50                              @ DW_AT_decl_line
	.long	341                             @ DW_AT_type
	.byte	0                               @ End Of Children Mark
	.byte	9                               @ Abbrev [9] 0xf0:0x11 DW_TAG_subprogram
	.long	.Lfunc_begin3                   @ DW_AT_low_pc
	.long	.Lfunc_end3-.Lfunc_begin3       @ DW_AT_high_pc
	.byte	1                               @ DW_AT_frame_base
	.byte	93
                                        @ DW_AT_GNU_all_call_sites
	.long	.Linfo_string12                 @ DW_AT_name
	.byte	1                               @ DW_AT_decl_file
	.byte	27                              @ DW_AT_decl_line
                                        @ DW_AT_prototyped
                                        @ DW_AT_external
	.byte	9                               @ Abbrev [9] 0x101:0x11 DW_TAG_subprogram
	.long	.Lfunc_begin4                   @ DW_AT_low_pc
	.long	.Lfunc_end4-.Lfunc_begin4       @ DW_AT_high_pc
	.byte	1                               @ DW_AT_frame_base
	.byte	93
                                        @ DW_AT_GNU_all_call_sites
	.long	.Linfo_string13                 @ DW_AT_name
	.byte	1                               @ DW_AT_decl_file
	.byte	37                              @ DW_AT_decl_line
                                        @ DW_AT_prototyped
                                        @ DW_AT_external
	.byte	7                               @ Abbrev [7] 0x112:0x21 DW_TAG_subprogram
	.long	.Lfunc_begin5                   @ DW_AT_low_pc
	.long	.Lfunc_end5-.Lfunc_begin5       @ DW_AT_high_pc
	.byte	1                               @ DW_AT_frame_base
	.byte	93
                                        @ DW_AT_GNU_all_call_sites
	.long	.Linfo_string14                 @ DW_AT_name
	.byte	1                               @ DW_AT_decl_file
	.byte	78                              @ DW_AT_decl_line
                                        @ DW_AT_prototyped
                                        @ DW_AT_external
	.byte	11                              @ Abbrev [11] 0x123:0xf DW_TAG_variable
	.long	.Ldebug_loc1                    @ DW_AT_location
	.long	.Linfo_string23                 @ DW_AT_name
	.byte	1                               @ DW_AT_decl_file
	.byte	80                              @ DW_AT_decl_line
	.long	341                             @ DW_AT_type
	.byte	0                               @ End Of Children Mark
	.byte	9                               @ Abbrev [9] 0x133:0x11 DW_TAG_subprogram
	.long	.Lfunc_begin6                   @ DW_AT_low_pc
	.long	.Lfunc_end6-.Lfunc_begin6       @ DW_AT_high_pc
	.byte	1                               @ DW_AT_frame_base
	.byte	93
                                        @ DW_AT_GNU_all_call_sites
	.long	.Linfo_string15                 @ DW_AT_name
	.byte	1                               @ DW_AT_decl_file
	.byte	102                             @ DW_AT_decl_line
                                        @ DW_AT_prototyped
                                        @ DW_AT_external
	.byte	9                               @ Abbrev [9] 0x144:0x11 DW_TAG_subprogram
	.long	.Lfunc_begin7                   @ DW_AT_low_pc
	.long	.Lfunc_end7-.Lfunc_begin7       @ DW_AT_high_pc
	.byte	1                               @ DW_AT_frame_base
	.byte	93
                                        @ DW_AT_GNU_all_call_sites
	.long	.Linfo_string16                 @ DW_AT_name
	.byte	1                               @ DW_AT_decl_file
	.byte	116                             @ DW_AT_decl_line
                                        @ DW_AT_prototyped
                                        @ DW_AT_external
	.byte	6                               @ Abbrev [6] 0x155:0xb DW_TAG_typedef
	.long	352                             @ DW_AT_type
	.long	.Linfo_string19                 @ DW_AT_name
	.byte	2                               @ DW_AT_decl_file
	.byte	63                              @ DW_AT_decl_line
	.byte	3                               @ Abbrev [3] 0x160:0x7 DW_TAG_base_type
	.long	.Linfo_string18                 @ DW_AT_name
	.byte	7                               @ DW_AT_encoding
	.byte	2                               @ DW_AT_byte_size
	.byte	0                               @ End Of Children Mark
.Ldebug_info_end0:
	.section	.debug_ranges,"",%progbits
.Ldebug_ranges0:
	.long	.Lfunc_begin0
	.long	.Lfunc_end0
	.long	.Lfunc_begin1
	.long	.Lfunc_end1
	.long	.Lfunc_begin2
	.long	.Lfunc_end2
	.long	.Lfunc_begin3
	.long	.Lfunc_end3
	.long	.Lfunc_begin4
	.long	.Lfunc_end4
	.long	.Lfunc_begin5
	.long	.Lfunc_end5
	.long	.Lfunc_begin6
	.long	.Lfunc_end6
	.long	.Lfunc_begin7
	.long	.Lfunc_end7
	.long	0
	.long	0
	.section	.debug_str,"MS",%progbits,1
.Linfo_string0:
	.asciz	"Component: ARM Compiler 6.16 Tool: armclang [5dfeb700]" @ string offset=0
.Linfo_string1:
	.asciz	"../Source\\CCMS.c"             @ string offset=55
.Linfo_string2:
	.asciz	"G:\\My Drive\\Projects\\CCMSFlorida\\Application\\KEIL" @ string offset=72
.Linfo_string3:
	.asciz	"m_SunSet"                      @ string offset=122
.Linfo_string4:
	.asciz	"double"                        @ string offset=131
.Linfo_string5:
	.asciz	"m_SunRise"                     @ string offset=138
.Linfo_string6:
	.asciz	"JD"                            @ string offset=148
.Linfo_string7:
	.asciz	"unsigned int"                  @ string offset=151
.Linfo_string8:
	.asciz	"uint32_t"                      @ string offset=164
.Linfo_string9:
	.asciz	"LED0_Set"                      @ string offset=173
.Linfo_string10:
	.asciz	"CCMSInit"                      @ string offset=182
.Linfo_string11:
	.asciz	"GetScheduleStat"               @ string offset=191
.Linfo_string12:
	.asciz	"LatchON"                       @ string offset=207
.Linfo_string13:
	.asciz	"LatchOff"                      @ string offset=215
.Linfo_string14:
	.asciz	"GetAstroSchedule"              @ string offset=224
.Linfo_string15:
	.asciz	"UpdateCCMSStatus"              @ string offset=241
.Linfo_string16:
	.asciz	"ProcessCCMS"                   @ string offset=258
.Linfo_string17:
	.asciz	"TotalTime"                     @ string offset=270
.Linfo_string18:
	.asciz	"unsigned short"                @ string offset=280
.Linfo_string19:
	.asciz	"uint16_t"                      @ string offset=295
.Linfo_string20:
	.asciz	"OnTime"                        @ string offset=304
.Linfo_string21:
	.asciz	"tE"                            @ string offset=311
.Linfo_string22:
	.asciz	"tM"                            @ string offset=314
.Linfo_string23:
	.asciz	"cT"                            @ string offset=317
	.ident	"Component: ARM Compiler 6.16 Tool: armclang [5dfeb700]"
	.section	".note.GNU-stack","",%progbits
	.eabi_attribute	30, 1	@ Tag_ABI_optimization_goals
	.ARM_attribute	16, 1	@ Tag_AV_eba
	.section	.debug_line,"",%progbits
.Lline_table_start0:
