	.text
	.syntax unified
	.eabi_attribute	67, "2.09"	@ Tag_conformance
	.cpu	cortex-m0
	.eabi_attribute	6, 12	@ Tag_CPU_arch
	.eabi_attribute	7, 77	@ Tag_CPU_arch_profile
	.eabi_attribute	8, 0	@ Tag_ARM_ISA_use
	.eabi_attribute	9, 1	@ Tag_THUMB_ISA_use
	.eabi_attribute	34, 0	@ Tag_CPU_unaligned_access
	.eabi_attribute	17, 1	@ Tag_ABI_PCS_GOT_use
	.eabi_attribute	20, 2	@ Tag_ABI_FP_denormal
	.eabi_attribute	21, 0	@ Tag_ABI_FP_exceptions
	.eabi_attribute	23, 1	@ Tag_ABI_FP_number_model
	.eabi_attribute	24, 1	@ Tag_ABI_align_needed
	.eabi_attribute	25, 1	@ Tag_ABI_align_preserved
	.eabi_attribute	38, 1	@ Tag_ABI_FP_16bit_format
	.eabi_attribute	18, 2	@ Tag_ABI_PCS_wchar_t
	.eabi_attribute	26, 1	@ Tag_ABI_enum_size
	.eabi_attribute	14, 0	@ Tag_ABI_PCS_R9_use
	.file	"retarget.c"
	.file	1 "C:\\Keil_v5\\ARM\\ARMCLANG\\Bin\\..\\include" "stdio.h"
	.file	2 "D:\\Projects\\CCMSFloridaPhpr\\Application\\KEIL" "../../Library/StdDriver/src/retarget.c"
	.file	3 "C:\\Keil_v5\\ARM\\ARMCLANG\\Bin\\..\\include" "stdint.h"
	.file	4 "D:\\Projects\\CCMSFloridaPhpr\\Application\\KEIL" "../../Library/Device/Nuvoton/M031/Include/uart_reg.h"
	.file	5 "D:\\Projects\\CCMSFloridaPhpr\\Application\\KEIL" "../../Library/CMSIS/Include\\core_cm0.h"
	.section	.text.Hard_Fault_Handler,"ax",%progbits
	.hidden	Hard_Fault_Handler              @ -- Begin function Hard_Fault_Handler
	.globl	Hard_Fault_Handler
	.p2align	2
	.type	Hard_Fault_Handler,%function
	.code	16                              @ @Hard_Fault_Handler
	.thumb_func
Hard_Fault_Handler:
.Lfunc_begin0:
	.loc	2 78 0                          @ ../../Library/StdDriver/src/retarget.c:78:0
	.fnstart
	.cfi_sections .debug_frame
	.cfi_startproc
@ %bb.0:
	.save	{r7, lr}
	push	{r7, lr}
	.cfi_def_cfa_offset 8
	.cfi_offset lr, -4
	.cfi_offset r7, -8
	.pad	#8
	sub	sp, #8
	.cfi_def_cfa_offset 16
	str	r0, [sp, #4]
.Ltmp0:
	.loc	2 79 5 prologue_end             @ ../../Library/StdDriver/src/retarget.c:79:5
	ldr	r0, __arm_cp.0_0
	bl	printf
	.loc	2 81 15                         @ ../../Library/StdDriver/src/retarget.c:81:15
	ldr	r0, [sp, #4]
	.loc	2 81 5 is_stmt 0                @ ../../Library/StdDriver/src/retarget.c:81:5
	bl	stackDump
	.loc	2 83 5 is_stmt 1                @ ../../Library/StdDriver/src/retarget.c:83:5
	b	.LBB0_1
.LBB0_1:                                @ =>This Inner Loop Header: Depth=1
	b	.LBB0_1
.Ltmp1:
	.p2align	2
@ %bb.2:
	.loc	2 0 5 is_stmt 0                 @ ../../Library/StdDriver/src/retarget.c:0:5
__arm_cp.0_0:
	.long	.L.str
.Lcpi_end0:
	.size	__arm_cp.0_0, .Lcpi_end0-__arm_cp.0_0
.Lfunc_end0:
	.size	Hard_Fault_Handler, .Lfunc_end0-Hard_Fault_Handler
	.cfi_endproc
	.cantunwind
	.fnend
                                        @ -- End function
	.section	.text.stackDump,"ax",%progbits
	.p2align	2                               @ -- Begin function stackDump
	.type	stackDump,%function
	.code	16                              @ @stackDump
	.thumb_func
stackDump:
.Lfunc_begin1:
	.loc	2 60 0 is_stmt 1                @ ../../Library/StdDriver/src/retarget.c:60:0
	.fnstart
	.cfi_startproc
@ %bb.0:
	.save	{r7, lr}
	push	{r7, lr}
	.cfi_def_cfa_offset 8
	.cfi_offset lr, -4
	.cfi_offset r7, -8
	.pad	#8
	sub	sp, #8
	.cfi_def_cfa_offset 16
	str	r0, [sp, #4]
.Ltmp2:
	.loc	2 61 28 prologue_end            @ ../../Library/StdDriver/src/retarget.c:61:28
	ldr	r0, [sp, #4]
	ldr	r1, [r0]
	.loc	2 61 5 is_stmt 0                @ ../../Library/StdDriver/src/retarget.c:61:5
	ldr	r0, __arm_cp.1_0
	bl	printf
	.loc	2 62 28 is_stmt 1               @ ../../Library/StdDriver/src/retarget.c:62:28
	ldr	r0, [sp, #4]
	ldr	r1, [r0, #4]
	.loc	2 62 5 is_stmt 0                @ ../../Library/StdDriver/src/retarget.c:62:5
	ldr	r0, __arm_cp.1_1
	bl	printf
	.loc	2 63 28 is_stmt 1               @ ../../Library/StdDriver/src/retarget.c:63:28
	ldr	r0, [sp, #4]
	ldr	r1, [r0, #8]
	.loc	2 63 5 is_stmt 0                @ ../../Library/StdDriver/src/retarget.c:63:5
	ldr	r0, __arm_cp.1_2
	bl	printf
	.loc	2 64 28 is_stmt 1               @ ../../Library/StdDriver/src/retarget.c:64:28
	ldr	r0, [sp, #4]
	ldr	r1, [r0, #12]
	.loc	2 64 5 is_stmt 0                @ ../../Library/StdDriver/src/retarget.c:64:5
	ldr	r0, __arm_cp.1_3
	bl	printf
	.loc	2 65 28 is_stmt 1               @ ../../Library/StdDriver/src/retarget.c:65:28
	ldr	r0, [sp, #4]
	ldr	r1, [r0, #16]
	.loc	2 65 5 is_stmt 0                @ ../../Library/StdDriver/src/retarget.c:65:5
	ldr	r0, __arm_cp.1_4
	bl	printf
	.loc	2 66 28 is_stmt 1               @ ../../Library/StdDriver/src/retarget.c:66:28
	ldr	r0, [sp, #4]
	ldr	r1, [r0, #20]
	.loc	2 66 5 is_stmt 0                @ ../../Library/StdDriver/src/retarget.c:66:5
	ldr	r0, __arm_cp.1_5
	bl	printf
	.loc	2 67 28 is_stmt 1               @ ../../Library/StdDriver/src/retarget.c:67:28
	ldr	r0, [sp, #4]
	ldr	r1, [r0, #24]
	.loc	2 67 5 is_stmt 0                @ ../../Library/StdDriver/src/retarget.c:67:5
	ldr	r0, __arm_cp.1_6
	bl	printf
	.loc	2 68 28 is_stmt 1               @ ../../Library/StdDriver/src/retarget.c:68:28
	ldr	r0, [sp, #4]
	ldr	r1, [r0, #28]
	.loc	2 68 5 is_stmt 0                @ ../../Library/StdDriver/src/retarget.c:68:5
	ldr	r0, __arm_cp.1_7
	bl	printf
	.loc	2 69 1 is_stmt 1                @ ../../Library/StdDriver/src/retarget.c:69:1
	add	sp, #8
	pop	{r7, pc}
.Ltmp3:
	.p2align	2
@ %bb.1:
	.loc	2 0 1 is_stmt 0                 @ ../../Library/StdDriver/src/retarget.c:0:1
__arm_cp.1_0:
	.long	.L.str.1
.Lcpi_end1:
	.size	__arm_cp.1_0, .Lcpi_end1-__arm_cp.1_0
__arm_cp.1_1:
	.long	.L.str.2
.Lcpi_end2:
	.size	__arm_cp.1_1, .Lcpi_end2-__arm_cp.1_1
__arm_cp.1_2:
	.long	.L.str.3
.Lcpi_end3:
	.size	__arm_cp.1_2, .Lcpi_end3-__arm_cp.1_2
__arm_cp.1_3:
	.long	.L.str.4
.Lcpi_end4:
	.size	__arm_cp.1_3, .Lcpi_end4-__arm_cp.1_3
__arm_cp.1_4:
	.long	.L.str.5
.Lcpi_end5:
	.size	__arm_cp.1_4, .Lcpi_end5-__arm_cp.1_4
__arm_cp.1_5:
	.long	.L.str.6
.Lcpi_end6:
	.size	__arm_cp.1_5, .Lcpi_end6-__arm_cp.1_5
__arm_cp.1_6:
	.long	.L.str.7
.Lcpi_end7:
	.size	__arm_cp.1_6, .Lcpi_end7-__arm_cp.1_6
__arm_cp.1_7:
	.long	.L.str.8
.Lcpi_end8:
	.size	__arm_cp.1_7, .Lcpi_end8-__arm_cp.1_7
.Lfunc_end1:
	.size	stackDump, .Lfunc_end1-stackDump
	.cfi_endproc
	.cantunwind
	.fnend
                                        @ -- End function
	.section	.text.HardFault_Handler,"ax",%progbits
	.hidden	HardFault_Handler               @ -- Begin function HardFault_Handler
	.globl	HardFault_Handler
	.p2align	1
	.type	HardFault_Handler,%function
	.code	16                              @ @HardFault_Handler
	.thumb_func
HardFault_Handler:
.Lfunc_begin2:
	.loc	2 344 0 is_stmt 1               @ ../../Library/StdDriver/src/retarget.c:344:0
	.fnstart
	.cfi_startproc
@ %bb.0:
	.save	{r7, lr}
	push	{r7, lr}
	.cfi_def_cfa_offset 8
	.cfi_offset lr, -4
	.cfi_offset r7, -8
.Ltmp4:
	.loc	2 358 3 prologue_end            @ ../../Library/StdDriver/src/retarget.c:358:3
	bl	NVIC_SystemReset
	.loc	2 359 1                         @ ../../Library/StdDriver/src/retarget.c:359:1
	pop	{r7, pc}
.Ltmp5:
.Lfunc_end2:
	.size	HardFault_Handler, .Lfunc_end2-HardFault_Handler
	.cfi_endproc
	.cantunwind
	.fnend
                                        @ -- End function
	.section	.text.NVIC_SystemReset,"ax",%progbits
	.p2align	2                               @ -- Begin function NVIC_SystemReset
	.type	NVIC_SystemReset,%function
	.code	16                              @ @NVIC_SystemReset
	.thumb_func
NVIC_SystemReset:
.Lfunc_begin3:
	.loc	5 731 0                         @ ../../Library/CMSIS/Include\core_cm0.h:731:0
	.fnstart
	.cfi_startproc
@ %bb.0:
	.loc	5 732 3 prologue_end            @ ../../Library/CMSIS/Include\core_cm0.h:732:3
	dsb	sy
	ldr	r1, __arm_cp.3_0
	ldr	r0, __arm_cp.3_1
	.loc	5 734 15                        @ ../../Library/CMSIS/Include\core_cm0.h:734:15
	str	r0, [r1]
	.loc	5 736 3                         @ ../../Library/CMSIS/Include\core_cm0.h:736:3
	dsb	sy
	.loc	5 738 3                         @ ../../Library/CMSIS/Include\core_cm0.h:738:3
	b	.LBB3_1
.LBB3_1:                                @ =>This Inner Loop Header: Depth=1
.Ltmp6:
	.loc	5 740 5                         @ ../../Library/CMSIS/Include\core_cm0.h:740:5
	nop
.Ltmp7:
	.loc	5 738 3                         @ ../../Library/CMSIS/Include\core_cm0.h:738:3
	b	.LBB3_1
.Ltmp8:
	.p2align	2
@ %bb.2:
	.loc	5 0 3 is_stmt 0                 @ ../../Library/CMSIS/Include\core_cm0.h:0:3
__arm_cp.3_0:
	.long	3758157068                      @ 0xe000ed0c
.Lcpi_end9:
	.size	__arm_cp.3_0, .Lcpi_end9-__arm_cp.3_0
__arm_cp.3_1:
	.long	100270084                       @ 0x5fa0004
.Lcpi_end10:
	.size	__arm_cp.3_1, .Lcpi_end10-__arm_cp.3_1
.Lfunc_end3:
	.size	NVIC_SystemReset, .Lfunc_end3-NVIC_SystemReset
	.cfi_endproc
	.cantunwind
	.fnend
                                        @ -- End function
	.section	.text.kbhit,"ax",%progbits
	.hidden	kbhit                           @ -- Begin function kbhit
	.globl	kbhit
	.p2align	2
	.type	kbhit,%function
	.code	16                              @ @kbhit
	.thumb_func
kbhit:
.Lfunc_begin4:
	.loc	2 614 0 is_stmt 1               @ ../../Library/StdDriver/src/retarget.c:614:0
	.fnstart
	.cfi_startproc
@ %bb.0:
	ldr	r0, __arm_cp.4_0
.Ltmp9:
	.loc	2 616 27 prologue_end           @ ../../Library/StdDriver/src/retarget.c:616:27
	ldr	r0, [r0]
	movs	r1, #1
	lsls	r1, r1, #14
	.loc	2 616 35 is_stmt 0              @ ../../Library/StdDriver/src/retarget.c:616:35
	ands	r0, r1
	.loc	2 616 63                        @ ../../Library/StdDriver/src/retarget.c:616:63
	lsrs	r0, r0, #14
	.loc	2 616 5                         @ ../../Library/StdDriver/src/retarget.c:616:5
	bx	lr
.Ltmp10:
	.p2align	2
@ %bb.1:
	.loc	2 0 5                           @ ../../Library/StdDriver/src/retarget.c:0:5
__arm_cp.4_0:
	.long	1074200600                      @ 0x40070018
.Lcpi_end11:
	.size	__arm_cp.4_0, .Lcpi_end11-__arm_cp.4_0
.Lfunc_end4:
	.size	kbhit, .Lfunc_end4-kbhit
	.cfi_endproc
	.cantunwind
	.fnend
                                        @ -- End function
	.section	.text.IsDebugFifoEmpty,"ax",%progbits
	.hidden	IsDebugFifoEmpty                @ -- Begin function IsDebugFifoEmpty
	.globl	IsDebugFifoEmpty
	.p2align	2
	.type	IsDebugFifoEmpty,%function
	.code	16                              @ @IsDebugFifoEmpty
	.thumb_func
IsDebugFifoEmpty:
.Lfunc_begin5:
	.loc	2 633 0 is_stmt 1               @ ../../Library/StdDriver/src/retarget.c:633:0
	.fnstart
	.cfi_startproc
@ %bb.0:
	ldr	r0, __arm_cp.5_0
.Ltmp11:
	.loc	2 635 26 prologue_end           @ ../../Library/StdDriver/src/retarget.c:635:26
	ldr	r0, [r0]
	movs	r1, #1
	lsls	r1, r1, #28
	.loc	2 635 34 is_stmt 0              @ ../../Library/StdDriver/src/retarget.c:635:34
	ands	r0, r1
	.loc	2 635 63                        @ ../../Library/StdDriver/src/retarget.c:635:63
	lsrs	r0, r0, #28
	.loc	2 635 5                         @ ../../Library/StdDriver/src/retarget.c:635:5
	bx	lr
.Ltmp12:
	.p2align	2
@ %bb.1:
	.loc	2 0 5                           @ ../../Library/StdDriver/src/retarget.c:0:5
__arm_cp.5_0:
	.long	1074200600                      @ 0x40070018
.Lcpi_end12:
	.size	__arm_cp.5_0, .Lcpi_end12-__arm_cp.5_0
.Lfunc_end5:
	.size	IsDebugFifoEmpty, .Lfunc_end5-IsDebugFifoEmpty
	.cfi_endproc
	.cantunwind
	.fnend
                                        @ -- End function
	.section	.text._ttywrch,"ax",%progbits
	.hidden	_ttywrch                        @ -- Begin function _ttywrch
	.globl	_ttywrch
	.p2align	1
	.type	_ttywrch,%function
	.code	16                              @ @_ttywrch
	.thumb_func
_ttywrch:
.Lfunc_begin6:
	.loc	2 652 0 is_stmt 1               @ ../../Library/StdDriver/src/retarget.c:652:0
	.fnstart
	.cfi_startproc
@ %bb.0:
	.save	{r7, lr}
	push	{r7, lr}
	.cfi_def_cfa_offset 8
	.cfi_offset lr, -4
	.cfi_offset r7, -8
	.pad	#8
	sub	sp, #8
	.cfi_def_cfa_offset 16
	str	r0, [sp, #4]
.Ltmp13:
	.loc	2 653 14 prologue_end           @ ../../Library/StdDriver/src/retarget.c:653:14
	ldr	r0, [sp, #4]
	.loc	2 653 5 is_stmt 0               @ ../../Library/StdDriver/src/retarget.c:653:5
	bl	SendChar
	.loc	2 654 5 is_stmt 1               @ ../../Library/StdDriver/src/retarget.c:654:5
	add	sp, #8
	pop	{r7, pc}
.Ltmp14:
.Lfunc_end6:
	.size	_ttywrch, .Lfunc_end6-_ttywrch
	.cfi_endproc
	.cantunwind
	.fnend
                                        @ -- End function
	.section	.text.SendChar,"ax",%progbits
	.p2align	1                               @ -- Begin function SendChar
	.type	SendChar,%function
	.code	16                              @ @SendChar
	.thumb_func
SendChar:
.Lfunc_begin7:
	.loc	2 523 0                         @ ../../Library/StdDriver/src/retarget.c:523:0
	.fnstart
	.cfi_startproc
@ %bb.0:
	.save	{r7, lr}
	push	{r7, lr}
	.cfi_def_cfa_offset 8
	.cfi_offset lr, -4
	.cfi_offset r7, -8
	.pad	#8
	sub	sp, #8
	.cfi_def_cfa_offset 16
	str	r0, [sp, #4]
.Ltmp15:
	.loc	2 551 21 prologue_end           @ ../../Library/StdDriver/src/retarget.c:551:21
	ldr	r0, [sp, #4]
	.loc	2 551 5 is_stmt 0               @ ../../Library/StdDriver/src/retarget.c:551:5
	bl	SendChar_ToUART
	.loc	2 554 1 is_stmt 1               @ ../../Library/StdDriver/src/retarget.c:554:1
	add	sp, #8
	pop	{r7, pc}
.Ltmp16:
.Lfunc_end7:
	.size	SendChar, .Lfunc_end7-SendChar
	.cfi_endproc
	.cantunwind
	.fnend
                                        @ -- End function
	.section	.text.fputc,"ax",%progbits
	.hidden	fputc                           @ -- Begin function fputc
	.globl	fputc
	.p2align	1
	.type	fputc,%function
	.code	16                              @ @fputc
	.thumb_func
fputc:
.Lfunc_begin8:
	.loc	2 677 0                         @ ../../Library/StdDriver/src/retarget.c:677:0
	.fnstart
	.cfi_startproc
@ %bb.0:
	.save	{r7, lr}
	push	{r7, lr}
	.cfi_def_cfa_offset 8
	.cfi_offset lr, -4
	.cfi_offset r7, -8
	.pad	#8
	sub	sp, #8
	.cfi_def_cfa_offset 16
	str	r0, [sp, #4]
	str	r1, [sp]
.Ltmp17:
	.loc	2 678 14 prologue_end           @ ../../Library/StdDriver/src/retarget.c:678:14
	ldr	r0, [sp, #4]
	.loc	2 678 5 is_stmt 0               @ ../../Library/StdDriver/src/retarget.c:678:5
	bl	SendChar
	.loc	2 679 12 is_stmt 1              @ ../../Library/StdDriver/src/retarget.c:679:12
	ldr	r0, [sp, #4]
	.loc	2 679 5 is_stmt 0               @ ../../Library/StdDriver/src/retarget.c:679:5
	add	sp, #8
	pop	{r7, pc}
.Ltmp18:
.Lfunc_end8:
	.size	fputc, .Lfunc_end8-fputc
	.cfi_endproc
	.cantunwind
	.fnend
                                        @ -- End function
	.section	.text.fgetc,"ax",%progbits
	.hidden	fgetc                           @ -- Begin function fgetc
	.globl	fgetc
	.p2align	1
	.type	fgetc,%function
	.code	16                              @ @fgetc
	.thumb_func
fgetc:
.Lfunc_begin9:
	.loc	2 727 0 is_stmt 1               @ ../../Library/StdDriver/src/retarget.c:727:0
	.fnstart
	.cfi_startproc
@ %bb.0:
	.save	{r7, lr}
	push	{r7, lr}
	.cfi_def_cfa_offset 8
	.cfi_offset lr, -4
	.cfi_offset r7, -8
	.pad	#8
	sub	sp, #8
	.cfi_def_cfa_offset 16
	str	r0, [sp, #4]
.Ltmp19:
	.loc	2 728 13 prologue_end           @ ../../Library/StdDriver/src/retarget.c:728:13
	bl	GetChar
	.loc	2 728 5 is_stmt 0               @ ../../Library/StdDriver/src/retarget.c:728:5
	add	sp, #8
	pop	{r7, pc}
.Ltmp20:
.Lfunc_end9:
	.size	fgetc, .Lfunc_end9-fgetc
	.cfi_endproc
	.cantunwind
	.fnend
                                        @ -- End function
	.section	.text.GetChar,"ax",%progbits
	.p2align	2                               @ -- Begin function GetChar
	.type	GetChar,%function
	.code	16                              @ @GetChar
	.thumb_func
GetChar:
.Lfunc_begin10:
	.loc	2 566 0 is_stmt 1               @ ../../Library/StdDriver/src/retarget.c:566:0
	.fnstart
	.cfi_startproc
@ %bb.0:
	.loc	2 589 5 prologue_end            @ ../../Library/StdDriver/src/retarget.c:589:5
	b	.LBB10_1
.LBB10_1:                               @ =>This Inner Loop Header: Depth=1
	.loc	2 0 5 is_stmt 0                 @ ../../Library/StdDriver/src/retarget.c:0:5
	ldr	r0, __arm_cp.10_0
.Ltmp21:
	.loc	2 591 25 is_stmt 1              @ ../../Library/StdDriver/src/retarget.c:591:25
	ldr	r0, [r0]
.Ltmp22:
	.loc	2 591 12 is_stmt 0              @ ../../Library/StdDriver/src/retarget.c:591:12
	lsls	r0, r0, #17
	cmp	r0, #0
	bmi	.LBB10_3
	b	.LBB10_2
.LBB10_2:
	.loc	2 0 12                          @ ../../Library/StdDriver/src/retarget.c:0:12
	ldr	r0, __arm_cp.10_1
.Ltmp23:
	.loc	2 593 33 is_stmt 1              @ ../../Library/StdDriver/src/retarget.c:593:33
	ldr	r0, [r0]
	.loc	2 593 13 is_stmt 0              @ ../../Library/StdDriver/src/retarget.c:593:13
	uxtb	r0, r0
	bx	lr
.Ltmp24:
.LBB10_3:                               @   in Loop: Header=BB10_1 Depth=1
	.loc	2 589 5 is_stmt 1               @ ../../Library/StdDriver/src/retarget.c:589:5
	b	.LBB10_1
.Ltmp25:
	.p2align	2
@ %bb.4:
	.loc	2 0 5 is_stmt 0                 @ ../../Library/StdDriver/src/retarget.c:0:5
__arm_cp.10_0:
	.long	1074200600                      @ 0x40070018
.Lcpi_end13:
	.size	__arm_cp.10_0, .Lcpi_end13-__arm_cp.10_0
__arm_cp.10_1:
	.long	1074200576                      @ 0x40070000
.Lcpi_end14:
	.size	__arm_cp.10_1, .Lcpi_end14-__arm_cp.10_1
.Lfunc_end10:
	.size	GetChar, .Lfunc_end10-GetChar
	.cfi_endproc
	.cantunwind
	.fnend
                                        @ -- End function
	.section	.text.ferror,"ax",%progbits
	.hidden	ferror                          @ -- Begin function ferror
	.globl	ferror
	.p2align	1
	.type	ferror,%function
	.code	16                              @ @ferror
	.thumb_func
ferror:
.Lfunc_begin11:
	.loc	2 747 0 is_stmt 1               @ ../../Library/StdDriver/src/retarget.c:747:0
	.fnstart
	.cfi_startproc
@ %bb.0:
	.pad	#4
	sub	sp, #4
	.cfi_def_cfa_offset 4
	str	r0, [sp]
	movs	r0, #0
	mvns	r0, r0
.Ltmp26:
	.loc	2 748 5 prologue_end            @ ../../Library/StdDriver/src/retarget.c:748:5
	add	sp, #4
	bx	lr
.Ltmp27:
.Lfunc_end11:
	.size	ferror, .Lfunc_end11-ferror
	.cfi_endproc
	.cantunwind
	.fnend
                                        @ -- End function
	.section	.text.SendChar_ToUART,"ax",%progbits
	.p2align	2                               @ -- Begin function SendChar_ToUART
	.type	SendChar_ToUART,%function
	.code	16                              @ @SendChar_ToUART
	.thumb_func
SendChar_ToUART:
.Lfunc_begin12:
	.loc	2 444 0                         @ ../../Library/StdDriver/src/retarget.c:444:0
	.fnstart
	.cfi_startproc
@ %bb.0:
	.pad	#4
	sub	sp, #4
	.cfi_def_cfa_offset 4
	str	r0, [sp]
.Ltmp28:
	.loc	2 445 5 prologue_end            @ ../../Library/StdDriver/src/retarget.c:445:5
	b	.LBB12_1
.LBB12_1:                               @ =>This Inner Loop Header: Depth=1
	.loc	2 0 5 is_stmt 0                 @ ../../Library/StdDriver/src/retarget.c:0:5
	ldr	r0, __arm_cp.12_0
	.loc	2 445 23                        @ ../../Library/StdDriver/src/retarget.c:445:23
	ldr	r0, [r0]
	.loc	2 445 5                         @ ../../Library/StdDriver/src/retarget.c:445:5
	lsls	r0, r0, #8
	cmp	r0, #0
	bpl	.LBB12_3
	b	.LBB12_2
.LBB12_2:                               @   in Loop: Header=BB12_1 Depth=1
	b	.LBB12_1
.LBB12_3:
.Ltmp29:
	.loc	2 447 8 is_stmt 1               @ ../../Library/StdDriver/src/retarget.c:447:8
	ldr	r0, [sp]
.Ltmp30:
	.loc	2 447 8 is_stmt 0               @ ../../Library/StdDriver/src/retarget.c:447:8
	cmp	r0, #10
	bne	.LBB12_8
	b	.LBB12_4
.LBB12_4:
	.loc	2 0 8                           @ ../../Library/StdDriver/src/retarget.c:0:8
	ldr	r1, __arm_cp.12_1
	movs	r0, #13
.Ltmp31:
	.loc	2 449 25 is_stmt 1              @ ../../Library/StdDriver/src/retarget.c:449:25
	str	r0, [r1]
	.loc	2 450 9                         @ ../../Library/StdDriver/src/retarget.c:450:9
	b	.LBB12_5
.LBB12_5:                               @ =>This Inner Loop Header: Depth=1
	.loc	2 0 9 is_stmt 0                 @ ../../Library/StdDriver/src/retarget.c:0:9
	ldr	r0, __arm_cp.12_0
	.loc	2 450 27                        @ ../../Library/StdDriver/src/retarget.c:450:27
	ldr	r0, [r0]
	.loc	2 450 9                         @ ../../Library/StdDriver/src/retarget.c:450:9
	lsls	r0, r0, #8
	cmp	r0, #0
	bpl	.LBB12_7
	b	.LBB12_6
.LBB12_6:                               @   in Loop: Header=BB12_5 Depth=1
	b	.LBB12_5
.LBB12_7:
	.loc	2 451 5 is_stmt 1               @ ../../Library/StdDriver/src/retarget.c:451:5
	b	.LBB12_8
.Ltmp32:
.LBB12_8:
	.loc	2 452 23                        @ ../../Library/StdDriver/src/retarget.c:452:23
	ldr	r0, [sp]
	ldr	r1, __arm_cp.12_1
	.loc	2 452 21 is_stmt 0              @ ../../Library/StdDriver/src/retarget.c:452:21
	str	r0, [r1]
	.loc	2 453 1 is_stmt 1               @ ../../Library/StdDriver/src/retarget.c:453:1
	add	sp, #4
	bx	lr
.Ltmp33:
	.p2align	2
@ %bb.9:
	.loc	2 0 1 is_stmt 0                 @ ../../Library/StdDriver/src/retarget.c:0:1
__arm_cp.12_0:
	.long	1074200600                      @ 0x40070018
.Lcpi_end15:
	.size	__arm_cp.12_0, .Lcpi_end15-__arm_cp.12_0
__arm_cp.12_1:
	.long	1074200576                      @ 0x40070000
.Lcpi_end16:
	.size	__arm_cp.12_1, .Lcpi_end16-__arm_cp.12_1
.Lfunc_end12:
	.size	SendChar_ToUART, .Lfunc_end12-SendChar_ToUART
	.cfi_endproc
	.cantunwind
	.fnend
                                        @ -- End function
	.type	.L.str,%object                  @ @.str
	.section	.rodata.str1.1,"aMS",%progbits,1
.L.str:
	.asciz	"In Hard Fault Handler\n"
	.size	.L.str, 23

	.hidden	__stdout                        @ @__stdout
	.type	__stdout,%object
	.section	.bss.__stdout,"aw",%nobits
	.globl	__stdout
	.p2align	2
__stdout:
	.zero	84
	.size	__stdout, 84

	.hidden	__stdin                         @ @__stdin
	.type	__stdin,%object
	.section	.bss.__stdin,"aw",%nobits
	.globl	__stdin
	.p2align	2
__stdin:
	.zero	84
	.size	__stdin, 84

	.type	.L.str.1,%object                @ @.str.1
	.section	.rodata.str1.1,"aMS",%progbits,1
.L.str.1:
	.asciz	"r0  = 0x%x\n"
	.size	.L.str.1, 12

	.type	.L.str.2,%object                @ @.str.2
.L.str.2:
	.asciz	"r1  = 0x%x\n"
	.size	.L.str.2, 12

	.type	.L.str.3,%object                @ @.str.3
.L.str.3:
	.asciz	"r2  = 0x%x\n"
	.size	.L.str.3, 12

	.type	.L.str.4,%object                @ @.str.4
.L.str.4:
	.asciz	"r3  = 0x%x\n"
	.size	.L.str.4, 12

	.type	.L.str.5,%object                @ @.str.5
.L.str.5:
	.asciz	"r12 = 0x%x\n"
	.size	.L.str.5, 12

	.type	.L.str.6,%object                @ @.str.6
.L.str.6:
	.asciz	"lr  = 0x%x\n"
	.size	.L.str.6, 12

	.type	.L.str.7,%object                @ @.str.7
.L.str.7:
	.asciz	"pc  = 0x%x\n"
	.size	.L.str.7, 12

	.type	.L.str.8,%object                @ @.str.8
.L.str.8:
	.asciz	"psr = 0x%x\n"
	.size	.L.str.8, 12

	.section	.debug_abbrev,"",%progbits
	.byte	1                               @ Abbreviation Code
	.byte	17                              @ DW_TAG_compile_unit
	.byte	1                               @ DW_CHILDREN_yes
	.byte	37                              @ DW_AT_producer
	.byte	14                              @ DW_FORM_strp
	.byte	19                              @ DW_AT_language
	.byte	5                               @ DW_FORM_data2
	.byte	3                               @ DW_AT_name
	.byte	14                              @ DW_FORM_strp
	.byte	16                              @ DW_AT_stmt_list
	.byte	23                              @ DW_FORM_sec_offset
	.byte	27                              @ DW_AT_comp_dir
	.byte	14                              @ DW_FORM_strp
	.byte	17                              @ DW_AT_low_pc
	.byte	1                               @ DW_FORM_addr
	.byte	85                              @ DW_AT_ranges
	.byte	23                              @ DW_FORM_sec_offset
	.byte	0                               @ EOM(1)
	.byte	0                               @ EOM(2)
	.byte	2                               @ Abbreviation Code
	.byte	52                              @ DW_TAG_variable
	.byte	0                               @ DW_CHILDREN_no
	.byte	3                               @ DW_AT_name
	.byte	14                              @ DW_FORM_strp
	.byte	73                              @ DW_AT_type
	.byte	19                              @ DW_FORM_ref4
	.byte	63                              @ DW_AT_external
	.byte	25                              @ DW_FORM_flag_present
	.byte	58                              @ DW_AT_decl_file
	.byte	11                              @ DW_FORM_data1
	.byte	59                              @ DW_AT_decl_line
	.byte	11                              @ DW_FORM_data1
	.byte	2                               @ DW_AT_location
	.byte	24                              @ DW_FORM_exprloc
	.byte	0                               @ EOM(1)
	.byte	0                               @ EOM(2)
	.byte	3                               @ Abbreviation Code
	.byte	22                              @ DW_TAG_typedef
	.byte	0                               @ DW_CHILDREN_no
	.byte	73                              @ DW_AT_type
	.byte	19                              @ DW_FORM_ref4
	.byte	3                               @ DW_AT_name
	.byte	14                              @ DW_FORM_strp
	.byte	58                              @ DW_AT_decl_file
	.byte	11                              @ DW_FORM_data1
	.byte	59                              @ DW_AT_decl_line
	.byte	11                              @ DW_FORM_data1
	.byte	0                               @ EOM(1)
	.byte	0                               @ EOM(2)
	.byte	4                               @ Abbreviation Code
	.byte	19                              @ DW_TAG_structure_type
	.byte	1                               @ DW_CHILDREN_yes
	.byte	3                               @ DW_AT_name
	.byte	14                              @ DW_FORM_strp
	.byte	11                              @ DW_AT_byte_size
	.byte	11                              @ DW_FORM_data1
	.byte	58                              @ DW_AT_decl_file
	.byte	11                              @ DW_FORM_data1
	.byte	59                              @ DW_AT_decl_line
	.byte	11                              @ DW_FORM_data1
	.byte	0                               @ EOM(1)
	.byte	0                               @ EOM(2)
	.byte	5                               @ Abbreviation Code
	.byte	13                              @ DW_TAG_member
	.byte	0                               @ DW_CHILDREN_no
	.byte	3                               @ DW_AT_name
	.byte	14                              @ DW_FORM_strp
	.byte	73                              @ DW_AT_type
	.byte	19                              @ DW_FORM_ref4
	.byte	58                              @ DW_AT_decl_file
	.byte	11                              @ DW_FORM_data1
	.byte	59                              @ DW_AT_decl_line
	.byte	11                              @ DW_FORM_data1
	.byte	56                              @ DW_AT_data_member_location
	.byte	11                              @ DW_FORM_data1
	.byte	0                               @ EOM(1)
	.byte	0                               @ EOM(2)
	.byte	6                               @ Abbreviation Code
	.byte	23                              @ DW_TAG_union_type
	.byte	1                               @ DW_CHILDREN_yes
	.byte	11                              @ DW_AT_byte_size
	.byte	11                              @ DW_FORM_data1
	.byte	58                              @ DW_AT_decl_file
	.byte	11                              @ DW_FORM_data1
	.byte	59                              @ DW_AT_decl_line
	.byte	11                              @ DW_FORM_data1
	.byte	0                               @ EOM(1)
	.byte	0                               @ EOM(2)
	.byte	7                               @ Abbreviation Code
	.byte	36                              @ DW_TAG_base_type
	.byte	0                               @ DW_CHILDREN_no
	.byte	3                               @ DW_AT_name
	.byte	14                              @ DW_FORM_strp
	.byte	62                              @ DW_AT_encoding
	.byte	11                              @ DW_FORM_data1
	.byte	11                              @ DW_AT_byte_size
	.byte	11                              @ DW_FORM_data1
	.byte	0                               @ EOM(1)
	.byte	0                               @ EOM(2)
	.byte	8                               @ Abbreviation Code
	.byte	1                               @ DW_TAG_array_type
	.byte	1                               @ DW_CHILDREN_yes
	.byte	73                              @ DW_AT_type
	.byte	19                              @ DW_FORM_ref4
	.byte	0                               @ EOM(1)
	.byte	0                               @ EOM(2)
	.byte	9                               @ Abbreviation Code
	.byte	33                              @ DW_TAG_subrange_type
	.byte	0                               @ DW_CHILDREN_no
	.byte	73                              @ DW_AT_type
	.byte	19                              @ DW_FORM_ref4
	.byte	55                              @ DW_AT_count
	.byte	11                              @ DW_FORM_data1
	.byte	0                               @ EOM(1)
	.byte	0                               @ EOM(2)
	.byte	10                              @ Abbreviation Code
	.byte	36                              @ DW_TAG_base_type
	.byte	0                               @ DW_CHILDREN_no
	.byte	3                               @ DW_AT_name
	.byte	14                              @ DW_FORM_strp
	.byte	11                              @ DW_AT_byte_size
	.byte	11                              @ DW_FORM_data1
	.byte	62                              @ DW_AT_encoding
	.byte	11                              @ DW_FORM_data1
	.byte	0                               @ EOM(1)
	.byte	0                               @ EOM(2)
	.byte	11                              @ Abbreviation Code
	.byte	4                               @ DW_TAG_enumeration_type
	.byte	1                               @ DW_CHILDREN_yes
	.byte	73                              @ DW_AT_type
	.byte	19                              @ DW_FORM_ref4
	.byte	11                              @ DW_AT_byte_size
	.byte	11                              @ DW_FORM_data1
	.byte	58                              @ DW_AT_decl_file
	.byte	11                              @ DW_FORM_data1
	.byte	59                              @ DW_AT_decl_line
	.byte	11                              @ DW_FORM_data1
	.byte	0                               @ EOM(1)
	.byte	0                               @ EOM(2)
	.byte	12                              @ Abbreviation Code
	.byte	40                              @ DW_TAG_enumerator
	.byte	0                               @ DW_CHILDREN_no
	.byte	3                               @ DW_AT_name
	.byte	14                              @ DW_FORM_strp
	.byte	28                              @ DW_AT_const_value
	.byte	15                              @ DW_FORM_udata
	.byte	0                               @ EOM(1)
	.byte	0                               @ EOM(2)
	.byte	13                              @ Abbreviation Code
	.byte	15                              @ DW_TAG_pointer_type
	.byte	0                               @ DW_CHILDREN_no
	.byte	73                              @ DW_AT_type
	.byte	19                              @ DW_FORM_ref4
	.byte	0                               @ EOM(1)
	.byte	0                               @ EOM(2)
	.byte	14                              @ Abbreviation Code
	.byte	22                              @ DW_TAG_typedef
	.byte	0                               @ DW_CHILDREN_no
	.byte	73                              @ DW_AT_type
	.byte	19                              @ DW_FORM_ref4
	.byte	3                               @ DW_AT_name
	.byte	14                              @ DW_FORM_strp
	.byte	58                              @ DW_AT_decl_file
	.byte	11                              @ DW_FORM_data1
	.byte	59                              @ DW_AT_decl_line
	.byte	5                               @ DW_FORM_data2
	.byte	0                               @ EOM(1)
	.byte	0                               @ EOM(2)
	.byte	15                              @ Abbreviation Code
	.byte	19                              @ DW_TAG_structure_type
	.byte	1                               @ DW_CHILDREN_yes
	.byte	11                              @ DW_AT_byte_size
	.byte	11                              @ DW_FORM_data1
	.byte	58                              @ DW_AT_decl_file
	.byte	11                              @ DW_FORM_data1
	.byte	59                              @ DW_AT_decl_line
	.byte	11                              @ DW_FORM_data1
	.byte	0                               @ EOM(1)
	.byte	0                               @ EOM(2)
	.byte	16                              @ Abbreviation Code
	.byte	13                              @ DW_TAG_member
	.byte	0                               @ DW_CHILDREN_no
	.byte	3                               @ DW_AT_name
	.byte	14                              @ DW_FORM_strp
	.byte	73                              @ DW_AT_type
	.byte	19                              @ DW_FORM_ref4
	.byte	58                              @ DW_AT_decl_file
	.byte	11                              @ DW_FORM_data1
	.byte	59                              @ DW_AT_decl_line
	.byte	5                               @ DW_FORM_data2
	.byte	56                              @ DW_AT_data_member_location
	.byte	11                              @ DW_FORM_data1
	.byte	0                               @ EOM(1)
	.byte	0                               @ EOM(2)
	.byte	17                              @ Abbreviation Code
	.byte	53                              @ DW_TAG_volatile_type
	.byte	0                               @ DW_CHILDREN_no
	.byte	73                              @ DW_AT_type
	.byte	19                              @ DW_FORM_ref4
	.byte	0                               @ EOM(1)
	.byte	0                               @ EOM(2)
	.byte	18                              @ Abbreviation Code
	.byte	38                              @ DW_TAG_const_type
	.byte	0                               @ DW_CHILDREN_no
	.byte	73                              @ DW_AT_type
	.byte	19                              @ DW_FORM_ref4
	.byte	0                               @ EOM(1)
	.byte	0                               @ EOM(2)
	.byte	19                              @ Abbreviation Code
	.byte	19                              @ DW_TAG_structure_type
	.byte	1                               @ DW_CHILDREN_yes
	.byte	11                              @ DW_AT_byte_size
	.byte	11                              @ DW_FORM_data1
	.byte	58                              @ DW_AT_decl_file
	.byte	11                              @ DW_FORM_data1
	.byte	59                              @ DW_AT_decl_line
	.byte	5                               @ DW_FORM_data2
	.byte	0                               @ EOM(1)
	.byte	0                               @ EOM(2)
	.byte	20                              @ Abbreviation Code
	.byte	46                              @ DW_TAG_subprogram
	.byte	1                               @ DW_CHILDREN_yes
	.byte	17                              @ DW_AT_low_pc
	.byte	1                               @ DW_FORM_addr
	.byte	18                              @ DW_AT_high_pc
	.byte	6                               @ DW_FORM_data4
	.byte	64                              @ DW_AT_frame_base
	.byte	24                              @ DW_FORM_exprloc
	.byte	3                               @ DW_AT_name
	.byte	14                              @ DW_FORM_strp
	.byte	58                              @ DW_AT_decl_file
	.byte	11                              @ DW_FORM_data1
	.byte	59                              @ DW_AT_decl_line
	.byte	11                              @ DW_FORM_data1
	.byte	39                              @ DW_AT_prototyped
	.byte	25                              @ DW_FORM_flag_present
	.byte	63                              @ DW_AT_external
	.byte	25                              @ DW_FORM_flag_present
	.byte	0                               @ EOM(1)
	.byte	0                               @ EOM(2)
	.byte	21                              @ Abbreviation Code
	.byte	5                               @ DW_TAG_formal_parameter
	.byte	0                               @ DW_CHILDREN_no
	.byte	2                               @ DW_AT_location
	.byte	24                              @ DW_FORM_exprloc
	.byte	3                               @ DW_AT_name
	.byte	14                              @ DW_FORM_strp
	.byte	58                              @ DW_AT_decl_file
	.byte	11                              @ DW_FORM_data1
	.byte	59                              @ DW_AT_decl_line
	.byte	11                              @ DW_FORM_data1
	.byte	73                              @ DW_AT_type
	.byte	19                              @ DW_FORM_ref4
	.byte	0                               @ EOM(1)
	.byte	0                               @ EOM(2)
	.byte	22                              @ Abbreviation Code
	.byte	46                              @ DW_TAG_subprogram
	.byte	1                               @ DW_CHILDREN_yes
	.byte	17                              @ DW_AT_low_pc
	.byte	1                               @ DW_FORM_addr
	.byte	18                              @ DW_AT_high_pc
	.byte	6                               @ DW_FORM_data4
	.byte	64                              @ DW_AT_frame_base
	.byte	24                              @ DW_FORM_exprloc
	.byte	3                               @ DW_AT_name
	.byte	14                              @ DW_FORM_strp
	.byte	58                              @ DW_AT_decl_file
	.byte	11                              @ DW_FORM_data1
	.byte	59                              @ DW_AT_decl_line
	.byte	11                              @ DW_FORM_data1
	.byte	39                              @ DW_AT_prototyped
	.byte	25                              @ DW_FORM_flag_present
	.byte	0                               @ EOM(1)
	.byte	0                               @ EOM(2)
	.byte	23                              @ Abbreviation Code
	.byte	46                              @ DW_TAG_subprogram
	.byte	0                               @ DW_CHILDREN_no
	.byte	17                              @ DW_AT_low_pc
	.byte	1                               @ DW_FORM_addr
	.byte	18                              @ DW_AT_high_pc
	.byte	6                               @ DW_FORM_data4
	.byte	64                              @ DW_AT_frame_base
	.byte	24                              @ DW_FORM_exprloc
	.byte	3                               @ DW_AT_name
	.byte	14                              @ DW_FORM_strp
	.byte	58                              @ DW_AT_decl_file
	.byte	11                              @ DW_FORM_data1
	.byte	59                              @ DW_AT_decl_line
	.byte	5                               @ DW_FORM_data2
	.byte	39                              @ DW_AT_prototyped
	.byte	25                              @ DW_FORM_flag_present
	.byte	63                              @ DW_AT_external
	.byte	25                              @ DW_FORM_flag_present
	.byte	0                               @ EOM(1)
	.byte	0                               @ EOM(2)
	.byte	24                              @ Abbreviation Code
	.byte	46                              @ DW_TAG_subprogram
	.byte	0                               @ DW_CHILDREN_no
	.byte	17                              @ DW_AT_low_pc
	.byte	1                               @ DW_FORM_addr
	.byte	18                              @ DW_AT_high_pc
	.byte	6                               @ DW_FORM_data4
	.byte	64                              @ DW_AT_frame_base
	.byte	24                              @ DW_FORM_exprloc
	.byte	3                               @ DW_AT_name
	.byte	14                              @ DW_FORM_strp
	.byte	58                              @ DW_AT_decl_file
	.byte	11                              @ DW_FORM_data1
	.byte	59                              @ DW_AT_decl_line
	.byte	5                               @ DW_FORM_data2
	.byte	39                              @ DW_AT_prototyped
	.byte	25                              @ DW_FORM_flag_present
	.byte	0                               @ EOM(1)
	.byte	0                               @ EOM(2)
	.byte	25                              @ Abbreviation Code
	.byte	46                              @ DW_TAG_subprogram
	.byte	0                               @ DW_CHILDREN_no
	.byte	17                              @ DW_AT_low_pc
	.byte	1                               @ DW_FORM_addr
	.byte	18                              @ DW_AT_high_pc
	.byte	6                               @ DW_FORM_data4
	.byte	64                              @ DW_AT_frame_base
	.byte	24                              @ DW_FORM_exprloc
	.byte	3                               @ DW_AT_name
	.byte	14                              @ DW_FORM_strp
	.byte	58                              @ DW_AT_decl_file
	.byte	11                              @ DW_FORM_data1
	.byte	59                              @ DW_AT_decl_line
	.byte	5                               @ DW_FORM_data2
	.byte	39                              @ DW_AT_prototyped
	.byte	25                              @ DW_FORM_flag_present
	.byte	73                              @ DW_AT_type
	.byte	19                              @ DW_FORM_ref4
	.byte	63                              @ DW_AT_external
	.byte	25                              @ DW_FORM_flag_present
	.byte	0                               @ EOM(1)
	.byte	0                               @ EOM(2)
	.byte	26                              @ Abbreviation Code
	.byte	46                              @ DW_TAG_subprogram
	.byte	1                               @ DW_CHILDREN_yes
	.byte	17                              @ DW_AT_low_pc
	.byte	1                               @ DW_FORM_addr
	.byte	18                              @ DW_AT_high_pc
	.byte	6                               @ DW_FORM_data4
	.byte	64                              @ DW_AT_frame_base
	.byte	24                              @ DW_FORM_exprloc
	.byte	3                               @ DW_AT_name
	.byte	14                              @ DW_FORM_strp
	.byte	58                              @ DW_AT_decl_file
	.byte	11                              @ DW_FORM_data1
	.byte	59                              @ DW_AT_decl_line
	.byte	5                               @ DW_FORM_data2
	.byte	39                              @ DW_AT_prototyped
	.byte	25                              @ DW_FORM_flag_present
	.byte	63                              @ DW_AT_external
	.byte	25                              @ DW_FORM_flag_present
	.byte	0                               @ EOM(1)
	.byte	0                               @ EOM(2)
	.byte	27                              @ Abbreviation Code
	.byte	5                               @ DW_TAG_formal_parameter
	.byte	0                               @ DW_CHILDREN_no
	.byte	2                               @ DW_AT_location
	.byte	24                              @ DW_FORM_exprloc
	.byte	3                               @ DW_AT_name
	.byte	14                              @ DW_FORM_strp
	.byte	58                              @ DW_AT_decl_file
	.byte	11                              @ DW_FORM_data1
	.byte	59                              @ DW_AT_decl_line
	.byte	5                               @ DW_FORM_data2
	.byte	73                              @ DW_AT_type
	.byte	19                              @ DW_FORM_ref4
	.byte	0                               @ EOM(1)
	.byte	0                               @ EOM(2)
	.byte	28                              @ Abbreviation Code
	.byte	46                              @ DW_TAG_subprogram
	.byte	1                               @ DW_CHILDREN_yes
	.byte	17                              @ DW_AT_low_pc
	.byte	1                               @ DW_FORM_addr
	.byte	18                              @ DW_AT_high_pc
	.byte	6                               @ DW_FORM_data4
	.byte	64                              @ DW_AT_frame_base
	.byte	24                              @ DW_FORM_exprloc
	.byte	3                               @ DW_AT_name
	.byte	14                              @ DW_FORM_strp
	.byte	58                              @ DW_AT_decl_file
	.byte	11                              @ DW_FORM_data1
	.byte	59                              @ DW_AT_decl_line
	.byte	5                               @ DW_FORM_data2
	.byte	39                              @ DW_AT_prototyped
	.byte	25                              @ DW_FORM_flag_present
	.byte	0                               @ EOM(1)
	.byte	0                               @ EOM(2)
	.byte	29                              @ Abbreviation Code
	.byte	46                              @ DW_TAG_subprogram
	.byte	1                               @ DW_CHILDREN_yes
	.byte	17                              @ DW_AT_low_pc
	.byte	1                               @ DW_FORM_addr
	.byte	18                              @ DW_AT_high_pc
	.byte	6                               @ DW_FORM_data4
	.byte	64                              @ DW_AT_frame_base
	.byte	24                              @ DW_FORM_exprloc
	.byte	3                               @ DW_AT_name
	.byte	14                              @ DW_FORM_strp
	.byte	58                              @ DW_AT_decl_file
	.byte	11                              @ DW_FORM_data1
	.byte	59                              @ DW_AT_decl_line
	.byte	5                               @ DW_FORM_data2
	.byte	39                              @ DW_AT_prototyped
	.byte	25                              @ DW_FORM_flag_present
	.byte	73                              @ DW_AT_type
	.byte	19                              @ DW_FORM_ref4
	.byte	63                              @ DW_AT_external
	.byte	25                              @ DW_FORM_flag_present
	.byte	0                               @ EOM(1)
	.byte	0                               @ EOM(2)
	.byte	30                              @ Abbreviation Code
	.byte	46                              @ DW_TAG_subprogram
	.byte	0                               @ DW_CHILDREN_no
	.byte	17                              @ DW_AT_low_pc
	.byte	1                               @ DW_FORM_addr
	.byte	18                              @ DW_AT_high_pc
	.byte	6                               @ DW_FORM_data4
	.byte	64                              @ DW_AT_frame_base
	.byte	24                              @ DW_FORM_exprloc
	.byte	3                               @ DW_AT_name
	.byte	14                              @ DW_FORM_strp
	.byte	58                              @ DW_AT_decl_file
	.byte	11                              @ DW_FORM_data1
	.byte	59                              @ DW_AT_decl_line
	.byte	5                               @ DW_FORM_data2
	.byte	39                              @ DW_AT_prototyped
	.byte	25                              @ DW_FORM_flag_present
	.byte	73                              @ DW_AT_type
	.byte	19                              @ DW_FORM_ref4
	.byte	0                               @ EOM(1)
	.byte	0                               @ EOM(2)
	.byte	0                               @ EOM(3)
	.section	.debug_info,"",%progbits
.Lcu_begin0:
	.long	.Ldebug_info_end0-.Ldebug_info_start0 @ Length of Unit
.Ldebug_info_start0:
	.short	4                               @ DWARF version number
	.long	.debug_abbrev                   @ Offset Into Abbrev. Section
	.byte	4                               @ Address Size (in bytes)
	.byte	1                               @ Abbrev [1] 0xb:0x43a DW_TAG_compile_unit
	.long	.Linfo_string0                  @ DW_AT_producer
	.short	12                              @ DW_AT_language
	.long	.Linfo_string1                  @ DW_AT_name
	.long	.Lline_table_start0             @ DW_AT_stmt_list
	.long	.Linfo_string2                  @ DW_AT_comp_dir
	.long	0                               @ DW_AT_low_pc
	.long	.Ldebug_ranges0                 @ DW_AT_ranges
	.byte	2                               @ Abbrev [2] 0x26:0x11 DW_TAG_variable
	.long	.Linfo_string3                  @ DW_AT_name
	.long	55                              @ DW_AT_type
                                        @ DW_AT_external
	.byte	2                               @ DW_AT_decl_file
	.byte	48                              @ DW_AT_decl_line
	.byte	5                               @ DW_AT_location
	.byte	3
	.long	__stdout
	.byte	3                               @ Abbrev [3] 0x37:0xb DW_TAG_typedef
	.long	66                              @ DW_AT_type
	.long	.Linfo_string11                 @ DW_AT_name
	.byte	1                               @ DW_AT_decl_file
	.byte	108                             @ DW_AT_decl_line
	.byte	4                               @ Abbrev [4] 0x42:0x32 DW_TAG_structure_type
	.long	.Linfo_string10                 @ DW_AT_name
	.byte	84                              @ DW_AT_byte_size
	.byte	1                               @ DW_AT_decl_file
	.byte	119                             @ DW_AT_decl_line
	.byte	5                               @ Abbrev [5] 0x4a:0xc DW_TAG_member
	.long	.Linfo_string4                  @ DW_AT_name
	.long	86                              @ DW_AT_type
	.byte	1                               @ DW_AT_decl_file
	.byte	127                             @ DW_AT_decl_line
	.byte	0                               @ DW_AT_data_member_location
	.byte	6                               @ Abbrev [6] 0x56:0x1d DW_TAG_union_type
	.byte	84                              @ DW_AT_byte_size
	.byte	1                               @ DW_AT_decl_file
	.byte	120                             @ DW_AT_decl_line
	.byte	5                               @ Abbrev [5] 0x5a:0xc DW_TAG_member
	.long	.Linfo_string5                  @ DW_AT_name
	.long	116                             @ DW_AT_type
	.byte	1                               @ DW_AT_decl_file
	.byte	121                             @ DW_AT_decl_line
	.byte	0                               @ DW_AT_data_member_location
	.byte	5                               @ Abbrev [5] 0x66:0xc DW_TAG_member
	.long	.Linfo_string7                  @ DW_AT_name
	.long	123                             @ DW_AT_type
	.byte	1                               @ DW_AT_decl_file
	.byte	125                             @ DW_AT_decl_line
	.byte	0                               @ DW_AT_data_member_location
	.byte	0                               @ End Of Children Mark
	.byte	0                               @ End Of Children Mark
	.byte	7                               @ Abbrev [7] 0x74:0x7 DW_TAG_base_type
	.long	.Linfo_string6                  @ DW_AT_name
	.byte	5                               @ DW_AT_encoding
	.byte	4                               @ DW_AT_byte_size
	.byte	8                               @ Abbrev [8] 0x7b:0xc DW_TAG_array_type
	.long	135                             @ DW_AT_type
	.byte	9                               @ Abbrev [9] 0x80:0x6 DW_TAG_subrange_type
	.long	142                             @ DW_AT_type
	.byte	84                              @ DW_AT_count
	.byte	0                               @ End Of Children Mark
	.byte	7                               @ Abbrev [7] 0x87:0x7 DW_TAG_base_type
	.long	.Linfo_string8                  @ DW_AT_name
	.byte	8                               @ DW_AT_encoding
	.byte	1                               @ DW_AT_byte_size
	.byte	10                              @ Abbrev [10] 0x8e:0x7 DW_TAG_base_type
	.long	.Linfo_string9                  @ DW_AT_name
	.byte	8                               @ DW_AT_byte_size
	.byte	7                               @ DW_AT_encoding
	.byte	2                               @ Abbrev [2] 0x95:0x11 DW_TAG_variable
	.long	.Linfo_string12                 @ DW_AT_name
	.long	55                              @ DW_AT_type
                                        @ DW_AT_external
	.byte	2                               @ DW_AT_decl_file
	.byte	49                              @ DW_AT_decl_line
	.byte	5                               @ DW_AT_location
	.byte	3
	.long	__stdin
	.byte	11                              @ Abbrev [11] 0xa6:0x39 DW_TAG_enumeration_type
	.long	223                             @ DW_AT_type
	.byte	1                               @ DW_AT_byte_size
	.byte	2                               @ DW_AT_decl_file
	.byte	51                              @ DW_AT_decl_line
	.byte	12                              @ Abbrev [12] 0xae:0x6 DW_TAG_enumerator
	.long	.Linfo_string14                 @ DW_AT_name
	.byte	0                               @ DW_AT_const_value
	.byte	12                              @ Abbrev [12] 0xb4:0x6 DW_TAG_enumerator
	.long	.Linfo_string15                 @ DW_AT_name
	.byte	1                               @ DW_AT_const_value
	.byte	12                              @ Abbrev [12] 0xba:0x6 DW_TAG_enumerator
	.long	.Linfo_string16                 @ DW_AT_name
	.byte	2                               @ DW_AT_const_value
	.byte	12                              @ Abbrev [12] 0xc0:0x6 DW_TAG_enumerator
	.long	.Linfo_string17                 @ DW_AT_name
	.byte	3                               @ DW_AT_const_value
	.byte	12                              @ Abbrev [12] 0xc6:0x6 DW_TAG_enumerator
	.long	.Linfo_string18                 @ DW_AT_name
	.byte	4                               @ DW_AT_const_value
	.byte	12                              @ Abbrev [12] 0xcc:0x6 DW_TAG_enumerator
	.long	.Linfo_string19                 @ DW_AT_name
	.byte	5                               @ DW_AT_const_value
	.byte	12                              @ Abbrev [12] 0xd2:0x6 DW_TAG_enumerator
	.long	.Linfo_string20                 @ DW_AT_name
	.byte	6                               @ DW_AT_const_value
	.byte	12                              @ Abbrev [12] 0xd8:0x6 DW_TAG_enumerator
	.long	.Linfo_string21                 @ DW_AT_name
	.byte	7                               @ DW_AT_const_value
	.byte	0                               @ End Of Children Mark
	.byte	7                               @ Abbrev [7] 0xdf:0x7 DW_TAG_base_type
	.long	.Linfo_string13                 @ DW_AT_name
	.byte	8                               @ DW_AT_encoding
	.byte	1                               @ DW_AT_byte_size
	.byte	13                              @ Abbrev [13] 0xe6:0x5 DW_TAG_pointer_type
	.long	235                             @ DW_AT_type
	.byte	14                              @ Abbrev [14] 0xeb:0xc DW_TAG_typedef
	.long	247                             @ DW_AT_type
	.long	.Linfo_string42                 @ DW_AT_name
	.byte	4                               @ DW_AT_decl_file
	.short	721                             @ DW_AT_decl_line
	.byte	15                              @ Abbrev [15] 0xf7:0xef DW_TAG_structure_type
	.byte	76                              @ DW_AT_byte_size
	.byte	4                               @ DW_AT_decl_file
	.byte	26                              @ DW_AT_decl_line
	.byte	16                              @ Abbrev [16] 0xfb:0xd DW_TAG_member
	.long	.Linfo_string22                 @ DW_AT_name
	.long	486                             @ DW_AT_type
	.byte	4                               @ DW_AT_decl_file
	.short	702                             @ DW_AT_decl_line
	.byte	0                               @ DW_AT_data_member_location
	.byte	16                              @ Abbrev [16] 0x108:0xd DW_TAG_member
	.long	.Linfo_string25                 @ DW_AT_name
	.long	486                             @ DW_AT_type
	.byte	4                               @ DW_AT_decl_file
	.short	703                             @ DW_AT_decl_line
	.byte	4                               @ DW_AT_data_member_location
	.byte	16                              @ Abbrev [16] 0x115:0xd DW_TAG_member
	.long	.Linfo_string26                 @ DW_AT_name
	.long	486                             @ DW_AT_type
	.byte	4                               @ DW_AT_decl_file
	.short	704                             @ DW_AT_decl_line
	.byte	8                               @ DW_AT_data_member_location
	.byte	16                              @ Abbrev [16] 0x122:0xd DW_TAG_member
	.long	.Linfo_string27                 @ DW_AT_name
	.long	486                             @ DW_AT_type
	.byte	4                               @ DW_AT_decl_file
	.short	705                             @ DW_AT_decl_line
	.byte	12                              @ DW_AT_data_member_location
	.byte	16                              @ Abbrev [16] 0x12f:0xd DW_TAG_member
	.long	.Linfo_string28                 @ DW_AT_name
	.long	486                             @ DW_AT_type
	.byte	4                               @ DW_AT_decl_file
	.short	706                             @ DW_AT_decl_line
	.byte	16                              @ DW_AT_data_member_location
	.byte	16                              @ Abbrev [16] 0x13c:0xd DW_TAG_member
	.long	.Linfo_string29                 @ DW_AT_name
	.long	486                             @ DW_AT_type
	.byte	4                               @ DW_AT_decl_file
	.short	707                             @ DW_AT_decl_line
	.byte	20                              @ DW_AT_data_member_location
	.byte	16                              @ Abbrev [16] 0x149:0xd DW_TAG_member
	.long	.Linfo_string30                 @ DW_AT_name
	.long	486                             @ DW_AT_type
	.byte	4                               @ DW_AT_decl_file
	.short	708                             @ DW_AT_decl_line
	.byte	24                              @ DW_AT_data_member_location
	.byte	16                              @ Abbrev [16] 0x156:0xd DW_TAG_member
	.long	.Linfo_string31                 @ DW_AT_name
	.long	486                             @ DW_AT_type
	.byte	4                               @ DW_AT_decl_file
	.short	709                             @ DW_AT_decl_line
	.byte	28                              @ DW_AT_data_member_location
	.byte	16                              @ Abbrev [16] 0x163:0xd DW_TAG_member
	.long	.Linfo_string32                 @ DW_AT_name
	.long	486                             @ DW_AT_type
	.byte	4                               @ DW_AT_decl_file
	.short	710                             @ DW_AT_decl_line
	.byte	32                              @ DW_AT_data_member_location
	.byte	16                              @ Abbrev [16] 0x170:0xd DW_TAG_member
	.long	.Linfo_string33                 @ DW_AT_name
	.long	486                             @ DW_AT_type
	.byte	4                               @ DW_AT_decl_file
	.short	711                             @ DW_AT_decl_line
	.byte	36                              @ DW_AT_data_member_location
	.byte	16                              @ Abbrev [16] 0x17d:0xd DW_TAG_member
	.long	.Linfo_string34                 @ DW_AT_name
	.long	486                             @ DW_AT_type
	.byte	4                               @ DW_AT_decl_file
	.short	712                             @ DW_AT_decl_line
	.byte	40                              @ DW_AT_data_member_location
	.byte	16                              @ Abbrev [16] 0x18a:0xd DW_TAG_member
	.long	.Linfo_string35                 @ DW_AT_name
	.long	486                             @ DW_AT_type
	.byte	4                               @ DW_AT_decl_file
	.short	713                             @ DW_AT_decl_line
	.byte	44                              @ DW_AT_data_member_location
	.byte	16                              @ Abbrev [16] 0x197:0xd DW_TAG_member
	.long	.Linfo_string36                 @ DW_AT_name
	.long	486                             @ DW_AT_type
	.byte	4                               @ DW_AT_decl_file
	.short	714                             @ DW_AT_decl_line
	.byte	48                              @ DW_AT_data_member_location
	.byte	16                              @ Abbrev [16] 0x1a4:0xd DW_TAG_member
	.long	.Linfo_string37                 @ DW_AT_name
	.long	509                             @ DW_AT_type
	.byte	4                               @ DW_AT_decl_file
	.short	715                             @ DW_AT_decl_line
	.byte	52                              @ DW_AT_data_member_location
	.byte	16                              @ Abbrev [16] 0x1b1:0xd DW_TAG_member
	.long	.Linfo_string38                 @ DW_AT_name
	.long	486                             @ DW_AT_type
	.byte	4                               @ DW_AT_decl_file
	.short	716                             @ DW_AT_decl_line
	.byte	60                              @ DW_AT_data_member_location
	.byte	16                              @ Abbrev [16] 0x1be:0xd DW_TAG_member
	.long	.Linfo_string39                 @ DW_AT_name
	.long	486                             @ DW_AT_type
	.byte	4                               @ DW_AT_decl_file
	.short	717                             @ DW_AT_decl_line
	.byte	64                              @ DW_AT_data_member_location
	.byte	16                              @ Abbrev [16] 0x1cb:0xd DW_TAG_member
	.long	.Linfo_string40                 @ DW_AT_name
	.long	486                             @ DW_AT_type
	.byte	4                               @ DW_AT_decl_file
	.short	718                             @ DW_AT_decl_line
	.byte	68                              @ DW_AT_data_member_location
	.byte	16                              @ Abbrev [16] 0x1d8:0xd DW_TAG_member
	.long	.Linfo_string41                 @ DW_AT_name
	.long	486                             @ DW_AT_type
	.byte	4                               @ DW_AT_decl_file
	.short	719                             @ DW_AT_decl_line
	.byte	72                              @ DW_AT_data_member_location
	.byte	0                               @ End Of Children Mark
	.byte	17                              @ Abbrev [17] 0x1e6:0x5 DW_TAG_volatile_type
	.long	491                             @ DW_AT_type
	.byte	3                               @ Abbrev [3] 0x1eb:0xb DW_TAG_typedef
	.long	502                             @ DW_AT_type
	.long	.Linfo_string24                 @ DW_AT_name
	.byte	3                               @ DW_AT_decl_file
	.byte	64                              @ DW_AT_decl_line
	.byte	7                               @ Abbrev [7] 0x1f6:0x7 DW_TAG_base_type
	.long	.Linfo_string23                 @ DW_AT_name
	.byte	7                               @ DW_AT_encoding
	.byte	4                               @ DW_AT_byte_size
	.byte	8                               @ Abbrev [8] 0x1fd:0xc DW_TAG_array_type
	.long	521                             @ DW_AT_type
	.byte	9                               @ Abbrev [9] 0x202:0x6 DW_TAG_subrange_type
	.long	142                             @ DW_AT_type
	.byte	2                               @ DW_AT_count
	.byte	0                               @ End Of Children Mark
	.byte	18                              @ Abbrev [18] 0x209:0x5 DW_TAG_const_type
	.long	486                             @ DW_AT_type
	.byte	13                              @ Abbrev [13] 0x20e:0x5 DW_TAG_pointer_type
	.long	531                             @ DW_AT_type
	.byte	14                              @ Abbrev [14] 0x213:0xc DW_TAG_typedef
	.long	543                             @ DW_AT_type
	.long	.Linfo_string52                 @ DW_AT_name
	.byte	5                               @ DW_AT_decl_file
	.short	400                             @ DW_AT_decl_line
	.byte	19                              @ Abbrev [19] 0x21f:0x7b DW_TAG_structure_type
	.byte	40                              @ DW_AT_byte_size
	.byte	5                               @ DW_AT_decl_file
	.short	389                             @ DW_AT_decl_line
	.byte	16                              @ Abbrev [16] 0x224:0xd DW_TAG_member
	.long	.Linfo_string43                 @ DW_AT_name
	.long	521                             @ DW_AT_type
	.byte	5                               @ DW_AT_decl_file
	.short	391                             @ DW_AT_decl_line
	.byte	0                               @ DW_AT_data_member_location
	.byte	16                              @ Abbrev [16] 0x231:0xd DW_TAG_member
	.long	.Linfo_string44                 @ DW_AT_name
	.long	486                             @ DW_AT_type
	.byte	5                               @ DW_AT_decl_file
	.short	392                             @ DW_AT_decl_line
	.byte	4                               @ DW_AT_data_member_location
	.byte	16                              @ Abbrev [16] 0x23e:0xd DW_TAG_member
	.long	.Linfo_string45                 @ DW_AT_name
	.long	491                             @ DW_AT_type
	.byte	5                               @ DW_AT_decl_file
	.short	393                             @ DW_AT_decl_line
	.byte	8                               @ DW_AT_data_member_location
	.byte	16                              @ Abbrev [16] 0x24b:0xd DW_TAG_member
	.long	.Linfo_string46                 @ DW_AT_name
	.long	486                             @ DW_AT_type
	.byte	5                               @ DW_AT_decl_file
	.short	394                             @ DW_AT_decl_line
	.byte	12                              @ DW_AT_data_member_location
	.byte	16                              @ Abbrev [16] 0x258:0xd DW_TAG_member
	.long	.Linfo_string47                 @ DW_AT_name
	.long	486                             @ DW_AT_type
	.byte	5                               @ DW_AT_decl_file
	.short	395                             @ DW_AT_decl_line
	.byte	16                              @ DW_AT_data_member_location
	.byte	16                              @ Abbrev [16] 0x265:0xd DW_TAG_member
	.long	.Linfo_string48                 @ DW_AT_name
	.long	486                             @ DW_AT_type
	.byte	5                               @ DW_AT_decl_file
	.short	396                             @ DW_AT_decl_line
	.byte	20                              @ DW_AT_data_member_location
	.byte	16                              @ Abbrev [16] 0x272:0xd DW_TAG_member
	.long	.Linfo_string49                 @ DW_AT_name
	.long	491                             @ DW_AT_type
	.byte	5                               @ DW_AT_decl_file
	.short	397                             @ DW_AT_decl_line
	.byte	24                              @ DW_AT_data_member_location
	.byte	16                              @ Abbrev [16] 0x27f:0xd DW_TAG_member
	.long	.Linfo_string50                 @ DW_AT_name
	.long	666                             @ DW_AT_type
	.byte	5                               @ DW_AT_decl_file
	.short	398                             @ DW_AT_decl_line
	.byte	28                              @ DW_AT_data_member_location
	.byte	16                              @ Abbrev [16] 0x28c:0xd DW_TAG_member
	.long	.Linfo_string51                 @ DW_AT_name
	.long	486                             @ DW_AT_type
	.byte	5                               @ DW_AT_decl_file
	.short	399                             @ DW_AT_decl_line
	.byte	36                              @ DW_AT_data_member_location
	.byte	0                               @ End Of Children Mark
	.byte	8                               @ Abbrev [8] 0x29a:0xc DW_TAG_array_type
	.long	486                             @ DW_AT_type
	.byte	9                               @ Abbrev [9] 0x29f:0x6 DW_TAG_subrange_type
	.long	142                             @ DW_AT_type
	.byte	2                               @ DW_AT_count
	.byte	0                               @ End Of Children Mark
	.byte	20                              @ Abbrev [20] 0x2a6:0x20 DW_TAG_subprogram
	.long	.Lfunc_begin0                   @ DW_AT_low_pc
	.long	.Lfunc_end0-.Lfunc_begin0       @ DW_AT_high_pc
	.byte	1                               @ DW_AT_frame_base
	.byte	93
	.long	.Linfo_string53                 @ DW_AT_name
	.byte	2                               @ DW_AT_decl_file
	.byte	77                              @ DW_AT_decl_line
                                        @ DW_AT_prototyped
                                        @ DW_AT_external
	.byte	21                              @ Abbrev [21] 0x2b7:0xe DW_TAG_formal_parameter
	.byte	2                               @ DW_AT_location
	.byte	145
	.byte	4
	.long	.Linfo_string67                 @ DW_AT_name
	.byte	2                               @ DW_AT_decl_file
	.byte	77                              @ DW_AT_decl_line
	.long	1082                            @ DW_AT_type
	.byte	0                               @ End Of Children Mark
	.byte	22                              @ Abbrev [22] 0x2c6:0x20 DW_TAG_subprogram
	.long	.Lfunc_begin1                   @ DW_AT_low_pc
	.long	.Lfunc_end1-.Lfunc_begin1       @ DW_AT_high_pc
	.byte	1                               @ DW_AT_frame_base
	.byte	93
	.long	.Linfo_string54                 @ DW_AT_name
	.byte	2                               @ DW_AT_decl_file
	.byte	59                              @ DW_AT_decl_line
                                        @ DW_AT_prototyped
	.byte	21                              @ Abbrev [21] 0x2d7:0xe DW_TAG_formal_parameter
	.byte	2                               @ DW_AT_location
	.byte	145
	.byte	4
	.long	.Linfo_string67                 @ DW_AT_name
	.byte	2                               @ DW_AT_decl_file
	.byte	59                              @ DW_AT_decl_line
	.long	1082                            @ DW_AT_type
	.byte	0                               @ End Of Children Mark
	.byte	23                              @ Abbrev [23] 0x2e6:0x12 DW_TAG_subprogram
	.long	.Lfunc_begin2                   @ DW_AT_low_pc
	.long	.Lfunc_end2-.Lfunc_begin2       @ DW_AT_high_pc
	.byte	1                               @ DW_AT_frame_base
	.byte	93
	.long	.Linfo_string55                 @ DW_AT_name
	.byte	2                               @ DW_AT_decl_file
	.short	343                             @ DW_AT_decl_line
                                        @ DW_AT_prototyped
                                        @ DW_AT_external
	.byte	24                              @ Abbrev [24] 0x2f8:0x12 DW_TAG_subprogram
	.long	.Lfunc_begin3                   @ DW_AT_low_pc
	.long	.Lfunc_end3-.Lfunc_begin3       @ DW_AT_high_pc
	.byte	1                               @ DW_AT_frame_base
	.byte	93
	.long	.Linfo_string56                 @ DW_AT_name
	.byte	5                               @ DW_AT_decl_file
	.short	730                             @ DW_AT_decl_line
                                        @ DW_AT_prototyped
	.byte	25                              @ Abbrev [25] 0x30a:0x16 DW_TAG_subprogram
	.long	.Lfunc_begin4                   @ DW_AT_low_pc
	.long	.Lfunc_end4-.Lfunc_begin4       @ DW_AT_high_pc
	.byte	1                               @ DW_AT_frame_base
	.byte	93
	.long	.Linfo_string57                 @ DW_AT_name
	.byte	2                               @ DW_AT_decl_file
	.short	613                             @ DW_AT_decl_line
                                        @ DW_AT_prototyped
	.long	1075                            @ DW_AT_type
                                        @ DW_AT_external
	.byte	25                              @ Abbrev [25] 0x320:0x16 DW_TAG_subprogram
	.long	.Lfunc_begin5                   @ DW_AT_low_pc
	.long	.Lfunc_end5-.Lfunc_begin5       @ DW_AT_high_pc
	.byte	1                               @ DW_AT_frame_base
	.byte	93
	.long	.Linfo_string59                 @ DW_AT_name
	.byte	2                               @ DW_AT_decl_file
	.short	632                             @ DW_AT_decl_line
                                        @ DW_AT_prototyped
	.long	1075                            @ DW_AT_type
                                        @ DW_AT_external
	.byte	26                              @ Abbrev [26] 0x336:0x22 DW_TAG_subprogram
	.long	.Lfunc_begin6                   @ DW_AT_low_pc
	.long	.Lfunc_end6-.Lfunc_begin6       @ DW_AT_high_pc
	.byte	1                               @ DW_AT_frame_base
	.byte	93
	.long	.Linfo_string60                 @ DW_AT_name
	.byte	2                               @ DW_AT_decl_file
	.short	651                             @ DW_AT_decl_line
                                        @ DW_AT_prototyped
                                        @ DW_AT_external
	.byte	27                              @ Abbrev [27] 0x348:0xf DW_TAG_formal_parameter
	.byte	2                               @ DW_AT_location
	.byte	145
	.byte	4
	.long	.Linfo_string68                 @ DW_AT_name
	.byte	2                               @ DW_AT_decl_file
	.short	651                             @ DW_AT_decl_line
	.long	1075                            @ DW_AT_type
	.byte	0                               @ End Of Children Mark
	.byte	28                              @ Abbrev [28] 0x358:0x22 DW_TAG_subprogram
	.long	.Lfunc_begin7                   @ DW_AT_low_pc
	.long	.Lfunc_end7-.Lfunc_begin7       @ DW_AT_high_pc
	.byte	1                               @ DW_AT_frame_base
	.byte	93
	.long	.Linfo_string61                 @ DW_AT_name
	.byte	2                               @ DW_AT_decl_file
	.short	522                             @ DW_AT_decl_line
                                        @ DW_AT_prototyped
	.byte	27                              @ Abbrev [27] 0x36a:0xf DW_TAG_formal_parameter
	.byte	2                               @ DW_AT_location
	.byte	145
	.byte	4
	.long	.Linfo_string68                 @ DW_AT_name
	.byte	2                               @ DW_AT_decl_file
	.short	522                             @ DW_AT_decl_line
	.long	1075                            @ DW_AT_type
	.byte	0                               @ End Of Children Mark
	.byte	29                              @ Abbrev [29] 0x37a:0x35 DW_TAG_subprogram
	.long	.Lfunc_begin8                   @ DW_AT_low_pc
	.long	.Lfunc_end8-.Lfunc_begin8       @ DW_AT_high_pc
	.byte	1                               @ DW_AT_frame_base
	.byte	93
	.long	.Linfo_string62                 @ DW_AT_name
	.byte	2                               @ DW_AT_decl_file
	.short	676                             @ DW_AT_decl_line
                                        @ DW_AT_prototyped
	.long	1075                            @ DW_AT_type
                                        @ DW_AT_external
	.byte	27                              @ Abbrev [27] 0x390:0xf DW_TAG_formal_parameter
	.byte	2                               @ DW_AT_location
	.byte	145
	.byte	4
	.long	.Linfo_string68                 @ DW_AT_name
	.byte	2                               @ DW_AT_decl_file
	.short	676                             @ DW_AT_decl_line
	.long	1075                            @ DW_AT_type
	.byte	27                              @ Abbrev [27] 0x39f:0xf DW_TAG_formal_parameter
	.byte	2                               @ DW_AT_location
	.byte	145
	.byte	0
	.long	.Linfo_string69                 @ DW_AT_name
	.byte	2                               @ DW_AT_decl_file
	.short	676                             @ DW_AT_decl_line
	.long	1087                            @ DW_AT_type
	.byte	0                               @ End Of Children Mark
	.byte	29                              @ Abbrev [29] 0x3af:0x26 DW_TAG_subprogram
	.long	.Lfunc_begin9                   @ DW_AT_low_pc
	.long	.Lfunc_end9-.Lfunc_begin9       @ DW_AT_high_pc
	.byte	1                               @ DW_AT_frame_base
	.byte	93
	.long	.Linfo_string63                 @ DW_AT_name
	.byte	2                               @ DW_AT_decl_file
	.short	726                             @ DW_AT_decl_line
                                        @ DW_AT_prototyped
	.long	1075                            @ DW_AT_type
                                        @ DW_AT_external
	.byte	27                              @ Abbrev [27] 0x3c5:0xf DW_TAG_formal_parameter
	.byte	2                               @ DW_AT_location
	.byte	145
	.byte	4
	.long	.Linfo_string69                 @ DW_AT_name
	.byte	2                               @ DW_AT_decl_file
	.short	726                             @ DW_AT_decl_line
	.long	1087                            @ DW_AT_type
	.byte	0                               @ End Of Children Mark
	.byte	30                              @ Abbrev [30] 0x3d5:0x16 DW_TAG_subprogram
	.long	.Lfunc_begin10                  @ DW_AT_low_pc
	.long	.Lfunc_end10-.Lfunc_begin10     @ DW_AT_high_pc
	.byte	1                               @ DW_AT_frame_base
	.byte	93
	.long	.Linfo_string64                 @ DW_AT_name
	.byte	2                               @ DW_AT_decl_file
	.short	565                             @ DW_AT_decl_line
                                        @ DW_AT_prototyped
	.long	135                             @ DW_AT_type
	.byte	29                              @ Abbrev [29] 0x3eb:0x26 DW_TAG_subprogram
	.long	.Lfunc_begin11                  @ DW_AT_low_pc
	.long	.Lfunc_end11-.Lfunc_begin11     @ DW_AT_high_pc
	.byte	1                               @ DW_AT_frame_base
	.byte	93
	.long	.Linfo_string65                 @ DW_AT_name
	.byte	2                               @ DW_AT_decl_file
	.short	746                             @ DW_AT_decl_line
                                        @ DW_AT_prototyped
	.long	1075                            @ DW_AT_type
                                        @ DW_AT_external
	.byte	27                              @ Abbrev [27] 0x401:0xf DW_TAG_formal_parameter
	.byte	2                               @ DW_AT_location
	.byte	145
	.byte	0
	.long	.Linfo_string69                 @ DW_AT_name
	.byte	2                               @ DW_AT_decl_file
	.short	746                             @ DW_AT_decl_line
	.long	1087                            @ DW_AT_type
	.byte	0                               @ End Of Children Mark
	.byte	28                              @ Abbrev [28] 0x411:0x22 DW_TAG_subprogram
	.long	.Lfunc_begin12                  @ DW_AT_low_pc
	.long	.Lfunc_end12-.Lfunc_begin12     @ DW_AT_high_pc
	.byte	1                               @ DW_AT_frame_base
	.byte	93
	.long	.Linfo_string66                 @ DW_AT_name
	.byte	2                               @ DW_AT_decl_file
	.short	443                             @ DW_AT_decl_line
                                        @ DW_AT_prototyped
	.byte	27                              @ Abbrev [27] 0x423:0xf DW_TAG_formal_parameter
	.byte	2                               @ DW_AT_location
	.byte	145
	.byte	0
	.long	.Linfo_string68                 @ DW_AT_name
	.byte	2                               @ DW_AT_decl_file
	.short	443                             @ DW_AT_decl_line
	.long	1075                            @ DW_AT_type
	.byte	0                               @ End Of Children Mark
	.byte	7                               @ Abbrev [7] 0x433:0x7 DW_TAG_base_type
	.long	.Linfo_string58                 @ DW_AT_name
	.byte	5                               @ DW_AT_encoding
	.byte	4                               @ DW_AT_byte_size
	.byte	13                              @ Abbrev [13] 0x43a:0x5 DW_TAG_pointer_type
	.long	491                             @ DW_AT_type
	.byte	13                              @ Abbrev [13] 0x43f:0x5 DW_TAG_pointer_type
	.long	55                              @ DW_AT_type
	.byte	0                               @ End Of Children Mark
.Ldebug_info_end0:
	.section	.debug_ranges,"",%progbits
.Ldebug_ranges0:
	.long	.Lfunc_begin0
	.long	.Lfunc_end0
	.long	.Lfunc_begin1
	.long	.Lfunc_end1
	.long	.Lfunc_begin2
	.long	.Lfunc_end2
	.long	.Lfunc_begin3
	.long	.Lfunc_end3
	.long	.Lfunc_begin4
	.long	.Lfunc_end4
	.long	.Lfunc_begin5
	.long	.Lfunc_end5
	.long	.Lfunc_begin6
	.long	.Lfunc_end6
	.long	.Lfunc_begin7
	.long	.Lfunc_end7
	.long	.Lfunc_begin8
	.long	.Lfunc_end8
	.long	.Lfunc_begin9
	.long	.Lfunc_end9
	.long	.Lfunc_begin10
	.long	.Lfunc_end10
	.long	.Lfunc_begin11
	.long	.Lfunc_end11
	.long	.Lfunc_begin12
	.long	.Lfunc_end12
	.long	0
	.long	0
	.section	.debug_str,"MS",%progbits,1
.Linfo_string0:
	.asciz	"Component: ARM Compiler 6.16 Tool: armclang [5dfeb700]" @ string offset=0
.Linfo_string1:
	.asciz	"../../Library/StdDriver/src\\retarget.c" @ string offset=55
.Linfo_string2:
	.asciz	"D:\\Projects\\CCMSFloridaPhpr\\Application\\KEIL" @ string offset=94
.Linfo_string3:
	.asciz	"__stdout"                      @ string offset=139
.Linfo_string4:
	.asciz	"__FILE_opaque"                 @ string offset=148
.Linfo_string5:
	.asciz	"__FILE_alignment"              @ string offset=162
.Linfo_string6:
	.asciz	"long int"                      @ string offset=179
.Linfo_string7:
	.asciz	"__FILE_size"                   @ string offset=188
.Linfo_string8:
	.asciz	"char"                          @ string offset=200
.Linfo_string9:
	.asciz	"__ARRAY_SIZE_TYPE__"           @ string offset=205
.Linfo_string10:
	.asciz	"__FILE"                        @ string offset=225
.Linfo_string11:
	.asciz	"FILE"                          @ string offset=232
.Linfo_string12:
	.asciz	"__stdin"                       @ string offset=237
.Linfo_string13:
	.asciz	"unsigned char"                 @ string offset=245
.Linfo_string14:
	.asciz	"r0"                            @ string offset=259
.Linfo_string15:
	.asciz	"r1"                            @ string offset=262
.Linfo_string16:
	.asciz	"r2"                            @ string offset=265
.Linfo_string17:
	.asciz	"r3"                            @ string offset=268
.Linfo_string18:
	.asciz	"r12"                           @ string offset=271
.Linfo_string19:
	.asciz	"lr"                            @ string offset=275
.Linfo_string20:
	.asciz	"pc"                            @ string offset=278
.Linfo_string21:
	.asciz	"psr"                           @ string offset=281
.Linfo_string22:
	.asciz	"DAT"                           @ string offset=285
.Linfo_string23:
	.asciz	"unsigned int"                  @ string offset=289
.Linfo_string24:
	.asciz	"uint32_t"                      @ string offset=302
.Linfo_string25:
	.asciz	"INTEN"                         @ string offset=311
.Linfo_string26:
	.asciz	"FIFO"                          @ string offset=317
.Linfo_string27:
	.asciz	"LINE"                          @ string offset=322
.Linfo_string28:
	.asciz	"MODEM"                         @ string offset=327
.Linfo_string29:
	.asciz	"MODEMSTS"                      @ string offset=333
.Linfo_string30:
	.asciz	"FIFOSTS"                       @ string offset=342
.Linfo_string31:
	.asciz	"INTSTS"                        @ string offset=350
.Linfo_string32:
	.asciz	"TOUT"                          @ string offset=357
.Linfo_string33:
	.asciz	"BAUD"                          @ string offset=362
.Linfo_string34:
	.asciz	"IRDA"                          @ string offset=367
.Linfo_string35:
	.asciz	"ALTCTL"                        @ string offset=372
.Linfo_string36:
	.asciz	"FUNCSEL"                       @ string offset=379
.Linfo_string37:
	.asciz	"RESERVE0"                      @ string offset=387
.Linfo_string38:
	.asciz	"BRCOMP"                        @ string offset=396
.Linfo_string39:
	.asciz	"WKCTL"                         @ string offset=403
.Linfo_string40:
	.asciz	"WKSTS"                         @ string offset=409
.Linfo_string41:
	.asciz	"DWKCOMP"                       @ string offset=415
.Linfo_string42:
	.asciz	"UART_T"                        @ string offset=423
.Linfo_string43:
	.asciz	"CPUID"                         @ string offset=430
.Linfo_string44:
	.asciz	"ICSR"                          @ string offset=436
.Linfo_string45:
	.asciz	"RESERVED0"                     @ string offset=441
.Linfo_string46:
	.asciz	"AIRCR"                         @ string offset=451
.Linfo_string47:
	.asciz	"SCR"                           @ string offset=457
.Linfo_string48:
	.asciz	"CCR"                           @ string offset=461
.Linfo_string49:
	.asciz	"RESERVED1"                     @ string offset=465
.Linfo_string50:
	.asciz	"SHP"                           @ string offset=475
.Linfo_string51:
	.asciz	"SHCSR"                         @ string offset=479
.Linfo_string52:
	.asciz	"SCB_Type"                      @ string offset=485
.Linfo_string53:
	.asciz	"Hard_Fault_Handler"            @ string offset=494
.Linfo_string54:
	.asciz	"stackDump"                     @ string offset=513
.Linfo_string55:
	.asciz	"HardFault_Handler"             @ string offset=523
.Linfo_string56:
	.asciz	"NVIC_SystemReset"              @ string offset=541
.Linfo_string57:
	.asciz	"kbhit"                         @ string offset=558
.Linfo_string58:
	.asciz	"int"                           @ string offset=564
.Linfo_string59:
	.asciz	"IsDebugFifoEmpty"              @ string offset=568
.Linfo_string60:
	.asciz	"_ttywrch"                      @ string offset=585
.Linfo_string61:
	.asciz	"SendChar"                      @ string offset=594
.Linfo_string62:
	.asciz	"fputc"                         @ string offset=603
.Linfo_string63:
	.asciz	"fgetc"                         @ string offset=609
.Linfo_string64:
	.asciz	"GetChar"                       @ string offset=615
.Linfo_string65:
	.asciz	"ferror"                        @ string offset=623
.Linfo_string66:
	.asciz	"SendChar_ToUART"               @ string offset=630
.Linfo_string67:
	.asciz	"stack"                         @ string offset=646
.Linfo_string68:
	.asciz	"ch"                            @ string offset=652
.Linfo_string69:
	.asciz	"stream"                        @ string offset=655
	.ident	"Component: ARM Compiler 6.16 Tool: armclang [5dfeb700]"
	.section	".note.GNU-stack","",%progbits
	.eabi_attribute	30, 6	@ Tag_ABI_optimization_goals
	.ARM_attribute	16, 1	@ Tag_AV_eba
	.section	.debug_line,"",%progbits
.Lline_table_start0:
