	.text
	.syntax unified
	.eabi_attribute	67, "2.09"	@ Tag_conformance
	.cpu	cortex-m0
	.eabi_attribute	6, 12	@ Tag_CPU_arch
	.eabi_attribute	7, 77	@ Tag_CPU_arch_profile
	.eabi_attribute	8, 0	@ Tag_ARM_ISA_use
	.eabi_attribute	9, 1	@ Tag_THUMB_ISA_use
	.eabi_attribute	34, 0	@ Tag_CPU_unaligned_access
	.eabi_attribute	17, 1	@ Tag_ABI_PCS_GOT_use
	.eabi_attribute	20, 2	@ Tag_ABI_FP_denormal
	.eabi_attribute	21, 0	@ Tag_ABI_FP_exceptions
	.eabi_attribute	23, 1	@ Tag_ABI_FP_number_model
	.eabi_attribute	24, 1	@ Tag_ABI_align_needed
	.eabi_attribute	25, 1	@ Tag_ABI_align_preserved
	.eabi_attribute	38, 1	@ Tag_ABI_FP_16bit_format
	.eabi_attribute	18, 2	@ Tag_ABI_PCS_wchar_t
	.eabi_attribute	26, 1	@ Tag_ABI_enum_size
	.eabi_attribute	14, 0	@ Tag_ABI_PCS_R9_use
	.file	"Utilities.c"
	.file	1 "C:\\Keil_v5\\ARM\\ARMCLANG\\Bin\\..\\include" "stdint.h"
	.section	.text.AppendVariableString,"ax",%progbits
	.hidden	AppendVariableString            @ -- Begin function AppendVariableString
	.globl	AppendVariableString
	.p2align	1
	.type	AppendVariableString,%function
	.code	16                              @ @AppendVariableString
	.thumb_func
AppendVariableString:
.Lfunc_begin0:
	.file	2 "D:\\Projects\\CCMSFloridaPhpr\\Application\\KEIL" "../Source/Utilities.c"
	.loc	2 25 0                          @ ../Source/Utilities.c:25:0
	.fnstart
	.cfi_sections .debug_frame
	.cfi_startproc
@ %bb.0:
	.save	{r4, lr}
	push	{r4, lr}
	.cfi_def_cfa_offset 8
	.cfi_offset lr, -4
	.cfi_offset r4, -8
	.pad	#24
	sub	sp, #24
	.cfi_def_cfa_offset 32
	ldr	r4, [sp, #32]
                                        @ kill: def $r4 killed $r3
                                        @ kill: def $r4 killed $r2
	str	r0, [sp, #20]
	str	r1, [sp, #16]
	add	r0, sp, #12
	str	r0, [sp]                        @ 4-byte Spill
	strb	r2, [r0]
	add	r0, sp, #8
	strb	r3, [r0]
.Ltmp0:
	.loc	2 27 14 prologue_end            @ ../Source/Utilities.c:27:14
	ldr	r0, [sp, #16]
	.loc	2 27 7 is_stmt 0                @ ../Source/Utilities.c:27:7
	bl	strlen
	ldr	r1, [sp]                        @ 4-byte Reload
	mov	r2, r0
	add	r0, sp, #4
	.loc	2 27 5                          @ ../Source/Utilities.c:27:5
	strh	r2, [r0]
.Ltmp1:
	.loc	2 28 6 is_stmt 1                @ ../Source/Utilities.c:28:6
	ldrh	r0, [r0]
	.loc	2 28 11 is_stmt 0               @ ../Source/Utilities.c:28:11
	ldrb	r1, [r1]
	.loc	2 28 22                         @ ../Source/Utilities.c:28:22
	cmp	r0, r1
	bgt	.LBB0_2
	b	.LBB0_1
.LBB0_1:
	.loc	2 0 22                          @ ../Source/Utilities.c:0:22
	add	r0, sp, #4
	.loc	2 28 26                         @ ../Source/Utilities.c:28:26
	ldrh	r0, [r0]
	add	r1, sp, #8
	.loc	2 28 31                         @ ../Source/Utilities.c:28:31
	ldrb	r1, [r1]
.Ltmp2:
	.loc	2 28 5                          @ ../Source/Utilities.c:28:5
	cmp	r0, r1
	bge	.LBB0_3
	b	.LBB0_2
.LBB0_2:
.Ltmp3:
	.loc	2 30 10 is_stmt 1               @ ../Source/Utilities.c:30:10
	ldr	r0, [sp, #20]
	.loc	2 30 15 is_stmt 0               @ ../Source/Utilities.c:30:15
	ldr	r1, [sp, #32]
	.loc	2 30 3                          @ ../Source/Utilities.c:30:3
	bl	strcat
	.loc	2 31 2 is_stmt 1                @ ../Source/Utilities.c:31:2
	b	.LBB0_4
.Ltmp4:
.LBB0_3:
	.loc	2 34 10                         @ ../Source/Utilities.c:34:10
	ldr	r0, [sp, #20]
	.loc	2 34 15 is_stmt 0               @ ../Source/Utilities.c:34:15
	ldr	r1, [sp, #16]
	.loc	2 34 3                          @ ../Source/Utilities.c:34:3
	bl	strcat
	b	.LBB0_4
.Ltmp5:
.LBB0_4:
	.loc	2 36 1 is_stmt 1                @ ../Source/Utilities.c:36:1
	add	sp, #24
	pop	{r4, pc}
.Ltmp6:
.Lfunc_end0:
	.size	AppendVariableString, .Lfunc_end0-AppendVariableString
	.cfi_endproc
	.cantunwind
	.fnend
                                        @ -- End function
	.section	.text.AppendFixString,"ax",%progbits
	.hidden	AppendFixString                 @ -- Begin function AppendFixString
	.globl	AppendFixString
	.p2align	1
	.type	AppendFixString,%function
	.code	16                              @ @AppendFixString
	.thumb_func
AppendFixString:
.Lfunc_begin1:
	.loc	2 39 0                          @ ../Source/Utilities.c:39:0
	.fnstart
	.cfi_startproc
@ %bb.0:
	.save	{r4, lr}
	push	{r4, lr}
	.cfi_def_cfa_offset 8
	.cfi_offset lr, -4
	.cfi_offset r4, -8
	.pad	#24
	sub	sp, #24
	.cfi_def_cfa_offset 32
                                        @ kill: def $r4 killed $r2
	str	r0, [sp, #20]
	str	r1, [sp, #16]
	add	r0, sp, #12
	str	r0, [sp]                        @ 4-byte Spill
	strb	r2, [r0]
	str	r3, [sp, #8]
.Ltmp7:
	.loc	2 41 14 prologue_end            @ ../Source/Utilities.c:41:14
	ldr	r0, [sp, #16]
	.loc	2 41 7 is_stmt 0                @ ../Source/Utilities.c:41:7
	bl	strlen
	ldr	r1, [sp]                        @ 4-byte Reload
	mov	r2, r0
	add	r0, sp, #4
	.loc	2 41 5                          @ ../Source/Utilities.c:41:5
	strh	r2, [r0]
.Ltmp8:
	.loc	2 42 5 is_stmt 1                @ ../Source/Utilities.c:42:5
	ldrh	r0, [r0]
	.loc	2 42 11 is_stmt 0               @ ../Source/Utilities.c:42:11
	ldrb	r1, [r1]
.Ltmp9:
	.loc	2 42 5                          @ ../Source/Utilities.c:42:5
	cmp	r0, r1
	bne	.LBB1_2
	b	.LBB1_1
.LBB1_1:
.Ltmp10:
	.loc	2 44 10 is_stmt 1               @ ../Source/Utilities.c:44:10
	ldr	r0, [sp, #20]
	.loc	2 44 15 is_stmt 0               @ ../Source/Utilities.c:44:15
	ldr	r1, [sp, #16]
	.loc	2 44 3                          @ ../Source/Utilities.c:44:3
	bl	strcat
	.loc	2 45 2 is_stmt 1                @ ../Source/Utilities.c:45:2
	b	.LBB1_3
.Ltmp11:
.LBB1_2:
	.loc	2 47 10                         @ ../Source/Utilities.c:47:10
	ldr	r0, [sp, #20]
	.loc	2 47 15 is_stmt 0               @ ../Source/Utilities.c:47:15
	ldr	r1, [sp, #8]
	.loc	2 47 3                          @ ../Source/Utilities.c:47:3
	bl	strcat
	b	.LBB1_3
.Ltmp12:
.LBB1_3:
	.loc	2 48 1 is_stmt 1                @ ../Source/Utilities.c:48:1
	add	sp, #24
	pop	{r4, pc}
.Ltmp13:
.Lfunc_end1:
	.size	AppendFixString, .Lfunc_end1-AppendFixString
	.cfi_endproc
	.cantunwind
	.fnend
                                        @ -- End function
	.section	.text.InsertStringValue,"ax",%progbits
	.hidden	InsertStringValue               @ -- Begin function InsertStringValue
	.globl	InsertStringValue
	.p2align	1
	.type	InsertStringValue,%function
	.code	16                              @ @InsertStringValue
	.thumb_func
InsertStringValue:
.Lfunc_begin2:
	.loc	2 52 0                          @ ../Source/Utilities.c:52:0
	.fnstart
	.cfi_startproc
@ %bb.0:
	.save	{r4, r5, r7, lr}
	push	{r4, r5, r7, lr}
	.cfi_def_cfa_offset 16
	.cfi_offset lr, -4
	.cfi_offset r7, -8
	.cfi_offset r5, -12
	.cfi_offset r4, -16
	.pad	#48
	sub	sp, #48
	.cfi_def_cfa_offset 64
	mov	r4, r0
	ldr	r0, [sp, #64]
                                        @ kill: def $r5 killed $r3
                                        @ kill: def $r5 killed $r2
	str	r4, [sp, #44]
	str	r1, [sp, #40]
	add	r1, sp, #36
	str	r1, [sp, #4]                    @ 4-byte Spill
	strh	r2, [r1]
	add	r1, sp, #32
	str	r1, [sp, #8]                    @ 4-byte Spill
	strh	r3, [r1]
	add	r1, sp, #28
	strb	r0, [r1]
	add	r1, sp, #24
	movs	r0, #0
.Ltmp14:
	.loc	2 53 11 prologue_end            @ ../Source/Utilities.c:53:11
	strh	r0, [r1]
	add	r1, sp, #20
	.loc	2 53 15 is_stmt 0               @ ../Source/Utilities.c:53:15
	strh	r0, [r1]
	.loc	2 55 21 is_stmt 1               @ ../Source/Utilities.c:55:21
	ldr	r0, [sp, #40]
	.loc	2 55 14 is_stmt 0               @ ../Source/Utilities.c:55:14
	bl	strlen
	ldr	r2, [sp, #4]                    @ 4-byte Reload
	ldr	r1, [sp, #8]                    @ 4-byte Reload
	add	r3, sp, #12
	.loc	2 55 11                         @ ../Source/Utilities.c:55:11
	strh	r0, [r3]
	.loc	2 56 10 is_stmt 1               @ ../Source/Utilities.c:56:10
	ldr	r0, [sp, #44]
	.loc	2 56 17 is_stmt 0               @ ../Source/Utilities.c:56:17
	ldrh	r2, [r2]
	.loc	2 56 10                         @ ../Source/Utilities.c:56:10
	adds	r0, r0, r2
	.loc	2 56 31                         @ ../Source/Utilities.c:56:31
	ldrh	r1, [r1]
	movs	r2, #48
	.loc	2 56 2                          @ ../Source/Utilities.c:56:2
	bl	__aeabi_memset
.Ltmp15:
	.loc	2 58 6 is_stmt 1                @ ../Source/Utilities.c:58:6
	ldr	r0, [sp, #40]
.Ltmp16:
	.loc	2 58 5 is_stmt 0                @ ../Source/Utilities.c:58:5
	cmp	r0, #0
	bne	.LBB2_2
	b	.LBB2_1
.LBB2_1:
.Ltmp17:
	.loc	2 59 3 is_stmt 1                @ ../Source/Utilities.c:59:3
	b	.LBB2_16
.Ltmp18:
.LBB2_2:
	.loc	2 0 3 is_stmt 0                 @ ../Source/Utilities.c:0:3
	add	r0, sp, #12
.Ltmp19:
	.loc	2 60 5 is_stmt 1                @ ../Source/Utilities.c:60:5
	ldrh	r0, [r0]
.Ltmp20:
	.loc	2 60 5 is_stmt 0                @ ../Source/Utilities.c:60:5
	cmp	r0, #1
	blt	.LBB2_16
	b	.LBB2_3
.LBB2_3:
	.loc	2 0 5                           @ ../Source/Utilities.c:0:5
	add	r0, sp, #12
.Ltmp21:
	.loc	2 62 6 is_stmt 1                @ ../Source/Utilities.c:62:6
	ldrh	r0, [r0]
	add	r1, sp, #32
	.loc	2 62 12 is_stmt 0               @ ../Source/Utilities.c:62:12
	ldrh	r1, [r1]
.Ltmp22:
	.loc	2 62 6                          @ ../Source/Utilities.c:62:6
	cmp	r0, r1
	bgt	.LBB2_5
	b	.LBB2_4
.LBB2_4:
.Ltmp23:
	.loc	2 63 6 is_stmt 1                @ ../Source/Utilities.c:63:6
	ldr	r0, [sp, #32]
	.loc	2 63 13 is_stmt 0               @ ../Source/Utilities.c:63:13
	ldr	r1, [sp, #12]
	.loc	2 63 12                         @ ../Source/Utilities.c:63:12
	subs	r0, r0, r1
	add	r1, sp, #24
	.loc	2 63 5                          @ ../Source/Utilities.c:63:5
	strh	r0, [r1]
	.loc	2 63 4                          @ ../Source/Utilities.c:63:4
	b	.LBB2_6
.LBB2_5:
	.loc	2 65 7 is_stmt 1                @ ../Source/Utilities.c:65:7
	ldr	r0, [sp, #32]
	add	r1, sp, #12
	.loc	2 65 6 is_stmt 0                @ ../Source/Utilities.c:65:6
	strh	r0, [r1]
	b	.LBB2_6
.Ltmp24:
.LBB2_6:
	.loc	2 67 14 is_stmt 1               @ ../Source/Utilities.c:67:14
	ldr	r0, [sp, #36]
	.loc	2 67 25 is_stmt 0               @ ../Source/Utilities.c:67:25
	ldr	r1, [sp, #24]
	.loc	2 67 23                         @ ../Source/Utilities.c:67:23
	adds	r0, r0, r1
	add	r1, sp, #36
	.loc	2 67 12                         @ ../Source/Utilities.c:67:12
	strh	r0, [r1]
	.loc	2 68 3 is_stmt 1                @ ../Source/Utilities.c:68:3
	b	.LBB2_7
.LBB2_7:                                @ =>This Inner Loop Header: Depth=1
	.loc	2 0 3 is_stmt 0                 @ ../Source/Utilities.c:0:3
	add	r0, sp, #20
	.loc	2 68 9                          @ ../Source/Utilities.c:68:9
	ldrh	r0, [r0]
	add	r1, sp, #12
	.loc	2 68 11                         @ ../Source/Utilities.c:68:11
	ldrh	r1, [r1]
	.loc	2 68 3                          @ ../Source/Utilities.c:68:3
	cmp	r0, r1
	bge	.LBB2_15
	b	.LBB2_8
.LBB2_8:                                @   in Loop: Header=BB2_7 Depth=1
.Ltmp25:
	.loc	2 70 7 is_stmt 1                @ ../Source/Utilities.c:70:7
	bl	__rt_ctype_table
	ldr	r0, [r0]
	ldr	r1, [sp, #40]
	add	r2, sp, #20
	ldrh	r2, [r2]
	ldrb	r1, [r1, r2]
	ldrb	r0, [r0, r1]
.Ltmp26:
	.loc	2 70 7 is_stmt 0                @ ../Source/Utilities.c:70:7
	lsls	r0, r0, #26
	lsrs	r0, r0, #27
	cmp	r0, #0
	beq	.LBB2_10
	b	.LBB2_9
.LBB2_9:                                @   in Loop: Header=BB2_7 Depth=1
.Ltmp27:
	.loc	2 71 8 is_stmt 1                @ ../Source/Utilities.c:71:8
	ldr	r0, [sp, #40]
	add	r1, sp, #20
	.loc	2 71 14 is_stmt 0               @ ../Source/Utilities.c:71:14
	ldrh	r1, [r1]
	.loc	2 71 8                          @ ../Source/Utilities.c:71:8
	ldrb	r0, [r0, r1]
	add	r1, sp, #16
	.loc	2 71 7                          @ ../Source/Utilities.c:71:7
	strb	r0, [r1]
	.loc	2 71 5                          @ ../Source/Utilities.c:71:5
	b	.LBB2_11
.LBB2_10:                               @   in Loop: Header=BB2_7 Depth=1
	.loc	2 0 5                           @ ../Source/Utilities.c:0:5
	add	r1, sp, #16
	movs	r0, #48
	.loc	2 73 7 is_stmt 1                @ ../Source/Utilities.c:73:7
	strb	r0, [r1]
	b	.LBB2_11
.Ltmp28:
.LBB2_11:                               @   in Loop: Header=BB2_7 Depth=1
	.loc	2 0 7 is_stmt 0                 @ ../Source/Utilities.c:0:7
	add	r0, sp, #28
.Ltmp29:
	.loc	2 74 8 is_stmt 1                @ ../Source/Utilities.c:74:8
	ldrb	r0, [r0]
	.loc	2 74 12 is_stmt 0               @ ../Source/Utilities.c:74:12
	cmp	r0, #0
	beq	.LBB2_14
	b	.LBB2_12
.LBB2_12:                               @   in Loop: Header=BB2_7 Depth=1
	.loc	2 0 12                          @ ../Source/Utilities.c:0:12
	add	r0, sp, #16
	.loc	2 74 16                         @ ../Source/Utilities.c:74:16
	ldrb	r0, [r0]
.Ltmp30:
	.loc	2 74 7                          @ ../Source/Utilities.c:74:7
	cmp	r0, #45
	bne	.LBB2_14
	b	.LBB2_13
.LBB2_13:                               @   in Loop: Header=BB2_7 Depth=1
	.loc	2 0 7                           @ ../Source/Utilities.c:0:7
	add	r1, sp, #16
	movs	r0, #48
.Ltmp31:
	.loc	2 75 7 is_stmt 1                @ ../Source/Utilities.c:75:7
	strb	r0, [r1]
	.loc	2 75 5 is_stmt 0                @ ../Source/Utilities.c:75:5
	b	.LBB2_14
.Ltmp32:
.LBB2_14:                               @   in Loop: Header=BB2_7 Depth=1
	.loc	2 76 5 is_stmt 1                @ ../Source/Utilities.c:76:5
	ldr	r0, [sp, #20]
	adds	r0, r0, #1
	add	r1, sp, #20
	strh	r0, [r1]
	.loc	2 77 23                         @ ../Source/Utilities.c:77:23
	ldr	r0, [sp, #16]
	.loc	2 77 4 is_stmt 0                @ ../Source/Utilities.c:77:4
	ldr	r1, [sp, #44]
	add	r4, sp, #36
	.loc	2 77 19                         @ ../Source/Utilities.c:77:19
	ldrh	r2, [r4]
	adds	r3, r2, #1
	strh	r3, [r4]
	.loc	2 77 22                         @ ../Source/Utilities.c:77:22
	strb	r0, [r1, r2]
.Ltmp33:
	.loc	2 68 3 is_stmt 1                @ ../Source/Utilities.c:68:3
	b	.LBB2_7
.LBB2_15:
	.loc	2 79 2                          @ ../Source/Utilities.c:79:2
	b	.LBB2_16
.Ltmp34:
.LBB2_16:
	.loc	2 80 1                          @ ../Source/Utilities.c:80:1
	add	sp, #48
	pop	{r4, r5, r7, pc}
.Ltmp35:
.Lfunc_end2:
	.size	InsertStringValue, .Lfunc_end2-InsertStringValue
	.cfi_endproc
	.cantunwind
	.fnend
                                        @ -- End function
	.section	.text.InsertIntValue,"ax",%progbits
	.hidden	InsertIntValue                  @ -- Begin function InsertIntValue
	.globl	InsertIntValue
	.p2align	1
	.type	InsertIntValue,%function
	.code	16                              @ @InsertIntValue
	.thumb_func
InsertIntValue:
.Lfunc_begin3:
	.loc	2 83 0                          @ ../Source/Utilities.c:83:0
	.fnstart
	.cfi_startproc
@ %bb.0:
	.save	{r7, lr}
	push	{r7, lr}
	.cfi_def_cfa_offset 8
	.cfi_offset lr, -4
	.cfi_offset r7, -8
	.pad	#40
	sub	sp, #40
	.cfi_def_cfa_offset 48
	str	r2, [sp]                        @ 4-byte Spill
	mov	r2, r0
	ldr	r0, [sp]                        @ 4-byte Reload
                                        @ kill: def $r3 killed $r1
	str	r2, [sp, #36]
	add	r2, sp, #32
	strh	r1, [r2]
	str	r0, [sp, #28]
	add	r0, sp, #8
	str	r0, [sp, #4]                    @ 4-byte Spill
	movs	r1, #0
.Ltmp36:
	.loc	2 85 2 prologue_end             @ ../Source/Utilities.c:85:2
	strh	r1, [r0, #16]
	str	r1, [sp, #20]
	str	r1, [sp, #16]
	str	r1, [sp, #12]
	str	r1, [sp, #8]
	.loc	2 86 13                         @ ../Source/Utilities.c:86:13
	ldr	r1, [sp, #28]
	.loc	2 86 21 is_stmt 0               @ ../Source/Utilities.c:86:21
	ldrh	r2, [r2]
	.loc	2 86 2                          @ ../Source/Utilities.c:86:2
	bl	sprintf
	ldr	r1, [sp, #4]                    @ 4-byte Reload
	.loc	2 87 9 is_stmt 1                @ ../Source/Utilities.c:87:9
	ldr	r0, [sp, #36]
	.loc	2 87 2 is_stmt 0                @ ../Source/Utilities.c:87:2
	bl	strcat
	.loc	2 88 1 is_stmt 1                @ ../Source/Utilities.c:88:1
	add	sp, #40
	pop	{r7, pc}
.Ltmp37:
.Lfunc_end3:
	.size	InsertIntValue, .Lfunc_end3-InsertIntValue
	.cfi_endproc
	.cantunwind
	.fnend
                                        @ -- End function
	.section	.text.InsertFloatValue,"ax",%progbits
	.hidden	InsertFloatValue                @ -- Begin function InsertFloatValue
	.globl	InsertFloatValue
	.p2align	1
	.type	InsertFloatValue,%function
	.code	16                              @ @InsertFloatValue
	.thumb_func
InsertFloatValue:
.Lfunc_begin4:
	.loc	2 93 0                          @ ../Source/Utilities.c:93:0
	.fnstart
	.cfi_startproc
@ %bb.0:
	.save	{r7, lr}
	push	{r7, lr}
	.cfi_def_cfa_offset 8
	.cfi_offset lr, -4
	.cfi_offset r7, -8
	.pad	#40
	sub	sp, #40
	.cfi_def_cfa_offset 48
                                        @ kill: def $r1 killed $r3
                                        @ kill: def $r1 killed $r2
	ldr	r1, [sp, #48]
	str	r0, [sp, #36]
	str	r3, [sp, #28]
	str	r2, [sp, #24]
	add	r0, sp, #4
	str	r0, [sp]                        @ 4-byte Spill
	movs	r1, #0
.Ltmp38:
	.loc	2 95 2 prologue_end             @ ../Source/Utilities.c:95:2
	strh	r1, [r0, #16]
	str	r1, [sp, #16]
	str	r1, [sp, #12]
	str	r1, [sp, #8]
	str	r1, [sp, #4]
	.loc	2 96 13                         @ ../Source/Utilities.c:96:13
	ldr	r1, [sp, #48]
	.loc	2 96 2 is_stmt 0                @ ../Source/Utilities.c:96:2
	ldr	r3, [sp, #28]
	ldr	r2, [sp, #24]
	bl	sprintf
	ldr	r1, [sp]                        @ 4-byte Reload
	.loc	2 98 9 is_stmt 1                @ ../Source/Utilities.c:98:9
	ldr	r0, [sp, #36]
	.loc	2 98 2 is_stmt 0                @ ../Source/Utilities.c:98:2
	bl	strcat
	.loc	2 99 1 is_stmt 1                @ ../Source/Utilities.c:99:1
	add	sp, #40
	pop	{r7, pc}
.Ltmp39:
.Lfunc_end4:
	.size	InsertFloatValue, .Lfunc_end4-InsertFloatValue
	.cfi_endproc
	.cantunwind
	.fnend
                                        @ -- End function
	.section	.text.InsertCurrentDateTime,"ax",%progbits
	.hidden	InsertCurrentDateTime           @ -- Begin function InsertCurrentDateTime
	.globl	InsertCurrentDateTime
	.p2align	1
	.type	InsertCurrentDateTime,%function
	.code	16                              @ @InsertCurrentDateTime
	.thumb_func
InsertCurrentDateTime:
.Lfunc_begin5:
	.loc	2 102 0                         @ ../Source/Utilities.c:102:0
	.fnstart
	.cfi_startproc
@ %bb.0:
	.pad	#8
	sub	sp, #8
	.cfi_def_cfa_offset 8
                                        @ kill: def $r2 killed $r1
	str	r0, [sp, #4]
	mov	r0, sp
	strb	r1, [r0]
.Ltmp40:
	.loc	2 115 1 prologue_end            @ ../Source/Utilities.c:115:1
	add	sp, #8
	bx	lr
.Ltmp41:
.Lfunc_end5:
	.size	InsertCurrentDateTime, .Lfunc_end5-InsertCurrentDateTime
	.cfi_endproc
	.cantunwind
	.fnend
                                        @ -- End function
	.section	.text.ParseData,"ax",%progbits
	.hidden	ParseData                       @ -- Begin function ParseData
	.globl	ParseData
	.p2align	1
	.type	ParseData,%function
	.code	16                              @ @ParseData
	.thumb_func
ParseData:
.Lfunc_begin6:
	.loc	2 119 0                         @ ../Source/Utilities.c:119:0
	.fnstart
	.cfi_startproc
@ %bb.0:
	.save	{r4, lr}
	push	{r4, lr}
	.cfi_def_cfa_offset 8
	.cfi_offset lr, -4
	.cfi_offset r4, -8
	.pad	#48
	sub	sp, #48
	.cfi_def_cfa_offset 56
                                        @ kill: def $r4 killed $r3
                                        @ kill: def $r4 killed $r2
	str	r0, [sp, #40]
	str	r1, [sp, #36]
	add	r0, sp, #32
	strb	r2, [r0]
	add	r0, sp, #28
	str	r0, [sp, #4]                    @ 4-byte Spill
	strh	r3, [r0]
	add	r1, sp, #24
	movs	r0, #0
.Ltmp42:
	.loc	2 120 11 prologue_end           @ ../Source/Utilities.c:120:11
	strh	r0, [r1]
	add	r1, sp, #20
	.loc	2 120 17 is_stmt 0              @ ../Source/Utilities.c:120:17
	strh	r0, [r1]
	add	r1, sp, #16
	.loc	2 120 24                        @ ../Source/Utilities.c:120:24
	strh	r0, [r1]
	.loc	2 121 12 is_stmt 1              @ ../Source/Utilities.c:121:12
	ldr	r0, [sp, #40]
	.loc	2 121 5 is_stmt 0               @ ../Source/Utilities.c:121:5
	bl	strlen
	ldr	r1, [sp, #4]                    @ 4-byte Reload
	mov	r2, r0
	add	r0, sp, #8
	.loc	2 121 4                         @ ../Source/Utilities.c:121:4
	strh	r2, [r0]
.Ltmp43:
	.loc	2 122 5 is_stmt 1               @ ../Source/Utilities.c:122:5
	ldrh	r0, [r0]
	.loc	2 122 10 is_stmt 0              @ ../Source/Utilities.c:122:10
	ldrh	r1, [r1]
.Ltmp44:
	.loc	2 122 5                         @ ../Source/Utilities.c:122:5
	cmp	r0, r1
	bge	.LBB6_2
	b	.LBB6_1
.LBB6_1:
	.loc	2 0 5                           @ ../Source/Utilities.c:0:5
	add	r1, sp, #44
	movs	r0, #0
.Ltmp45:
	.loc	2 123 3 is_stmt 1               @ ../Source/Utilities.c:123:3
	strh	r0, [r1]
	b	.LBB6_13
.Ltmp46:
.LBB6_2:
	.loc	2 124 2                         @ ../Source/Utilities.c:124:2
	ldr	r1, [sp, #36]
	movs	r0, #0
	.loc	2 124 10 is_stmt 0              @ ../Source/Utilities.c:124:10
	strb	r0, [r1]
	.loc	2 125 2 is_stmt 1               @ ../Source/Utilities.c:125:2
	b	.LBB6_3
.LBB6_3:                                @ =>This Inner Loop Header: Depth=1
	.loc	2 0 2 is_stmt 0                 @ ../Source/Utilities.c:0:2
	add	r0, sp, #24
	.loc	2 125 8                         @ ../Source/Utilities.c:125:8
	ldrh	r0, [r0]
	add	r1, sp, #8
	.loc	2 125 12                        @ ../Source/Utilities.c:125:12
	ldrh	r1, [r1]
	.loc	2 125 2                         @ ../Source/Utilities.c:125:2
	cmp	r0, r1
	bge	.LBB6_12
	b	.LBB6_4
.LBB6_4:                                @   in Loop: Header=BB6_3 Depth=1
.Ltmp47:
	.loc	2 127 6 is_stmt 1               @ ../Source/Utilities.c:127:6
	ldr	r0, [sp, #40]
	add	r1, sp, #24
	.loc	2 127 10 is_stmt 0              @ ../Source/Utilities.c:127:10
	ldrh	r1, [r1]
	.loc	2 127 6                         @ ../Source/Utilities.c:127:6
	ldrb	r0, [r0, r1]
	add	r1, sp, #32
	.loc	2 127 14                        @ ../Source/Utilities.c:127:14
	ldrb	r1, [r1]
.Ltmp48:
	.loc	2 127 6                         @ ../Source/Utilities.c:127:6
	cmp	r0, r1
	bne	.LBB6_11
	b	.LBB6_5
.LBB6_5:                                @   in Loop: Header=BB6_3 Depth=1
	.loc	2 0 6                           @ ../Source/Utilities.c:0:6
	add	r0, sp, #28
.Ltmp49:
	.loc	2 129 7 is_stmt 1               @ ../Source/Utilities.c:129:7
	ldrh	r0, [r0]
	add	r1, sp, #20
	.loc	2 129 14 is_stmt 0              @ ../Source/Utilities.c:129:14
	ldrh	r1, [r1]
.Ltmp50:
	.loc	2 129 7                         @ ../Source/Utilities.c:129:7
	cmp	r0, r1
	bne	.LBB6_10
	b	.LBB6_6
.LBB6_6:                                @   in Loop: Header=BB6_3 Depth=1
.Ltmp51:
	.loc	2 131 7 is_stmt 1               @ ../Source/Utilities.c:131:7
	ldr	r0, [sp, #24]
	.loc	2 131 11 is_stmt 0              @ ../Source/Utilities.c:131:11
	ldr	r1, [sp, #16]
	.loc	2 131 9                         @ ../Source/Utilities.c:131:9
	subs	r1, r0, r1
	add	r0, sp, #12
	.loc	2 131 6                         @ ../Source/Utilities.c:131:6
	strh	r1, [r0]
.Ltmp52:
	.loc	2 132 9 is_stmt 1               @ ../Source/Utilities.c:132:9
	ldrh	r0, [r0]
	.loc	2 132 16 is_stmt 0              @ ../Source/Utilities.c:132:16
	cmp	r0, #1
	blt	.LBB6_9
	b	.LBB6_7
.LBB6_7:                                @   in Loop: Header=BB6_3 Depth=1
	.loc	2 0 16                          @ ../Source/Utilities.c:0:16
	add	r0, sp, #12
	.loc	2 132 20                        @ ../Source/Utilities.c:132:20
	ldrh	r0, [r0]
.Ltmp53:
	.loc	2 132 8                         @ ../Source/Utilities.c:132:8
	cmp	r0, #19
	bgt	.LBB6_9
	b	.LBB6_8
.LBB6_8:
.Ltmp54:
	.loc	2 134 14 is_stmt 1              @ ../Source/Utilities.c:134:14
	ldr	r0, [sp, #36]
	.loc	2 134 21 is_stmt 0              @ ../Source/Utilities.c:134:21
	ldr	r1, [sp, #40]
	add	r2, sp, #16
	.loc	2 134 25                        @ ../Source/Utilities.c:134:25
	ldrh	r2, [r2]
	.loc	2 134 21                        @ ../Source/Utilities.c:134:21
	adds	r1, r1, r2
	add	r2, sp, #12
	.loc	2 134 28                        @ ../Source/Utilities.c:134:28
	ldrh	r2, [r2]
	.loc	2 134 6                         @ ../Source/Utilities.c:134:6
	bl	strncpy
	.loc	2 135 13 is_stmt 1              @ ../Source/Utilities.c:135:13
	ldr	r0, [sp, #16]
	add	r1, sp, #44
	.loc	2 135 6 is_stmt 0               @ ../Source/Utilities.c:135:6
	strh	r0, [r1]
	b	.LBB6_13
.Ltmp55:
.LBB6_9:                                @   in Loop: Header=BB6_3 Depth=1
	.loc	2 137 4 is_stmt 1               @ ../Source/Utilities.c:137:4
	b	.LBB6_10
.Ltmp56:
.LBB6_10:                               @   in Loop: Header=BB6_3 Depth=1
	.loc	2 138 5                         @ ../Source/Utilities.c:138:5
	ldr	r0, [sp, #20]
	adds	r0, r0, #1
	add	r1, sp, #20
	strh	r0, [r1]
	.loc	2 139 6                         @ ../Source/Utilities.c:139:6
	ldr	r0, [sp, #24]
	.loc	2 139 7 is_stmt 0               @ ../Source/Utilities.c:139:7
	adds	r0, r0, #1
	add	r1, sp, #16
	.loc	2 139 5                         @ ../Source/Utilities.c:139:5
	strh	r0, [r1]
	.loc	2 140 3 is_stmt 1               @ ../Source/Utilities.c:140:3
	b	.LBB6_11
.Ltmp57:
.LBB6_11:                               @   in Loop: Header=BB6_3 Depth=1
	.loc	2 141 4                         @ ../Source/Utilities.c:141:4
	ldr	r0, [sp, #24]
	adds	r0, r0, #1
	add	r1, sp, #24
	strh	r0, [r1]
.Ltmp58:
	.loc	2 125 2                         @ ../Source/Utilities.c:125:2
	b	.LBB6_3
.LBB6_12:
	.loc	2 0 2 is_stmt 0                 @ ../Source/Utilities.c:0:2
	add	r1, sp, #44
	movs	r0, #0
	.loc	2 143 2 is_stmt 1               @ ../Source/Utilities.c:143:2
	strh	r0, [r1]
	b	.LBB6_13
.LBB6_13:
	.loc	2 0 2 is_stmt 0                 @ ../Source/Utilities.c:0:2
	add	r0, sp, #44
	.loc	2 144 1 is_stmt 1               @ ../Source/Utilities.c:144:1
	ldrh	r0, [r0]
	add	sp, #48
	pop	{r4, pc}
.Ltmp59:
.Lfunc_end6:
	.size	ParseData, .Lfunc_end6-ParseData
	.cfi_endproc
	.cantunwind
	.fnend
                                        @ -- End function
	.section	.text.floatToInt,"ax",%progbits
	.hidden	floatToInt                      @ -- Begin function floatToInt
	.globl	floatToInt
	.p2align	2
	.type	floatToInt,%function
	.code	16                              @ @floatToInt
	.thumb_func
floatToInt:
.Lfunc_begin7:
	.loc	2 155 0                         @ ../Source/Utilities.c:155:0
	.fnstart
	.cfi_startproc
@ %bb.0:
	.save	{r7, lr}
	push	{r7, lr}
	.cfi_def_cfa_offset 8
	.cfi_offset lr, -4
	.cfi_offset r7, -8
	.pad	#32
	sub	sp, #32
	.cfi_def_cfa_offset 40
                                        @ kill: def $r3 killed $r0
	str	r0, [sp, #28]
	str	r1, [sp, #24]
	str	r2, [sp, #20]
.Ltmp60:
	.loc	2 156 6 prologue_end            @ ../Source/Utilities.c:156:6
	ldr	r0, [sp, #28]
	movs	r1, #0
	.loc	2 156 9 is_stmt 0               @ ../Source/Utilities.c:156:9
	bl	__aeabi_fcmplt
.Ltmp61:
	.loc	2 156 6                         @ ../Source/Utilities.c:156:6
	cmp	r0, #0
	bne	.LBB7_2
	b	.LBB7_1
.LBB7_1:
.Ltmp62:
	.loc	2 158 5 is_stmt 1               @ ../Source/Utilities.c:158:5
	ldr	r1, [sp, #24]
	movs	r0, #0
	.loc	2 158 21 is_stmt 0              @ ../Source/Utilities.c:158:21
	strb	r0, [r1]
	.loc	2 159 3 is_stmt 1               @ ../Source/Utilities.c:159:3
	b	.LBB7_3
.Ltmp63:
.LBB7_2:
	.loc	2 161 5                         @ ../Source/Utilities.c:161:5
	ldr	r0, [sp, #24]
	movs	r1, #1
	.loc	2 161 21 is_stmt 0              @ ../Source/Utilities.c:161:21
	strb	r1, [r0]
	.loc	2 162 11 is_stmt 1              @ ../Source/Utilities.c:162:11
	ldr	r0, [sp, #28]
	lsls	r1, r1, #31
	.loc	2 162 10 is_stmt 0              @ ../Source/Utilities.c:162:10
	eors	r0, r1
	.loc	2 162 8                         @ ../Source/Utilities.c:162:8
	str	r0, [sp, #28]
	b	.LBB7_3
.Ltmp64:
.LBB7_3:
	.loc	2 165 8 is_stmt 1               @ ../Source/Utilities.c:165:8
	ldr	r0, [sp, #28]
	bl	__aeabi_f2d
	str	r0, [sp, #8]                    @ 4-byte Spill
	.loc	2 165 29 is_stmt 0              @ ../Source/Utilities.c:165:29
	str	r1, [sp, #12]                   @ 4-byte Spill
	ldr	r0, [sp, #20]
	bl	__aeabi_i2d
	mov	r2, r0
	mov	r3, r1
	movs	r0, #0
	str	r0, [sp, #4]                    @ 4-byte Spill
	ldr	r1, __arm_cp.7_0
	.loc	2 165 21                        @ ../Source/Utilities.c:165:21
	bl	pow
	mov	r2, r0
	ldr	r0, [sp, #4]                    @ 4-byte Reload
	mov	r3, r1
	ldr	r1, __arm_cp.7_1
	.loc	2 165 19                        @ ../Source/Utilities.c:165:19
	bl	__aeabi_ddiv
	mov	r2, r0
	ldr	r0, [sp, #8]                    @ 4-byte Reload
	mov	r3, r1
	.loc	2 165 11                        @ ../Source/Utilities.c:165:11
	ldr	r1, [sp, #12]                   @ 4-byte Reload
	bl	__aeabi_dadd
	.loc	2 165 8                         @ ../Source/Utilities.c:165:8
	bl	__aeabi_d2f
	.loc	2 165 6                         @ ../Source/Utilities.c:165:6
	str	r0, [sp, #28]
	.loc	2 166 33 is_stmt 1              @ ../Source/Utilities.c:166:33
	ldr	r0, [sp, #28]
	.loc	2 166 24 is_stmt 0              @ ../Source/Utilities.c:166:24
	bl	__aeabi_f2iz
	.loc	2 166 3                         @ ../Source/Utilities.c:166:3
	ldr	r1, [sp, #24]
	.loc	2 166 22                        @ ../Source/Utilities.c:166:22
	str	r0, [r1, #4]
	.loc	2 167 8 is_stmt 1               @ ../Source/Utilities.c:167:8
	ldr	r0, [sp, #28]
	.loc	2 167 21 is_stmt 0              @ ../Source/Utilities.c:167:21
	str	r0, [sp, #16]                   @ 4-byte Spill
	ldr	r0, [sp, #24]
	.loc	2 167 32                        @ ../Source/Utilities.c:167:32
	ldr	r0, [r0, #4]
	.loc	2 167 13                        @ ../Source/Utilities.c:167:13
	bl	__aeabi_ui2f
	mov	r1, r0
	.loc	2 167 11                        @ ../Source/Utilities.c:167:11
	ldr	r0, [sp, #16]                   @ 4-byte Reload
	bl	__aeabi_fsub
	.loc	2 167 6                         @ ../Source/Utilities.c:167:6
	str	r0, [sp, #28]
	.loc	2 169 1 is_stmt 1               @ ../Source/Utilities.c:169:1
	add	sp, #32
	pop	{r7, pc}
.Ltmp65:
	.p2align	2
@ %bb.4:
	.loc	2 0 1 is_stmt 0                 @ ../Source/Utilities.c:0:1
__arm_cp.7_0:
	.long	1076101120                      @ 0x40240000
.Lcpi_end0:
	.size	__arm_cp.7_0, .Lcpi_end0-__arm_cp.7_0
__arm_cp.7_1:
	.long	1071644672                      @ 0x3fe00000
.Lcpi_end1:
	.size	__arm_cp.7_1, .Lcpi_end1-__arm_cp.7_1
.Lfunc_end7:
	.size	floatToInt, .Lfunc_end7-floatToInt
	.cfi_endproc
	.cantunwind
	.fnend
                                        @ -- End function
	.file	3 "D:\\Projects\\CCMSFloridaPhpr\\Application\\KEIL" "../Header\\Utilities.h"
	.section	.debug_abbrev,"",%progbits
	.byte	1                               @ Abbreviation Code
	.byte	17                              @ DW_TAG_compile_unit
	.byte	1                               @ DW_CHILDREN_yes
	.byte	37                              @ DW_AT_producer
	.byte	14                              @ DW_FORM_strp
	.byte	19                              @ DW_AT_language
	.byte	5                               @ DW_FORM_data2
	.byte	3                               @ DW_AT_name
	.byte	14                              @ DW_FORM_strp
	.byte	16                              @ DW_AT_stmt_list
	.byte	23                              @ DW_FORM_sec_offset
	.byte	27                              @ DW_AT_comp_dir
	.byte	14                              @ DW_FORM_strp
	.byte	17                              @ DW_AT_low_pc
	.byte	1                               @ DW_FORM_addr
	.byte	85                              @ DW_AT_ranges
	.byte	23                              @ DW_FORM_sec_offset
	.byte	0                               @ EOM(1)
	.byte	0                               @ EOM(2)
	.byte	2                               @ Abbreviation Code
	.byte	22                              @ DW_TAG_typedef
	.byte	0                               @ DW_CHILDREN_no
	.byte	73                              @ DW_AT_type
	.byte	19                              @ DW_FORM_ref4
	.byte	3                               @ DW_AT_name
	.byte	14                              @ DW_FORM_strp
	.byte	58                              @ DW_AT_decl_file
	.byte	11                              @ DW_FORM_data1
	.byte	59                              @ DW_AT_decl_line
	.byte	11                              @ DW_FORM_data1
	.byte	0                               @ EOM(1)
	.byte	0                               @ EOM(2)
	.byte	3                               @ Abbreviation Code
	.byte	36                              @ DW_TAG_base_type
	.byte	0                               @ DW_CHILDREN_no
	.byte	3                               @ DW_AT_name
	.byte	14                              @ DW_FORM_strp
	.byte	62                              @ DW_AT_encoding
	.byte	11                              @ DW_FORM_data1
	.byte	11                              @ DW_AT_byte_size
	.byte	11                              @ DW_FORM_data1
	.byte	0                               @ EOM(1)
	.byte	0                               @ EOM(2)
	.byte	4                               @ Abbreviation Code
	.byte	46                              @ DW_TAG_subprogram
	.byte	1                               @ DW_CHILDREN_yes
	.byte	17                              @ DW_AT_low_pc
	.byte	1                               @ DW_FORM_addr
	.byte	18                              @ DW_AT_high_pc
	.byte	6                               @ DW_FORM_data4
	.byte	64                              @ DW_AT_frame_base
	.byte	24                              @ DW_FORM_exprloc
	.byte	3                               @ DW_AT_name
	.byte	14                              @ DW_FORM_strp
	.byte	58                              @ DW_AT_decl_file
	.byte	11                              @ DW_FORM_data1
	.byte	59                              @ DW_AT_decl_line
	.byte	11                              @ DW_FORM_data1
	.byte	39                              @ DW_AT_prototyped
	.byte	25                              @ DW_FORM_flag_present
	.byte	63                              @ DW_AT_external
	.byte	25                              @ DW_FORM_flag_present
	.byte	0                               @ EOM(1)
	.byte	0                               @ EOM(2)
	.byte	5                               @ Abbreviation Code
	.byte	5                               @ DW_TAG_formal_parameter
	.byte	0                               @ DW_CHILDREN_no
	.byte	2                               @ DW_AT_location
	.byte	24                              @ DW_FORM_exprloc
	.byte	3                               @ DW_AT_name
	.byte	14                              @ DW_FORM_strp
	.byte	58                              @ DW_AT_decl_file
	.byte	11                              @ DW_FORM_data1
	.byte	59                              @ DW_AT_decl_line
	.byte	11                              @ DW_FORM_data1
	.byte	73                              @ DW_AT_type
	.byte	19                              @ DW_FORM_ref4
	.byte	0                               @ EOM(1)
	.byte	0                               @ EOM(2)
	.byte	6                               @ Abbreviation Code
	.byte	52                              @ DW_TAG_variable
	.byte	0                               @ DW_CHILDREN_no
	.byte	2                               @ DW_AT_location
	.byte	24                              @ DW_FORM_exprloc
	.byte	3                               @ DW_AT_name
	.byte	14                              @ DW_FORM_strp
	.byte	58                              @ DW_AT_decl_file
	.byte	11                              @ DW_FORM_data1
	.byte	59                              @ DW_AT_decl_line
	.byte	11                              @ DW_FORM_data1
	.byte	73                              @ DW_AT_type
	.byte	19                              @ DW_FORM_ref4
	.byte	0                               @ EOM(1)
	.byte	0                               @ EOM(2)
	.byte	7                               @ Abbreviation Code
	.byte	46                              @ DW_TAG_subprogram
	.byte	1                               @ DW_CHILDREN_yes
	.byte	17                              @ DW_AT_low_pc
	.byte	1                               @ DW_FORM_addr
	.byte	18                              @ DW_AT_high_pc
	.byte	6                               @ DW_FORM_data4
	.byte	64                              @ DW_AT_frame_base
	.byte	24                              @ DW_FORM_exprloc
	.byte	3                               @ DW_AT_name
	.byte	14                              @ DW_FORM_strp
	.byte	58                              @ DW_AT_decl_file
	.byte	11                              @ DW_FORM_data1
	.byte	59                              @ DW_AT_decl_line
	.byte	11                              @ DW_FORM_data1
	.byte	39                              @ DW_AT_prototyped
	.byte	25                              @ DW_FORM_flag_present
	.byte	73                              @ DW_AT_type
	.byte	19                              @ DW_FORM_ref4
	.byte	63                              @ DW_AT_external
	.byte	25                              @ DW_FORM_flag_present
	.byte	0                               @ EOM(1)
	.byte	0                               @ EOM(2)
	.byte	8                               @ Abbreviation Code
	.byte	15                              @ DW_TAG_pointer_type
	.byte	0                               @ DW_CHILDREN_no
	.byte	73                              @ DW_AT_type
	.byte	19                              @ DW_FORM_ref4
	.byte	0                               @ EOM(1)
	.byte	0                               @ EOM(2)
	.byte	9                               @ Abbreviation Code
	.byte	38                              @ DW_TAG_const_type
	.byte	0                               @ DW_CHILDREN_no
	.byte	73                              @ DW_AT_type
	.byte	19                              @ DW_FORM_ref4
	.byte	0                               @ EOM(1)
	.byte	0                               @ EOM(2)
	.byte	10                              @ Abbreviation Code
	.byte	1                               @ DW_TAG_array_type
	.byte	1                               @ DW_CHILDREN_yes
	.byte	73                              @ DW_AT_type
	.byte	19                              @ DW_FORM_ref4
	.byte	0                               @ EOM(1)
	.byte	0                               @ EOM(2)
	.byte	11                              @ Abbreviation Code
	.byte	33                              @ DW_TAG_subrange_type
	.byte	0                               @ DW_CHILDREN_no
	.byte	73                              @ DW_AT_type
	.byte	19                              @ DW_FORM_ref4
	.byte	55                              @ DW_AT_count
	.byte	11                              @ DW_FORM_data1
	.byte	0                               @ EOM(1)
	.byte	0                               @ EOM(2)
	.byte	12                              @ Abbreviation Code
	.byte	36                              @ DW_TAG_base_type
	.byte	0                               @ DW_CHILDREN_no
	.byte	3                               @ DW_AT_name
	.byte	14                              @ DW_FORM_strp
	.byte	11                              @ DW_AT_byte_size
	.byte	11                              @ DW_FORM_data1
	.byte	62                              @ DW_AT_encoding
	.byte	11                              @ DW_FORM_data1
	.byte	0                               @ EOM(1)
	.byte	0                               @ EOM(2)
	.byte	13                              @ Abbreviation Code
	.byte	19                              @ DW_TAG_structure_type
	.byte	1                               @ DW_CHILDREN_yes
	.byte	3                               @ DW_AT_name
	.byte	14                              @ DW_FORM_strp
	.byte	11                              @ DW_AT_byte_size
	.byte	11                              @ DW_FORM_data1
	.byte	58                              @ DW_AT_decl_file
	.byte	11                              @ DW_FORM_data1
	.byte	59                              @ DW_AT_decl_line
	.byte	11                              @ DW_FORM_data1
	.byte	0                               @ EOM(1)
	.byte	0                               @ EOM(2)
	.byte	14                              @ Abbreviation Code
	.byte	13                              @ DW_TAG_member
	.byte	0                               @ DW_CHILDREN_no
	.byte	3                               @ DW_AT_name
	.byte	14                              @ DW_FORM_strp
	.byte	73                              @ DW_AT_type
	.byte	19                              @ DW_FORM_ref4
	.byte	58                              @ DW_AT_decl_file
	.byte	11                              @ DW_FORM_data1
	.byte	59                              @ DW_AT_decl_line
	.byte	11                              @ DW_FORM_data1
	.byte	56                              @ DW_AT_data_member_location
	.byte	11                              @ DW_FORM_data1
	.byte	0                               @ EOM(1)
	.byte	0                               @ EOM(2)
	.byte	0                               @ EOM(3)
	.section	.debug_info,"",%progbits
.Lcu_begin0:
	.long	.Ldebug_info_end0-.Ldebug_info_start0 @ Length of Unit
.Ldebug_info_start0:
	.short	4                               @ DWARF version number
	.long	.debug_abbrev                   @ Offset Into Abbrev. Section
	.byte	4                               @ Address Size (in bytes)
	.byte	1                               @ Abbrev [1] 0xb:0x3ca DW_TAG_compile_unit
	.long	.Linfo_string0                  @ DW_AT_producer
	.short	12                              @ DW_AT_language
	.long	.Linfo_string1                  @ DW_AT_name
	.long	.Lline_table_start0             @ DW_AT_stmt_list
	.long	.Linfo_string2                  @ DW_AT_comp_dir
	.long	0                               @ DW_AT_low_pc
	.long	.Ldebug_ranges0                 @ DW_AT_ranges
	.byte	2                               @ Abbrev [2] 0x26:0xb DW_TAG_typedef
	.long	49                              @ DW_AT_type
	.long	.Linfo_string4                  @ DW_AT_name
	.byte	1                               @ DW_AT_decl_file
	.byte	58                              @ DW_AT_decl_line
	.byte	3                               @ Abbrev [3] 0x31:0x7 DW_TAG_base_type
	.long	.Linfo_string3                  @ DW_AT_name
	.byte	5                               @ DW_AT_encoding
	.byte	4                               @ DW_AT_byte_size
	.byte	3                               @ Abbrev [3] 0x38:0x7 DW_TAG_base_type
	.long	.Linfo_string5                  @ DW_AT_name
	.byte	4                               @ DW_AT_encoding
	.byte	4                               @ DW_AT_byte_size
	.byte	4                               @ Abbrev [4] 0x3f:0x66 DW_TAG_subprogram
	.long	.Lfunc_begin0                   @ DW_AT_low_pc
	.long	.Lfunc_end0-.Lfunc_begin0       @ DW_AT_high_pc
	.byte	1                               @ DW_AT_frame_base
	.byte	93
	.long	.Linfo_string6                  @ DW_AT_name
	.byte	2                               @ DW_AT_decl_file
	.byte	24                              @ DW_AT_decl_line
                                        @ DW_AT_prototyped
                                        @ DW_AT_external
	.byte	5                               @ Abbrev [5] 0x50:0xe DW_TAG_formal_parameter
	.byte	2                               @ DW_AT_location
	.byte	145
	.byte	20
	.long	.Linfo_string16                 @ DW_AT_name
	.byte	2                               @ DW_AT_decl_file
	.byte	24                              @ DW_AT_decl_line
	.long	817                             @ DW_AT_type
	.byte	5                               @ Abbrev [5] 0x5e:0xe DW_TAG_formal_parameter
	.byte	2                               @ DW_AT_location
	.byte	145
	.byte	16
	.long	.Linfo_string18                 @ DW_AT_name
	.byte	2                               @ DW_AT_decl_file
	.byte	24                              @ DW_AT_decl_line
	.long	817                             @ DW_AT_type
	.byte	5                               @ Abbrev [5] 0x6c:0xe DW_TAG_formal_parameter
	.byte	2                               @ DW_AT_location
	.byte	145
	.byte	12
	.long	.Linfo_string19                 @ DW_AT_name
	.byte	2                               @ DW_AT_decl_file
	.byte	24                              @ DW_AT_decl_line
	.long	829                             @ DW_AT_type
	.byte	5                               @ Abbrev [5] 0x7a:0xe DW_TAG_formal_parameter
	.byte	2                               @ DW_AT_location
	.byte	145
	.byte	8
	.long	.Linfo_string22                 @ DW_AT_name
	.byte	2                               @ DW_AT_decl_file
	.byte	24                              @ DW_AT_decl_line
	.long	829                             @ DW_AT_type
	.byte	5                               @ Abbrev [5] 0x88:0xe DW_TAG_formal_parameter
	.byte	2                               @ DW_AT_location
	.byte	145
	.byte	32
	.long	.Linfo_string23                 @ DW_AT_name
	.byte	2                               @ DW_AT_decl_file
	.byte	24                              @ DW_AT_decl_line
	.long	817                             @ DW_AT_type
	.byte	6                               @ Abbrev [6] 0x96:0xe DW_TAG_variable
	.byte	2                               @ DW_AT_location
	.byte	145
	.byte	4
	.long	.Linfo_string24                 @ DW_AT_name
	.byte	2                               @ DW_AT_decl_file
	.byte	26                              @ DW_AT_decl_line
	.long	799                             @ DW_AT_type
	.byte	0                               @ End Of Children Mark
	.byte	4                               @ Abbrev [4] 0xa5:0x58 DW_TAG_subprogram
	.long	.Lfunc_begin1                   @ DW_AT_low_pc
	.long	.Lfunc_end1-.Lfunc_begin1       @ DW_AT_high_pc
	.byte	1                               @ DW_AT_frame_base
	.byte	93
	.long	.Linfo_string7                  @ DW_AT_name
	.byte	2                               @ DW_AT_decl_file
	.byte	38                              @ DW_AT_decl_line
                                        @ DW_AT_prototyped
                                        @ DW_AT_external
	.byte	5                               @ Abbrev [5] 0xb6:0xe DW_TAG_formal_parameter
	.byte	2                               @ DW_AT_location
	.byte	145
	.byte	20
	.long	.Linfo_string16                 @ DW_AT_name
	.byte	2                               @ DW_AT_decl_file
	.byte	38                              @ DW_AT_decl_line
	.long	817                             @ DW_AT_type
	.byte	5                               @ Abbrev [5] 0xc4:0xe DW_TAG_formal_parameter
	.byte	2                               @ DW_AT_location
	.byte	145
	.byte	16
	.long	.Linfo_string18                 @ DW_AT_name
	.byte	2                               @ DW_AT_decl_file
	.byte	38                              @ DW_AT_decl_line
	.long	817                             @ DW_AT_type
	.byte	5                               @ Abbrev [5] 0xd2:0xe DW_TAG_formal_parameter
	.byte	2                               @ DW_AT_location
	.byte	145
	.byte	12
	.long	.Linfo_string25                 @ DW_AT_name
	.byte	2                               @ DW_AT_decl_file
	.byte	38                              @ DW_AT_decl_line
	.long	829                             @ DW_AT_type
	.byte	5                               @ Abbrev [5] 0xe0:0xe DW_TAG_formal_parameter
	.byte	2                               @ DW_AT_location
	.byte	145
	.byte	8
	.long	.Linfo_string23                 @ DW_AT_name
	.byte	2                               @ DW_AT_decl_file
	.byte	38                              @ DW_AT_decl_line
	.long	817                             @ DW_AT_type
	.byte	6                               @ Abbrev [6] 0xee:0xe DW_TAG_variable
	.byte	2                               @ DW_AT_location
	.byte	145
	.byte	4
	.long	.Linfo_string24                 @ DW_AT_name
	.byte	2                               @ DW_AT_decl_file
	.byte	40                              @ DW_AT_decl_line
	.long	799                             @ DW_AT_type
	.byte	0                               @ End Of Children Mark
	.byte	4                               @ Abbrev [4] 0xfd:0x90 DW_TAG_subprogram
	.long	.Lfunc_begin2                   @ DW_AT_low_pc
	.long	.Lfunc_end2-.Lfunc_begin2       @ DW_AT_high_pc
	.byte	1                               @ DW_AT_frame_base
	.byte	93
	.long	.Linfo_string8                  @ DW_AT_name
	.byte	2                               @ DW_AT_decl_file
	.byte	51                              @ DW_AT_decl_line
                                        @ DW_AT_prototyped
                                        @ DW_AT_external
	.byte	5                               @ Abbrev [5] 0x10e:0xe DW_TAG_formal_parameter
	.byte	2                               @ DW_AT_location
	.byte	145
	.byte	44
	.long	.Linfo_string26                 @ DW_AT_name
	.byte	2                               @ DW_AT_decl_file
	.byte	51                              @ DW_AT_decl_line
	.long	817                             @ DW_AT_type
	.byte	5                               @ Abbrev [5] 0x11c:0xe DW_TAG_formal_parameter
	.byte	2                               @ DW_AT_location
	.byte	145
	.byte	40
	.long	.Linfo_string27                 @ DW_AT_name
	.byte	2                               @ DW_AT_decl_file
	.byte	51                              @ DW_AT_decl_line
	.long	847                             @ DW_AT_type
	.byte	5                               @ Abbrev [5] 0x12a:0xe DW_TAG_formal_parameter
	.byte	2                               @ DW_AT_location
	.byte	145
	.byte	36
	.long	.Linfo_string28                 @ DW_AT_name
	.byte	2                               @ DW_AT_decl_file
	.byte	51                              @ DW_AT_decl_line
	.long	799                             @ DW_AT_type
	.byte	5                               @ Abbrev [5] 0x138:0xe DW_TAG_formal_parameter
	.byte	2                               @ DW_AT_location
	.byte	145
	.byte	32
	.long	.Linfo_string25                 @ DW_AT_name
	.byte	2                               @ DW_AT_decl_file
	.byte	51                              @ DW_AT_decl_line
	.long	799                             @ DW_AT_type
	.byte	5                               @ Abbrev [5] 0x146:0xe DW_TAG_formal_parameter
	.byte	2                               @ DW_AT_location
	.byte	145
	.byte	28
	.long	.Linfo_string29                 @ DW_AT_name
	.byte	2                               @ DW_AT_decl_file
	.byte	51                              @ DW_AT_decl_line
	.long	829                             @ DW_AT_type
	.byte	6                               @ Abbrev [6] 0x154:0xe DW_TAG_variable
	.byte	2                               @ DW_AT_location
	.byte	145
	.byte	24
	.long	.Linfo_string30                 @ DW_AT_name
	.byte	2                               @ DW_AT_decl_file
	.byte	53                              @ DW_AT_decl_line
	.long	799                             @ DW_AT_type
	.byte	6                               @ Abbrev [6] 0x162:0xe DW_TAG_variable
	.byte	2                               @ DW_AT_location
	.byte	145
	.byte	20
	.long	.Linfo_string31                 @ DW_AT_name
	.byte	2                               @ DW_AT_decl_file
	.byte	53                              @ DW_AT_decl_line
	.long	799                             @ DW_AT_type
	.byte	6                               @ Abbrev [6] 0x170:0xe DW_TAG_variable
	.byte	2                               @ DW_AT_location
	.byte	145
	.byte	16
	.long	.Linfo_string32                 @ DW_AT_name
	.byte	2                               @ DW_AT_decl_file
	.byte	54                              @ DW_AT_decl_line
	.long	822                             @ DW_AT_type
	.byte	6                               @ Abbrev [6] 0x17e:0xe DW_TAG_variable
	.byte	2                               @ DW_AT_location
	.byte	145
	.byte	12
	.long	.Linfo_string24                 @ DW_AT_name
	.byte	2                               @ DW_AT_decl_file
	.byte	55                              @ DW_AT_decl_line
	.long	799                             @ DW_AT_type
	.byte	0                               @ End Of Children Mark
	.byte	4                               @ Abbrev [4] 0x18d:0x4a DW_TAG_subprogram
	.long	.Lfunc_begin3                   @ DW_AT_low_pc
	.long	.Lfunc_end3-.Lfunc_begin3       @ DW_AT_high_pc
	.byte	1                               @ DW_AT_frame_base
	.byte	93
	.long	.Linfo_string9                  @ DW_AT_name
	.byte	2                               @ DW_AT_decl_file
	.byte	82                              @ DW_AT_decl_line
                                        @ DW_AT_prototyped
                                        @ DW_AT_external
	.byte	5                               @ Abbrev [5] 0x19e:0xe DW_TAG_formal_parameter
	.byte	2                               @ DW_AT_location
	.byte	145
	.byte	36
	.long	.Linfo_string26                 @ DW_AT_name
	.byte	2                               @ DW_AT_decl_file
	.byte	82                              @ DW_AT_decl_line
	.long	817                             @ DW_AT_type
	.byte	5                               @ Abbrev [5] 0x1ac:0xe DW_TAG_formal_parameter
	.byte	2                               @ DW_AT_location
	.byte	145
	.byte	32
	.long	.Linfo_string27                 @ DW_AT_name
	.byte	2                               @ DW_AT_decl_file
	.byte	82                              @ DW_AT_decl_line
	.long	799                             @ DW_AT_type
	.byte	5                               @ Abbrev [5] 0x1ba:0xe DW_TAG_formal_parameter
	.byte	2                               @ DW_AT_location
	.byte	145
	.byte	28
	.long	.Linfo_string33                 @ DW_AT_name
	.byte	2                               @ DW_AT_decl_file
	.byte	82                              @ DW_AT_decl_line
	.long	847                             @ DW_AT_type
	.byte	6                               @ Abbrev [6] 0x1c8:0xe DW_TAG_variable
	.byte	2                               @ DW_AT_location
	.byte	145
	.byte	8
	.long	.Linfo_string34                 @ DW_AT_name
	.byte	2                               @ DW_AT_decl_file
	.byte	84                              @ DW_AT_decl_line
	.long	857                             @ DW_AT_type
	.byte	0                               @ End Of Children Mark
	.byte	4                               @ Abbrev [4] 0x1d7:0x4a DW_TAG_subprogram
	.long	.Lfunc_begin4                   @ DW_AT_low_pc
	.long	.Lfunc_end4-.Lfunc_begin4       @ DW_AT_high_pc
	.byte	1                               @ DW_AT_frame_base
	.byte	93
	.long	.Linfo_string10                 @ DW_AT_name
	.byte	2                               @ DW_AT_decl_file
	.byte	92                              @ DW_AT_decl_line
                                        @ DW_AT_prototyped
                                        @ DW_AT_external
	.byte	5                               @ Abbrev [5] 0x1e8:0xe DW_TAG_formal_parameter
	.byte	2                               @ DW_AT_location
	.byte	145
	.byte	36
	.long	.Linfo_string26                 @ DW_AT_name
	.byte	2                               @ DW_AT_decl_file
	.byte	92                              @ DW_AT_decl_line
	.long	817                             @ DW_AT_type
	.byte	5                               @ Abbrev [5] 0x1f6:0xe DW_TAG_formal_parameter
	.byte	2                               @ DW_AT_location
	.byte	145
	.byte	24
	.long	.Linfo_string27                 @ DW_AT_name
	.byte	2                               @ DW_AT_decl_file
	.byte	92                              @ DW_AT_decl_line
	.long	876                             @ DW_AT_type
	.byte	5                               @ Abbrev [5] 0x204:0xe DW_TAG_formal_parameter
	.byte	2                               @ DW_AT_location
	.byte	145
	.byte	48
	.long	.Linfo_string33                 @ DW_AT_name
	.byte	2                               @ DW_AT_decl_file
	.byte	92                              @ DW_AT_decl_line
	.long	847                             @ DW_AT_type
	.byte	6                               @ Abbrev [6] 0x212:0xe DW_TAG_variable
	.byte	2                               @ DW_AT_location
	.byte	145
	.byte	4
	.long	.Linfo_string34                 @ DW_AT_name
	.byte	2                               @ DW_AT_decl_file
	.byte	94                              @ DW_AT_decl_line
	.long	857                             @ DW_AT_type
	.byte	0                               @ End Of Children Mark
	.byte	4                               @ Abbrev [4] 0x221:0x2e DW_TAG_subprogram
	.long	.Lfunc_begin5                   @ DW_AT_low_pc
	.long	.Lfunc_end5-.Lfunc_begin5       @ DW_AT_high_pc
	.byte	1                               @ DW_AT_frame_base
	.byte	93
	.long	.Linfo_string11                 @ DW_AT_name
	.byte	2                               @ DW_AT_decl_file
	.byte	101                             @ DW_AT_decl_line
                                        @ DW_AT_prototyped
                                        @ DW_AT_external
	.byte	5                               @ Abbrev [5] 0x232:0xe DW_TAG_formal_parameter
	.byte	2                               @ DW_AT_location
	.byte	145
	.byte	4
	.long	.Linfo_string26                 @ DW_AT_name
	.byte	2                               @ DW_AT_decl_file
	.byte	101                             @ DW_AT_decl_line
	.long	817                             @ DW_AT_type
	.byte	5                               @ Abbrev [5] 0x240:0xe DW_TAG_formal_parameter
	.byte	2                               @ DW_AT_location
	.byte	145
	.byte	0
	.long	.Linfo_string37                 @ DW_AT_name
	.byte	2                               @ DW_AT_decl_file
	.byte	101                             @ DW_AT_decl_line
	.long	829                             @ DW_AT_type
	.byte	0                               @ End Of Children Mark
	.byte	7                               @ Abbrev [7] 0x24f:0x94 DW_TAG_subprogram
	.long	.Lfunc_begin6                   @ DW_AT_low_pc
	.long	.Lfunc_end6-.Lfunc_begin6       @ DW_AT_high_pc
	.byte	1                               @ DW_AT_frame_base
	.byte	93
	.long	.Linfo_string12                 @ DW_AT_name
	.byte	2                               @ DW_AT_decl_file
	.byte	118                             @ DW_AT_decl_line
                                        @ DW_AT_prototyped
	.long	799                             @ DW_AT_type
                                        @ DW_AT_external
	.byte	5                               @ Abbrev [5] 0x264:0xe DW_TAG_formal_parameter
	.byte	2                               @ DW_AT_location
	.byte	145
	.byte	40
	.long	.Linfo_string38                 @ DW_AT_name
	.byte	2                               @ DW_AT_decl_file
	.byte	118                             @ DW_AT_decl_line
	.long	817                             @ DW_AT_type
	.byte	5                               @ Abbrev [5] 0x272:0xe DW_TAG_formal_parameter
	.byte	2                               @ DW_AT_location
	.byte	145
	.byte	36
	.long	.Linfo_string39                 @ DW_AT_name
	.byte	2                               @ DW_AT_decl_file
	.byte	118                             @ DW_AT_decl_line
	.long	817                             @ DW_AT_type
	.byte	5                               @ Abbrev [5] 0x280:0xe DW_TAG_formal_parameter
	.byte	2                               @ DW_AT_location
	.byte	145
	.byte	32
	.long	.Linfo_string40                 @ DW_AT_name
	.byte	2                               @ DW_AT_decl_file
	.byte	118                             @ DW_AT_decl_line
	.long	822                             @ DW_AT_type
	.byte	5                               @ Abbrev [5] 0x28e:0xe DW_TAG_formal_parameter
	.byte	2                               @ DW_AT_location
	.byte	145
	.byte	28
	.long	.Linfo_string41                 @ DW_AT_name
	.byte	2                               @ DW_AT_decl_file
	.byte	118                             @ DW_AT_decl_line
	.long	799                             @ DW_AT_type
	.byte	6                               @ Abbrev [6] 0x29c:0xe DW_TAG_variable
	.byte	2                               @ DW_AT_location
	.byte	145
	.byte	24
	.long	.Linfo_string31                 @ DW_AT_name
	.byte	2                               @ DW_AT_decl_file
	.byte	120                             @ DW_AT_decl_line
	.long	799                             @ DW_AT_type
	.byte	6                               @ Abbrev [6] 0x2aa:0xe DW_TAG_variable
	.byte	2                               @ DW_AT_location
	.byte	145
	.byte	20
	.long	.Linfo_string42                 @ DW_AT_name
	.byte	2                               @ DW_AT_decl_file
	.byte	120                             @ DW_AT_decl_line
	.long	799                             @ DW_AT_type
	.byte	6                               @ Abbrev [6] 0x2b8:0xe DW_TAG_variable
	.byte	2                               @ DW_AT_location
	.byte	145
	.byte	16
	.long	.Linfo_string43                 @ DW_AT_name
	.byte	2                               @ DW_AT_decl_file
	.byte	120                             @ DW_AT_decl_line
	.long	799                             @ DW_AT_type
	.byte	6                               @ Abbrev [6] 0x2c6:0xe DW_TAG_variable
	.byte	2                               @ DW_AT_location
	.byte	145
	.byte	12
	.long	.Linfo_string44                 @ DW_AT_name
	.byte	2                               @ DW_AT_decl_file
	.byte	120                             @ DW_AT_decl_line
	.long	799                             @ DW_AT_type
	.byte	6                               @ Abbrev [6] 0x2d4:0xe DW_TAG_variable
	.byte	2                               @ DW_AT_location
	.byte	145
	.byte	8
	.long	.Linfo_string24                 @ DW_AT_name
	.byte	2                               @ DW_AT_decl_file
	.byte	120                             @ DW_AT_decl_line
	.long	799                             @ DW_AT_type
	.byte	0                               @ End Of Children Mark
	.byte	4                               @ Abbrev [4] 0x2e3:0x3c DW_TAG_subprogram
	.long	.Lfunc_begin7                   @ DW_AT_low_pc
	.long	.Lfunc_end7-.Lfunc_begin7       @ DW_AT_high_pc
	.byte	1                               @ DW_AT_frame_base
	.byte	93
	.long	.Linfo_string15                 @ DW_AT_name
	.byte	2                               @ DW_AT_decl_file
	.byte	154                             @ DW_AT_decl_line
                                        @ DW_AT_prototyped
                                        @ DW_AT_external
	.byte	5                               @ Abbrev [5] 0x2f4:0xe DW_TAG_formal_parameter
	.byte	2                               @ DW_AT_location
	.byte	145
	.byte	28
	.long	.Linfo_string45                 @ DW_AT_name
	.byte	2                               @ DW_AT_decl_file
	.byte	154                             @ DW_AT_decl_line
	.long	56                              @ DW_AT_type
	.byte	5                               @ Abbrev [5] 0x302:0xe DW_TAG_formal_parameter
	.byte	2                               @ DW_AT_location
	.byte	145
	.byte	24
	.long	.Linfo_string46                 @ DW_AT_name
	.byte	2                               @ DW_AT_decl_file
	.byte	154                             @ DW_AT_decl_line
	.long	883                             @ DW_AT_type
	.byte	5                               @ Abbrev [5] 0x310:0xe DW_TAG_formal_parameter
	.byte	2                               @ DW_AT_location
	.byte	145
	.byte	20
	.long	.Linfo_string56                 @ DW_AT_name
	.byte	2                               @ DW_AT_decl_file
	.byte	154                             @ DW_AT_decl_line
	.long	38                              @ DW_AT_type
	.byte	0                               @ End Of Children Mark
	.byte	2                               @ Abbrev [2] 0x31f:0xb DW_TAG_typedef
	.long	810                             @ DW_AT_type
	.long	.Linfo_string14                 @ DW_AT_name
	.byte	1                               @ DW_AT_decl_file
	.byte	63                              @ DW_AT_decl_line
	.byte	3                               @ Abbrev [3] 0x32a:0x7 DW_TAG_base_type
	.long	.Linfo_string13                 @ DW_AT_name
	.byte	7                               @ DW_AT_encoding
	.byte	2                               @ DW_AT_byte_size
	.byte	8                               @ Abbrev [8] 0x331:0x5 DW_TAG_pointer_type
	.long	822                             @ DW_AT_type
	.byte	3                               @ Abbrev [3] 0x336:0x7 DW_TAG_base_type
	.long	.Linfo_string17                 @ DW_AT_name
	.byte	8                               @ DW_AT_encoding
	.byte	1                               @ DW_AT_byte_size
	.byte	2                               @ Abbrev [2] 0x33d:0xb DW_TAG_typedef
	.long	840                             @ DW_AT_type
	.long	.Linfo_string21                 @ DW_AT_name
	.byte	1                               @ DW_AT_decl_file
	.byte	62                              @ DW_AT_decl_line
	.byte	3                               @ Abbrev [3] 0x348:0x7 DW_TAG_base_type
	.long	.Linfo_string20                 @ DW_AT_name
	.byte	8                               @ DW_AT_encoding
	.byte	1                               @ DW_AT_byte_size
	.byte	8                               @ Abbrev [8] 0x34f:0x5 DW_TAG_pointer_type
	.long	852                             @ DW_AT_type
	.byte	9                               @ Abbrev [9] 0x354:0x5 DW_TAG_const_type
	.long	822                             @ DW_AT_type
	.byte	10                              @ Abbrev [10] 0x359:0xc DW_TAG_array_type
	.long	822                             @ DW_AT_type
	.byte	11                              @ Abbrev [11] 0x35e:0x6 DW_TAG_subrange_type
	.long	869                             @ DW_AT_type
	.byte	20                              @ DW_AT_count
	.byte	0                               @ End Of Children Mark
	.byte	12                              @ Abbrev [12] 0x365:0x7 DW_TAG_base_type
	.long	.Linfo_string35                 @ DW_AT_name
	.byte	8                               @ DW_AT_byte_size
	.byte	7                               @ DW_AT_encoding
	.byte	3                               @ Abbrev [3] 0x36c:0x7 DW_TAG_base_type
	.long	.Linfo_string36                 @ DW_AT_name
	.byte	4                               @ DW_AT_encoding
	.byte	8                               @ DW_AT_byte_size
	.byte	8                               @ Abbrev [8] 0x373:0x5 DW_TAG_pointer_type
	.long	888                             @ DW_AT_type
	.byte	2                               @ Abbrev [2] 0x378:0xb DW_TAG_typedef
	.long	899                             @ DW_AT_type
	.long	.Linfo_string55                 @ DW_AT_name
	.byte	3                               @ DW_AT_decl_file
	.byte	12                              @ DW_AT_decl_line
	.byte	13                              @ Abbrev [13] 0x383:0x2d DW_TAG_structure_type
	.long	.Linfo_string54                 @ DW_AT_name
	.byte	12                              @ DW_AT_byte_size
	.byte	3                               @ DW_AT_decl_file
	.byte	8                               @ DW_AT_decl_line
	.byte	14                              @ Abbrev [14] 0x38b:0xc DW_TAG_member
	.long	.Linfo_string47                 @ DW_AT_name
	.long	944                             @ DW_AT_type
	.byte	3                               @ DW_AT_decl_file
	.byte	9                               @ DW_AT_decl_line
	.byte	0                               @ DW_AT_data_member_location
	.byte	14                              @ Abbrev [14] 0x397:0xc DW_TAG_member
	.long	.Linfo_string50                 @ DW_AT_name
	.long	962                             @ DW_AT_type
	.byte	3                               @ DW_AT_decl_file
	.byte	10                              @ DW_AT_decl_line
	.byte	4                               @ DW_AT_data_member_location
	.byte	14                              @ Abbrev [14] 0x3a3:0xc DW_TAG_member
	.long	.Linfo_string53                 @ DW_AT_name
	.long	962                             @ DW_AT_type
	.byte	3                               @ DW_AT_decl_file
	.byte	11                              @ DW_AT_decl_line
	.byte	8                               @ DW_AT_data_member_location
	.byte	0                               @ End Of Children Mark
	.byte	2                               @ Abbrev [2] 0x3b0:0xb DW_TAG_typedef
	.long	955                             @ DW_AT_type
	.long	.Linfo_string49                 @ DW_AT_name
	.byte	1                               @ DW_AT_decl_file
	.byte	56                              @ DW_AT_decl_line
	.byte	3                               @ Abbrev [3] 0x3bb:0x7 DW_TAG_base_type
	.long	.Linfo_string48                 @ DW_AT_name
	.byte	6                               @ DW_AT_encoding
	.byte	1                               @ DW_AT_byte_size
	.byte	2                               @ Abbrev [2] 0x3c2:0xb DW_TAG_typedef
	.long	973                             @ DW_AT_type
	.long	.Linfo_string52                 @ DW_AT_name
	.byte	1                               @ DW_AT_decl_file
	.byte	64                              @ DW_AT_decl_line
	.byte	3                               @ Abbrev [3] 0x3cd:0x7 DW_TAG_base_type
	.long	.Linfo_string51                 @ DW_AT_name
	.byte	7                               @ DW_AT_encoding
	.byte	4                               @ DW_AT_byte_size
	.byte	0                               @ End Of Children Mark
.Ldebug_info_end0:
	.section	.debug_ranges,"",%progbits
.Ldebug_ranges0:
	.long	.Lfunc_begin0
	.long	.Lfunc_end0
	.long	.Lfunc_begin1
	.long	.Lfunc_end1
	.long	.Lfunc_begin2
	.long	.Lfunc_end2
	.long	.Lfunc_begin3
	.long	.Lfunc_end3
	.long	.Lfunc_begin4
	.long	.Lfunc_end4
	.long	.Lfunc_begin5
	.long	.Lfunc_end5
	.long	.Lfunc_begin6
	.long	.Lfunc_end6
	.long	.Lfunc_begin7
	.long	.Lfunc_end7
	.long	0
	.long	0
	.section	.debug_str,"MS",%progbits,1
.Linfo_string0:
	.asciz	"Component: ARM Compiler 6.16 Tool: armclang [5dfeb700]" @ string offset=0
.Linfo_string1:
	.asciz	"../Source\\Utilities.c"        @ string offset=55
.Linfo_string2:
	.asciz	"D:\\Projects\\CCMSFloridaPhpr\\Application\\KEIL" @ string offset=77
.Linfo_string3:
	.asciz	"int"                           @ string offset=122
.Linfo_string4:
	.asciz	"int32_t"                       @ string offset=126
.Linfo_string5:
	.asciz	"float"                         @ string offset=134
.Linfo_string6:
	.asciz	"AppendVariableString"          @ string offset=140
.Linfo_string7:
	.asciz	"AppendFixString"               @ string offset=161
.Linfo_string8:
	.asciz	"InsertStringValue"             @ string offset=177
.Linfo_string9:
	.asciz	"InsertIntValue"                @ string offset=195
.Linfo_string10:
	.asciz	"InsertFloatValue"              @ string offset=210
.Linfo_string11:
	.asciz	"InsertCurrentDateTime"         @ string offset=227
.Linfo_string12:
	.asciz	"ParseData"                     @ string offset=249
.Linfo_string13:
	.asciz	"unsigned short"                @ string offset=259
.Linfo_string14:
	.asciz	"uint16_t"                      @ string offset=274
.Linfo_string15:
	.asciz	"floatToInt"                    @ string offset=283
.Linfo_string16:
	.asciz	"dest"                          @ string offset=294
.Linfo_string17:
	.asciz	"char"                          @ string offset=299
.Linfo_string18:
	.asciz	"source"                        @ string offset=304
.Linfo_string19:
	.asciz	"maxLength"                     @ string offset=311
.Linfo_string20:
	.asciz	"unsigned char"                 @ string offset=321
.Linfo_string21:
	.asciz	"uint8_t"                       @ string offset=335
.Linfo_string22:
	.asciz	"MinLength"                     @ string offset=343
.Linfo_string23:
	.asciz	"defaultValue"                  @ string offset=353
.Linfo_string24:
	.asciz	"ln"                            @ string offset=366
.Linfo_string25:
	.asciz	"length"                        @ string offset=369
.Linfo_string26:
	.asciz	"target"                        @ string offset=376
.Linfo_string27:
	.asciz	"value"                         @ string offset=383
.Linfo_string28:
	.asciz	"position"                      @ string offset=389
.Linfo_string29:
	.asciz	"wh"                            @ string offset=398
.Linfo_string30:
	.asciz	"n"                             @ string offset=401
.Linfo_string31:
	.asciz	"i"                             @ string offset=403
.Linfo_string32:
	.asciz	"vl"                            @ string offset=405
.Linfo_string33:
	.asciz	"decimal"                       @ string offset=408
.Linfo_string34:
	.asciz	"ss"                            @ string offset=416
.Linfo_string35:
	.asciz	"__ARRAY_SIZE_TYPE__"           @ string offset=419
.Linfo_string36:
	.asciz	"double"                        @ string offset=439
.Linfo_string37:
	.asciz	"IsTime"                        @ string offset=446
.Linfo_string38:
	.asciz	"src"                           @ string offset=453
.Linfo_string39:
	.asciz	"field"                         @ string offset=457
.Linfo_string40:
	.asciz	"delim"                         @ string offset=463
.Linfo_string41:
	.asciz	"num"                           @ string offset=469
.Linfo_string42:
	.asciz	"b"                             @ string offset=473
.Linfo_string43:
	.asciz	"c"                             @ string offset=475
.Linfo_string44:
	.asciz	"k"                             @ string offset=477
.Linfo_string45:
	.asciz	"in"                            @ string offset=479
.Linfo_string46:
	.asciz	"out_value"                     @ string offset=482
.Linfo_string47:
	.asciz	"sign"                          @ string offset=492
.Linfo_string48:
	.asciz	"signed char"                   @ string offset=497
.Linfo_string49:
	.asciz	"int8_t"                        @ string offset=509
.Linfo_string50:
	.asciz	"out_int"                       @ string offset=516
.Linfo_string51:
	.asciz	"unsigned int"                  @ string offset=524
.Linfo_string52:
	.asciz	"uint32_t"                      @ string offset=537
.Linfo_string53:
	.asciz	"out_dec"                       @ string offset=546
.Linfo_string54:
	.asciz	"displayFloatToInt_s"           @ string offset=554
.Linfo_string55:
	.asciz	"displayFloatToInt_t"           @ string offset=574
.Linfo_string56:
	.asciz	"dec_prec"                      @ string offset=594
	.ident	"Component: ARM Compiler 6.16 Tool: armclang [5dfeb700]"
	.section	".note.GNU-stack","",%progbits
	.eabi_attribute	30, 6	@ Tag_ABI_optimization_goals
	.ARM_attribute	16, 1	@ Tag_AV_eba
	.section	.debug_line,"",%progbits
.Lline_table_start0:
