	.text
	.syntax unified
	.eabi_attribute	67, "2.09"	@ Tag_conformance
	.cpu	cortex-m0
	.eabi_attribute	6, 12	@ Tag_CPU_arch
	.eabi_attribute	7, 77	@ Tag_CPU_arch_profile
	.eabi_attribute	8, 0	@ Tag_ARM_ISA_use
	.eabi_attribute	9, 1	@ Tag_THUMB_ISA_use
	.eabi_attribute	34, 0	@ Tag_CPU_unaligned_access
	.eabi_attribute	17, 1	@ Tag_ABI_PCS_GOT_use
	.eabi_attribute	20, 2	@ Tag_ABI_FP_denormal
	.eabi_attribute	21, 0	@ Tag_ABI_FP_exceptions
	.eabi_attribute	23, 1	@ Tag_ABI_FP_number_model
	.eabi_attribute	24, 1	@ Tag_ABI_align_needed
	.eabi_attribute	25, 1	@ Tag_ABI_align_preserved
	.eabi_attribute	38, 1	@ Tag_ABI_FP_16bit_format
	.eabi_attribute	18, 2	@ Tag_ABI_PCS_wchar_t
	.eabi_attribute	26, 1	@ Tag_ABI_enum_size
	.eabi_attribute	14, 0	@ Tag_ABI_PCS_R9_use
	.file	"Boot.c"
	.file	1 "C:\\Keil_v5\\ARM\\ARMCLANG\\Bin\\..\\include" "stdint.h"
	.file	2 "D:\\Projects\\CCMS\\CCMSFlorida\\BootLoader\\Keil" "../Header\\Boot.h"
	.file	3 "D:\\Projects\\CCMS\\CCMSFlorida\\BootLoader\\Keil" "../Source/Boot.c"
	.file	4 "D:\\Projects\\CCMS\\CCMSFlorida\\BootLoader\\Keil" "../../Library/Device/Nuvoton/M031/Include/fmc_reg.h"
	.section	.text.LoadBootConfig,"ax",%progbits
	.hidden	LoadBootConfig                  @ -- Begin function LoadBootConfig
	.globl	LoadBootConfig
	.p2align	2
	.type	LoadBootConfig,%function
	.code	16                              @ @LoadBootConfig
	.thumb_func
LoadBootConfig:
.Lfunc_begin0:
	.loc	3 13 0                          @ ../Source/Boot.c:13:0
	.fnstart
	.cfi_sections .debug_frame
	.cfi_startproc
@ %bb.0:
	.save	{r7, lr}
	push	{r7, lr}
	.cfi_def_cfa_offset 8
	.cfi_offset lr, -4
	.cfi_offset r7, -8
	.pad	#24
	sub	sp, #24
	.cfi_def_cfa_offset 32
	add	r0, sp, #20
	movs	r1, #18
.Ltmp0:
	.loc	3 15 8 prologue_end             @ ../Source/Boot.c:15:8
	strh	r1, [r0]
	.loc	3 16 82                         @ ../Source/Boot.c:16:82
	ldrh	r2, [r0]
	.loc	3 16 2 is_stmt 0                @ ../Source/Boot.c:16:2
	ldr	r0, __arm_cp.0_0
	str	r0, [sp, #16]                   @ 4-byte Spill
	ldr	r1, __arm_cp.0_1
	bl	ReadFMCDataBuffer
	ldr	r0, [sp, #16]                   @ 4-byte Reload
.Ltmp1:
	.loc	3 18 16 is_stmt 1               @ ../Source/Boot.c:18:16
	ldrh	r0, [r0, #16]
	ldr	r1, __arm_cp.0_2
.Ltmp2:
	.loc	3 18 5 is_stmt 0                @ ../Source/Boot.c:18:5
	cmp	r0, r1
	beq	.LBB0_2
	b	.LBB0_1
.LBB0_1:
.Ltmp3:
	.loc	3 20 23 is_stmt 1               @ ../Source/Boot.c:20:23
	ldr	r1, __arm_cp.0_0
	ldr	r0, __arm_cp.0_2
	strh	r0, [r1, #16]
	.loc	3 21 3                          @ ../Source/Boot.c:21:3
	b	.LBB0_5
.Ltmp4:
.LBB0_2:
	.loc	3 24 22                         @ ../Source/Boot.c:24:22
	ldr	r0, __arm_cp.0_0
	movs	r1, #21
	strh	r1, [r0, #14]
.Ltmp5:
	.loc	3 26 16                         @ ../Source/Boot.c:26:16
	ldrh	r0, [r0, #8]
	ldr	r1, __arm_cp.0_3
.Ltmp6:
	.loc	3 26 5 is_stmt 0                @ ../Source/Boot.c:26:5
	cmp	r0, r1
	bne	.LBB0_4
	b	.LBB0_3
.LBB0_3:
.Ltmp7:
	.loc	3 28 3 is_stmt 1                @ ../Source/Boot.c:28:3
	bl	FlashNewApp
	.loc	3 29 2                          @ ../Source/Boot.c:29:2
	b	.LBB0_4
.Ltmp8:
.LBB0_4:
	.loc	3 26 33                         @ ../Source/Boot.c:26:33
	b	.LBB0_5
.Ltmp9:
.LBB0_5:
	@DEBUG_LABEL: LoadBootConfig:savereturn
	.loc	3 0 33 is_stmt 0                @ ../Source/Boot.c:0:33
	add	r0, sp, #20
	str	r0, [sp]                        @ 4-byte Spill
	movs	r1, #18
	.loc	3 34 8 is_stmt 1                @ ../Source/Boot.c:34:8
	strh	r1, [r0]
	ldr	r2, __arm_cp.0_4
	.loc	3 35 2                          @ ../Source/Boot.c:35:2
	str	r2, [sp, #12]                   @ 4-byte Spill
	ldr	r1, [r2]
	movs	r3, #32
	str	r3, [sp, #8]                    @ 4-byte Spill
	orrs	r1, r3
	str	r1, [r2]
	.loc	3 36 53                         @ ../Source/Boot.c:36:53
	ldrh	r1, [r0]
	ldr	r0, __arm_cp.0_1
	.loc	3 36 2 is_stmt 0                @ ../Source/Boot.c:36:2
	str	r0, [sp, #4]                    @ 4-byte Spill
	bl	EraseFMCData
	ldr	r0, [sp]                        @ 4-byte Reload
	ldr	r1, [sp, #4]                    @ 4-byte Reload
	.loc	3 37 77 is_stmt 1               @ ../Source/Boot.c:37:77
	ldrh	r2, [r0]
	.loc	3 37 2 is_stmt 0                @ ../Source/Boot.c:37:2
	ldr	r0, __arm_cp.0_0
	bl	WriteFMCData
	ldr	r2, [sp, #8]                    @ 4-byte Reload
	ldr	r1, [sp, #12]                   @ 4-byte Reload
	.loc	3 38 2 is_stmt 1                @ ../Source/Boot.c:38:2
	ldr	r0, [r1]
	bics	r0, r2
	str	r0, [r1]
	.loc	3 39 2                          @ ../Source/Boot.c:39:2
	add	sp, #24
	pop	{r7, pc}
.Ltmp10:
	.p2align	2
@ %bb.6:
	.loc	3 0 2 is_stmt 0                 @ ../Source/Boot.c:0:2
__arm_cp.0_0:
	.long	BootConfig
.Lcpi_end0:
	.size	__arm_cp.0_0, .Lcpi_end0-__arm_cp.0_0
__arm_cp.0_1:
	.long	1049600                         @ 0x100400
.Lcpi_end1:
	.size	__arm_cp.0_1, .Lcpi_end1-__arm_cp.0_1
__arm_cp.0_2:
	.long	23098                           @ 0x5a3a
.Lcpi_end2:
	.size	__arm_cp.0_2, .Lcpi_end2-__arm_cp.0_2
__arm_cp.0_3:
	.long	42403                           @ 0xa5a3
.Lcpi_end3:
	.size	__arm_cp.0_3, .Lcpi_end3-__arm_cp.0_3
__arm_cp.0_4:
	.long	1073790976                      @ 0x4000c000
.Lcpi_end4:
	.size	__arm_cp.0_4, .Lcpi_end4-__arm_cp.0_4
.Lfunc_end0:
	.size	LoadBootConfig, .Lfunc_end0-LoadBootConfig
	.cfi_endproc
	.cantunwind
	.fnend
                                        @ -- End function
	.section	.text.FlashNewApp,"ax",%progbits
	.hidden	FlashNewApp                     @ -- Begin function FlashNewApp
	.globl	FlashNewApp
	.p2align	2
	.type	FlashNewApp,%function
	.code	16                              @ @FlashNewApp
	.thumb_func
FlashNewApp:
.Lfunc_begin1:
	.loc	3 44 0 is_stmt 1                @ ../Source/Boot.c:44:0
	.fnstart
	.cfi_startproc
@ %bb.0:
	.save	{r4, lr}
	push	{r4, lr}
	.cfi_def_cfa_offset 8
	.cfi_offset lr, -4
	.cfi_offset r4, -8
	.pad	#32
	sub	sp, #32
	.cfi_def_cfa_offset 40
.Ltmp11:
	.loc	3 47 23 prologue_end            @ ../Source/Boot.c:47:23
	ldr	r0, __arm_cp.1_0
	ldrh	r1, [r0, #12]
	.loc	3 47 10 is_stmt 0               @ ../Source/Boot.c:47:10
	ldr	r0, __arm_cp.1_1
	strh	r1, [r0]
.Ltmp12:
	.loc	3 48 5 is_stmt 1                @ ../Source/Boot.c:48:5
	ldrh	r0, [r0]
	.loc	3 48 18 is_stmt 0               @ ../Source/Boot.c:48:18
	cmp	r0, #0
	beq	.LBB1_2
	b	.LBB1_1
.LBB1_1:
	.loc	3 48 21                         @ ../Source/Boot.c:48:21
	ldr	r0, __arm_cp.1_1
	ldrh	r0, [r0]
	ldr	r1, __arm_cp.1_2
.Ltmp13:
	.loc	3 48 5                          @ ../Source/Boot.c:48:5
	cmp	r0, r1
	blt	.LBB1_3
	b	.LBB1_2
.LBB1_2:
.Ltmp14:
	.loc	3 49 3 is_stmt 1                @ ../Source/Boot.c:49:3
	b	.LBB1_22
.Ltmp15:
.LBB1_3:
	.loc	3 51 16                         @ ../Source/Boot.c:51:16
	ldr	r0, __arm_cp.1_1
	ldrh	r1, [r0]
	.loc	3 51 24 is_stmt 0               @ ../Source/Boot.c:51:24
	lsrs	r1, r1, #9
	.loc	3 51 14                         @ ../Source/Boot.c:51:14
	ldr	r2, __arm_cp.1_3
	strh	r1, [r2]
	.loc	3 52 21 is_stmt 1               @ ../Source/Boot.c:52:21
	ldrh	r0, [r0]
	.loc	3 52 19 is_stmt 0               @ ../Source/Boot.c:52:19
	ldr	r1, __arm_cp.1_4
	strb	r0, [r1]
	ldr	r1, __arm_cp.1_5
	.loc	3 56 2 is_stmt 1                @ ../Source/Boot.c:56:2
	ldr	r0, [r1]
	movs	r2, #8
	orrs	r0, r2
	str	r0, [r1]
.Ltmp16:
	.loc	3 59 19                         @ ../Source/Boot.c:59:19
	ldr	r1, __arm_cp.1_6
	movs	r0, #0
	strh	r0, [r1]
	.loc	3 59 6 is_stmt 0                @ ../Source/Boot.c:59:6
	b	.LBB1_4
.LBB1_4:                                @ =>This Loop Header: Depth=1
                                        @     Child Loop BB1_6 Depth 2
.Ltmp17:
	.loc	3 59 22                         @ ../Source/Boot.c:59:22
	ldr	r0, __arm_cp.1_6
	ldrh	r0, [r0]
	.loc	3 59 38                         @ ../Source/Boot.c:59:38
	ldr	r1, __arm_cp.1_1
	ldrh	r1, [r1]
.Ltmp18:
	.loc	3 59 2                          @ ../Source/Boot.c:59:2
	cmp	r0, r1
	bge	.LBB1_11
	b	.LBB1_5
.LBB1_5:                                @   in Loop: Header=BB1_4 Depth=1
.Ltmp19:
	.loc	3 61 8 is_stmt 1                @ ../Source/Boot.c:61:8
	ldr	r0, __arm_cp.1_7
	str	r0, [sp, #28]                   @ 4-byte Spill
	movs	r1, #5
	lsls	r1, r1, #14
	str	r1, [r0]
	.loc	3 62 12                         @ ../Source/Boot.c:62:12
	ldr	r1, __arm_cp.1_6
	str	r1, [sp, #24]                   @ 4-byte Spill
	ldrh	r2, [r1]
	.loc	3 62 8 is_stmt 0                @ ../Source/Boot.c:62:8
	ldr	r1, [r0]
	adds	r1, r1, r2
	str	r1, [r0]
	.loc	3 64 31 is_stmt 1               @ ../Source/Boot.c:64:31
	ldr	r1, [r0]
	.loc	3 64 3 is_stmt 0                @ ../Source/Boot.c:64:3
	ldr	r0, __arm_cp.1_8
	movs	r2, #1
	str	r2, [sp, #20]                   @ 4-byte Spill
	lsls	r2, r2, #9
	bl	ReadFMCDataBuffer
	ldr	r2, [sp, #20]                   @ 4-byte Reload
	ldr	r1, [sp, #24]                   @ 4-byte Reload
	ldr	r0, [sp, #28]                   @ 4-byte Reload
	lsls	r2, r2, #13
	.loc	3 66 8 is_stmt 1                @ ../Source/Boot.c:66:8
	str	r2, [r0]
	.loc	3 67 12                         @ ../Source/Boot.c:67:12
	ldrh	r2, [r1]
	.loc	3 67 8 is_stmt 0                @ ../Source/Boot.c:67:8
	ldr	r1, [r0]
	adds	r1, r1, r2
	str	r1, [r0]
	.loc	3 68 13 is_stmt 1               @ ../Source/Boot.c:68:13
	ldr	r0, [r0]
	.loc	3 68 3 is_stmt 0                @ ../Source/Boot.c:68:3
	bl	FMC_Erase
.Ltmp20:
	.loc	3 69 17 is_stmt 1               @ ../Source/Boot.c:69:17
	ldr	r1, __arm_cp.1_9
	movs	r0, #0
	strh	r0, [r1]
	.loc	3 69 7 is_stmt 0                @ ../Source/Boot.c:69:7
	b	.LBB1_6
.LBB1_6:                                @   Parent Loop BB1_4 Depth=1
                                        @ =>  This Inner Loop Header: Depth=2
.Ltmp21:
	.loc	3 69 22                         @ ../Source/Boot.c:69:22
	ldr	r0, __arm_cp.1_9
	ldrh	r0, [r0]
	ldr	r1, __arm_cp.1_10
.Ltmp22:
	.loc	3 69 3                          @ ../Source/Boot.c:69:3
	cmp	r0, r1
	bgt	.LBB1_9
	b	.LBB1_7
.LBB1_7:                                @   in Loop: Header=BB1_6 Depth=2
.Ltmp23:
	.loc	3 71 22 is_stmt 1               @ ../Source/Boot.c:71:22
	ldr	r0, __arm_cp.1_9
	ldrh	r2, [r0]
	.loc	3 71 12 is_stmt 0               @ ../Source/Boot.c:71:12
	ldr	r1, __arm_cp.1_8
	.loc	3 71 109                        @ ../Source/Boot.c:71:109
	adds	r3, r1, r2
	.loc	3 71 12                         @ ../Source/Boot.c:71:12
	ldrb	r0, [r3, #3]
	.loc	3 71 35                         @ ../Source/Boot.c:71:35
	lsls	r0, r0, #24
	.loc	3 71 45                         @ ../Source/Boot.c:71:45
	ldrb	r4, [r3, #2]
	.loc	3 71 68                         @ ../Source/Boot.c:71:68
	lsls	r4, r4, #16
	.loc	3 71 42                         @ ../Source/Boot.c:71:42
	adds	r0, r0, r4
	.loc	3 71 78                         @ ../Source/Boot.c:71:78
	ldrb	r3, [r3, #1]
	.loc	3 71 101                        @ ../Source/Boot.c:71:101
	lsls	r3, r3, #8
	.loc	3 71 75                         @ ../Source/Boot.c:71:75
	adds	r0, r0, r3
	.loc	3 71 109                        @ ../Source/Boot.c:71:109
	ldrb	r1, [r1, r2]
	.loc	3 71 107                        @ ../Source/Boot.c:71:107
	adds	r0, r0, r1
	.loc	3 71 9                          @ ../Source/Boot.c:71:9
	ldr	r1, __arm_cp.1_11
	str	r0, [r1]
	.loc	3 72 9 is_stmt 1                @ ../Source/Boot.c:72:9
	ldr	r2, __arm_cp.1_12
	movs	r0, #0
	strb	r0, [r2]
	.loc	3 73 14                         @ ../Source/Boot.c:73:14
	ldr	r0, __arm_cp.1_7
	str	r0, [sp, #16]                   @ 4-byte Spill
	ldr	r0, [r0]
	.loc	3 73 19 is_stmt 0               @ ../Source/Boot.c:73:19
	ldr	r1, [r1]
	.loc	3 73 4                          @ ../Source/Boot.c:73:4
	bl	FMC_Write
	ldr	r1, [sp, #16]                   @ 4-byte Reload
	.loc	3 74 8 is_stmt 1                @ ../Source/Boot.c:74:8
	ldr	r0, [r1]
	adds	r0, r0, #4
	str	r0, [r1]
	.loc	3 75 3                          @ ../Source/Boot.c:75:3
	b	.LBB1_8
.Ltmp24:
.LBB1_8:                                @   in Loop: Header=BB1_6 Depth=2
	.loc	3 69 49                         @ ../Source/Boot.c:69:49
	ldr	r1, __arm_cp.1_9
	ldrh	r0, [r1]
	adds	r0, r0, #4
	strh	r0, [r1]
	.loc	3 69 3 is_stmt 0                @ ../Source/Boot.c:69:3
	b	.LBB1_6
.Ltmp25:
.LBB1_9:                                @   in Loop: Header=BB1_4 Depth=1
	.loc	3 76 2 is_stmt 1                @ ../Source/Boot.c:76:2
	b	.LBB1_10
.Ltmp26:
.LBB1_10:                               @   in Loop: Header=BB1_4 Depth=1
	.loc	3 59 60                         @ ../Source/Boot.c:59:60
	ldr	r1, __arm_cp.1_6
	ldrh	r0, [r1]
	movs	r2, #1
	lsls	r2, r2, #9
	adds	r0, r0, r2
	strh	r0, [r1]
	.loc	3 59 2 is_stmt 0                @ ../Source/Boot.c:59:2
	b	.LBB1_4
.Ltmp27:
.LBB1_11:
	.loc	3 78 19 is_stmt 1               @ ../Source/Boot.c:78:19
	ldr	r1, __arm_cp.1_6
	movs	r0, #0
	strh	r0, [r1]
	.loc	3 78 6 is_stmt 0                @ ../Source/Boot.c:78:6
	b	.LBB1_12
.LBB1_12:                               @ =>This Loop Header: Depth=1
                                        @     Child Loop BB1_14 Depth 2
.Ltmp28:
	.loc	3 78 22                         @ ../Source/Boot.c:78:22
	ldr	r0, __arm_cp.1_6
	ldrh	r0, [r0]
	.loc	3 78 38                         @ ../Source/Boot.c:78:38
	ldr	r1, __arm_cp.1_1
	ldrh	r1, [r1]
.Ltmp29:
	.loc	3 78 2                          @ ../Source/Boot.c:78:2
	cmp	r0, r1
	bge	.LBB1_21
	b	.LBB1_13
.LBB1_13:                               @   in Loop: Header=BB1_12 Depth=1
.Ltmp30:
	.loc	3 80 8 is_stmt 1                @ ../Source/Boot.c:80:8
	ldr	r0, __arm_cp.1_7
	str	r0, [sp, #12]                   @ 4-byte Spill
	movs	r1, #5
	lsls	r1, r1, #14
	str	r1, [r0]
	.loc	3 81 12                         @ ../Source/Boot.c:81:12
	ldr	r1, __arm_cp.1_6
	str	r1, [sp, #8]                    @ 4-byte Spill
	ldrh	r2, [r1]
	.loc	3 81 8 is_stmt 0                @ ../Source/Boot.c:81:8
	ldr	r1, [r0]
	adds	r1, r1, r2
	str	r1, [r0]
	.loc	3 83 31 is_stmt 1               @ ../Source/Boot.c:83:31
	ldr	r1, [r0]
	.loc	3 83 3 is_stmt 0                @ ../Source/Boot.c:83:3
	ldr	r0, __arm_cp.1_8
	movs	r2, #1
	str	r2, [sp, #4]                    @ 4-byte Spill
	lsls	r2, r2, #9
	bl	ReadFMCDataBuffer
	ldr	r2, [sp, #4]                    @ 4-byte Reload
	ldr	r0, [sp, #8]                    @ 4-byte Reload
	ldr	r1, [sp, #12]                   @ 4-byte Reload
	lsls	r2, r2, #13
	.loc	3 85 8 is_stmt 1                @ ../Source/Boot.c:85:8
	str	r2, [r1]
	.loc	3 86 12                         @ ../Source/Boot.c:86:12
	ldrh	r2, [r0]
	.loc	3 86 8 is_stmt 0                @ ../Source/Boot.c:86:8
	ldr	r0, [r1]
	adds	r0, r0, r2
	str	r0, [r1]
.Ltmp31:
	.loc	3 87 17 is_stmt 1               @ ../Source/Boot.c:87:17
	ldr	r1, __arm_cp.1_9
	movs	r0, #0
	strh	r0, [r1]
	.loc	3 87 7 is_stmt 0                @ ../Source/Boot.c:87:7
	b	.LBB1_14
.LBB1_14:                               @   Parent Loop BB1_12 Depth=1
                                        @ =>  This Inner Loop Header: Depth=2
.Ltmp32:
	.loc	3 87 22                         @ ../Source/Boot.c:87:22
	ldr	r0, __arm_cp.1_9
	ldrh	r0, [r0]
	ldr	r1, __arm_cp.1_10
.Ltmp33:
	.loc	3 87 3                          @ ../Source/Boot.c:87:3
	cmp	r0, r1
	bgt	.LBB1_19
	b	.LBB1_15
.LBB1_15:                               @   in Loop: Header=BB1_14 Depth=2
.Ltmp34:
	.loc	3 89 22 is_stmt 1               @ ../Source/Boot.c:89:22
	ldr	r0, __arm_cp.1_9
	ldrh	r2, [r0]
	.loc	3 89 12 is_stmt 0               @ ../Source/Boot.c:89:12
	ldr	r1, __arm_cp.1_8
	.loc	3 89 109                        @ ../Source/Boot.c:89:109
	adds	r3, r1, r2
	.loc	3 89 12                         @ ../Source/Boot.c:89:12
	ldrb	r0, [r3, #3]
	.loc	3 89 35                         @ ../Source/Boot.c:89:35
	lsls	r0, r0, #24
	.loc	3 89 45                         @ ../Source/Boot.c:89:45
	ldrb	r4, [r3, #2]
	.loc	3 89 68                         @ ../Source/Boot.c:89:68
	lsls	r4, r4, #16
	.loc	3 89 42                         @ ../Source/Boot.c:89:42
	adds	r0, r0, r4
	.loc	3 89 78                         @ ../Source/Boot.c:89:78
	ldrb	r3, [r3, #1]
	.loc	3 89 101                        @ ../Source/Boot.c:89:101
	lsls	r3, r3, #8
	.loc	3 89 75                         @ ../Source/Boot.c:89:75
	adds	r0, r0, r3
	.loc	3 89 109                        @ ../Source/Boot.c:89:109
	ldrb	r1, [r1, r2]
	.loc	3 89 107                        @ ../Source/Boot.c:89:107
	adds	r0, r0, r1
	.loc	3 89 9                          @ ../Source/Boot.c:89:9
	ldr	r1, __arm_cp.1_11
	str	r1, [sp]                        @ 4-byte Spill
	str	r0, [r1]
	.loc	3 90 9 is_stmt 1                @ ../Source/Boot.c:90:9
	ldr	r1, __arm_cp.1_12
	movs	r0, #0
	strb	r0, [r1]
	.loc	3 91 21                         @ ../Source/Boot.c:91:21
	ldr	r0, __arm_cp.1_7
	ldr	r0, [r0]
	.loc	3 91 12 is_stmt 0               @ ../Source/Boot.c:91:12
	bl	FMC_Read
	ldr	r1, [sp]                        @ 4-byte Reload
	mov	r2, r0
	.loc	3 91 10                         @ ../Source/Boot.c:91:10
	ldr	r0, __arm_cp.1_13
	str	r2, [r0]
.Ltmp35:
	.loc	3 92 7 is_stmt 1                @ ../Source/Boot.c:92:7
	ldr	r0, [r0]
	.loc	3 92 16 is_stmt 0               @ ../Source/Boot.c:92:16
	ldr	r1, [r1]
.Ltmp36:
	.loc	3 92 7                          @ ../Source/Boot.c:92:7
	cmp	r0, r1
	beq	.LBB1_17
	b	.LBB1_16
.LBB1_16:                               @   in Loop: Header=BB1_14 Depth=2
	.loc	3 0 7                           @ ../Source/Boot.c:0:7
	movs	r0, #1
.Ltmp37:
	.loc	3 93 5 is_stmt 1                @ ../Source/Boot.c:93:5
	bl	DelayMS
	b	.LBB1_17
.Ltmp38:
.LBB1_17:                               @   in Loop: Header=BB1_14 Depth=2
	.loc	3 94 8                          @ ../Source/Boot.c:94:8
	ldr	r1, __arm_cp.1_7
	ldr	r0, [r1]
	adds	r0, r0, #4
	str	r0, [r1]
	.loc	3 95 3                          @ ../Source/Boot.c:95:3
	b	.LBB1_18
.Ltmp39:
.LBB1_18:                               @   in Loop: Header=BB1_14 Depth=2
	.loc	3 87 49                         @ ../Source/Boot.c:87:49
	ldr	r1, __arm_cp.1_9
	ldrh	r0, [r1]
	adds	r0, r0, #4
	strh	r0, [r1]
	.loc	3 87 3 is_stmt 0                @ ../Source/Boot.c:87:3
	b	.LBB1_14
.Ltmp40:
.LBB1_19:                               @   in Loop: Header=BB1_12 Depth=1
	.loc	3 96 2 is_stmt 1                @ ../Source/Boot.c:96:2
	b	.LBB1_20
.Ltmp41:
.LBB1_20:                               @   in Loop: Header=BB1_12 Depth=1
	.loc	3 78 60                         @ ../Source/Boot.c:78:60
	ldr	r1, __arm_cp.1_6
	ldrh	r0, [r1]
	movs	r2, #1
	lsls	r2, r2, #9
	adds	r0, r0, r2
	strh	r0, [r1]
	.loc	3 78 2 is_stmt 0                @ ../Source/Boot.c:78:2
	b	.LBB1_12
.Ltmp42:
.LBB1_21:
	.loc	3 0 2                           @ ../Source/Boot.c:0:2
	ldr	r1, __arm_cp.1_5
	.loc	3 99 2 is_stmt 1                @ ../Source/Boot.c:99:2
	ldr	r0, [r1]
	movs	r2, #8
	bics	r0, r2
	str	r0, [r1]
	.loc	3 100 27                        @ ../Source/Boot.c:100:27
	ldr	r1, __arm_cp.1_0
	movs	r0, #0
	strh	r0, [r1, #8]
	.loc	3 101 41                        @ ../Source/Boot.c:101:41
	ldrh	r0, [r1, #12]
	.loc	3 101 28 is_stmt 0              @ ../Source/Boot.c:101:28
	strh	r0, [r1, #6]
	movs	r0, #170
	.loc	3 102 22 is_stmt 1              @ ../Source/Boot.c:102:22
	strh	r0, [r1, #14]
	.loc	3 103 1                         @ ../Source/Boot.c:103:1
	b	.LBB1_22
.LBB1_22:
	add	sp, #32
	pop	{r4, pc}
.Ltmp43:
	.p2align	2
@ %bb.23:
	.loc	3 0 1 is_stmt 0                 @ ../Source/Boot.c:0:1
__arm_cp.1_0:
	.long	BootConfig
.Lcpi_end5:
	.size	__arm_cp.1_0, .Lcpi_end5-__arm_cp.1_0
__arm_cp.1_1:
	.long	Appsize
.Lcpi_end6:
	.size	__arm_cp.1_1, .Lcpi_end6-__arm_cp.1_1
__arm_cp.1_2:
	.long	60001                           @ 0xea61
.Lcpi_end7:
	.size	__arm_cp.1_2, .Lcpi_end7-__arm_cp.1_2
__arm_cp.1_3:
	.long	NoOfPackets
.Lcpi_end8:
	.size	__arm_cp.1_3, .Lcpi_end8-__arm_cp.1_3
__arm_cp.1_4:
	.long	RemainingPackets
.Lcpi_end9:
	.size	__arm_cp.1_4, .Lcpi_end9-__arm_cp.1_4
__arm_cp.1_5:
	.long	1073790976                      @ 0x4000c000
.Lcpi_end10:
	.size	__arm_cp.1_5, .Lcpi_end10-__arm_cp.1_5
__arm_cp.1_6:
	.long	CurrentPacket
.Lcpi_end11:
	.size	__arm_cp.1_6, .Lcpi_end11-__arm_cp.1_6
__arm_cp.1_7:
	.long	ADDR
.Lcpi_end12:
	.size	__arm_cp.1_7, .Lcpi_end12-__arm_cp.1_7
__arm_cp.1_8:
	.long	FDataBuff
.Lcpi_end13:
	.size	__arm_cp.1_8, .Lcpi_end13-__arm_cp.1_8
__arm_cp.1_9:
	.long	WordIndex
.Lcpi_end14:
	.size	__arm_cp.1_9, .Lcpi_end14-__arm_cp.1_9
__arm_cp.1_10:
	.long	511                             @ 0x1ff
.Lcpi_end15:
	.size	__arm_cp.1_10, .Lcpi_end15-__arm_cp.1_10
__arm_cp.1_11:
	.long	word
.Lcpi_end16:
	.size	__arm_cp.1_11, .Lcpi_end16-__arm_cp.1_11
__arm_cp.1_12:
	.long	tries
.Lcpi_end17:
	.size	__arm_cp.1_12, .Lcpi_end17-__arm_cp.1_12
__arm_cp.1_13:
	.long	Rword
.Lcpi_end18:
	.size	__arm_cp.1_13, .Lcpi_end18-__arm_cp.1_13
.Lfunc_end1:
	.size	FlashNewApp, .Lfunc_end1-FlashNewApp
	.cfi_endproc
	.cantunwind
	.fnend
                                        @ -- End function
	.hidden	BootConfig                      @ @BootConfig
	.type	BootConfig,%object
	.section	.bss.BootConfig,"aw",%nobits
	.globl	BootConfig
	.p2align	1
BootConfig:
	.zero	18
	.size	BootConfig, 18

	.hidden	Appsize                         @ @Appsize
	.type	Appsize,%object
	.section	.bss.Appsize,"aw",%nobits
	.globl	Appsize
	.p2align	1
Appsize:
	.short	0                               @ 0x0
	.size	Appsize, 2

	.hidden	NoOfPackets                     @ @NoOfPackets
	.type	NoOfPackets,%object
	.section	.bss.NoOfPackets,"aw",%nobits
	.globl	NoOfPackets
	.p2align	1
NoOfPackets:
	.short	0                               @ 0x0
	.size	NoOfPackets, 2

	.hidden	RemainingPackets                @ @RemainingPackets
	.type	RemainingPackets,%object
	.section	.bss.RemainingPackets,"aw",%nobits
	.globl	RemainingPackets
RemainingPackets:
	.byte	0                               @ 0x0
	.size	RemainingPackets, 1

	.hidden	CurrentPacket                   @ @CurrentPacket
	.type	CurrentPacket,%object
	.section	.bss.CurrentPacket,"aw",%nobits
	.globl	CurrentPacket
	.p2align	1
CurrentPacket:
	.short	0                               @ 0x0
	.size	CurrentPacket, 2

	.hidden	ADDR                            @ @ADDR
	.type	ADDR,%object
	.section	.bss.ADDR,"aw",%nobits
	.globl	ADDR
	.p2align	2
ADDR:
	.long	0                               @ 0x0
	.size	ADDR, 4

	.hidden	FDataBuff                       @ @FDataBuff
	.type	FDataBuff,%object
	.section	.bss.FDataBuff,"aw",%nobits
	.globl	FDataBuff
FDataBuff:
	.zero	512
	.size	FDataBuff, 512

	.hidden	WordIndex                       @ @WordIndex
	.type	WordIndex,%object
	.section	.bss.WordIndex,"aw",%nobits
	.globl	WordIndex
	.p2align	1
WordIndex:
	.short	0                               @ 0x0
	.size	WordIndex, 2

	.hidden	word                            @ @word
	.type	word,%object
	.section	.bss.word,"aw",%nobits
	.globl	word
	.p2align	2
word:
	.long	0                               @ 0x0
	.size	word, 4

	.hidden	tries                           @ @tries
	.type	tries,%object
	.section	.bss.tries,"aw",%nobits
	.globl	tries
tries:
	.byte	0                               @ 0x0
	.size	tries, 1

	.hidden	Rword                           @ @Rword
	.type	Rword,%object
	.section	.bss.Rword,"aw",%nobits
	.globl	Rword
	.p2align	2
Rword:
	.long	0                               @ 0x0
	.size	Rword, 4

	.hidden	Cword                           @ @Cword
	.type	Cword,%object
	.section	.bss.Cword,"aw",%nobits
	.globl	Cword
	.p2align	2
Cword:
	.long	0                               @ 0x0
	.size	Cword, 4

	.section	.debug_abbrev,"",%progbits
	.byte	1                               @ Abbreviation Code
	.byte	17                              @ DW_TAG_compile_unit
	.byte	1                               @ DW_CHILDREN_yes
	.byte	37                              @ DW_AT_producer
	.byte	14                              @ DW_FORM_strp
	.byte	19                              @ DW_AT_language
	.byte	5                               @ DW_FORM_data2
	.byte	3                               @ DW_AT_name
	.byte	14                              @ DW_FORM_strp
	.byte	16                              @ DW_AT_stmt_list
	.byte	23                              @ DW_FORM_sec_offset
	.byte	27                              @ DW_AT_comp_dir
	.byte	14                              @ DW_FORM_strp
	.byte	17                              @ DW_AT_low_pc
	.byte	1                               @ DW_FORM_addr
	.byte	85                              @ DW_AT_ranges
	.byte	23                              @ DW_FORM_sec_offset
	.byte	0                               @ EOM(1)
	.byte	0                               @ EOM(2)
	.byte	2                               @ Abbreviation Code
	.byte	52                              @ DW_TAG_variable
	.byte	0                               @ DW_CHILDREN_no
	.byte	3                               @ DW_AT_name
	.byte	14                              @ DW_FORM_strp
	.byte	73                              @ DW_AT_type
	.byte	19                              @ DW_FORM_ref4
	.byte	63                              @ DW_AT_external
	.byte	25                              @ DW_FORM_flag_present
	.byte	58                              @ DW_AT_decl_file
	.byte	11                              @ DW_FORM_data1
	.byte	59                              @ DW_AT_decl_line
	.byte	11                              @ DW_FORM_data1
	.byte	2                               @ DW_AT_location
	.byte	24                              @ DW_FORM_exprloc
	.byte	0                               @ EOM(1)
	.byte	0                               @ EOM(2)
	.byte	3                               @ Abbreviation Code
	.byte	22                              @ DW_TAG_typedef
	.byte	0                               @ DW_CHILDREN_no
	.byte	73                              @ DW_AT_type
	.byte	19                              @ DW_FORM_ref4
	.byte	3                               @ DW_AT_name
	.byte	14                              @ DW_FORM_strp
	.byte	58                              @ DW_AT_decl_file
	.byte	11                              @ DW_FORM_data1
	.byte	59                              @ DW_AT_decl_line
	.byte	11                              @ DW_FORM_data1
	.byte	0                               @ EOM(1)
	.byte	0                               @ EOM(2)
	.byte	4                               @ Abbreviation Code
	.byte	19                              @ DW_TAG_structure_type
	.byte	1                               @ DW_CHILDREN_yes
	.byte	11                              @ DW_AT_byte_size
	.byte	11                              @ DW_FORM_data1
	.byte	58                              @ DW_AT_decl_file
	.byte	11                              @ DW_FORM_data1
	.byte	59                              @ DW_AT_decl_line
	.byte	11                              @ DW_FORM_data1
	.byte	0                               @ EOM(1)
	.byte	0                               @ EOM(2)
	.byte	5                               @ Abbreviation Code
	.byte	13                              @ DW_TAG_member
	.byte	0                               @ DW_CHILDREN_no
	.byte	3                               @ DW_AT_name
	.byte	14                              @ DW_FORM_strp
	.byte	73                              @ DW_AT_type
	.byte	19                              @ DW_FORM_ref4
	.byte	58                              @ DW_AT_decl_file
	.byte	11                              @ DW_FORM_data1
	.byte	59                              @ DW_AT_decl_line
	.byte	11                              @ DW_FORM_data1
	.byte	56                              @ DW_AT_data_member_location
	.byte	11                              @ DW_FORM_data1
	.byte	0                               @ EOM(1)
	.byte	0                               @ EOM(2)
	.byte	6                               @ Abbreviation Code
	.byte	36                              @ DW_TAG_base_type
	.byte	0                               @ DW_CHILDREN_no
	.byte	3                               @ DW_AT_name
	.byte	14                              @ DW_FORM_strp
	.byte	62                              @ DW_AT_encoding
	.byte	11                              @ DW_FORM_data1
	.byte	11                              @ DW_AT_byte_size
	.byte	11                              @ DW_FORM_data1
	.byte	0                               @ EOM(1)
	.byte	0                               @ EOM(2)
	.byte	7                               @ Abbreviation Code
	.byte	1                               @ DW_TAG_array_type
	.byte	1                               @ DW_CHILDREN_yes
	.byte	73                              @ DW_AT_type
	.byte	19                              @ DW_FORM_ref4
	.byte	0                               @ EOM(1)
	.byte	0                               @ EOM(2)
	.byte	8                               @ Abbreviation Code
	.byte	33                              @ DW_TAG_subrange_type
	.byte	0                               @ DW_CHILDREN_no
	.byte	73                              @ DW_AT_type
	.byte	19                              @ DW_FORM_ref4
	.byte	55                              @ DW_AT_count
	.byte	5                               @ DW_FORM_data2
	.byte	0                               @ EOM(1)
	.byte	0                               @ EOM(2)
	.byte	9                               @ Abbreviation Code
	.byte	36                              @ DW_TAG_base_type
	.byte	0                               @ DW_CHILDREN_no
	.byte	3                               @ DW_AT_name
	.byte	14                              @ DW_FORM_strp
	.byte	11                              @ DW_AT_byte_size
	.byte	11                              @ DW_FORM_data1
	.byte	62                              @ DW_AT_encoding
	.byte	11                              @ DW_FORM_data1
	.byte	0                               @ EOM(1)
	.byte	0                               @ EOM(2)
	.byte	10                              @ Abbreviation Code
	.byte	15                              @ DW_TAG_pointer_type
	.byte	0                               @ DW_CHILDREN_no
	.byte	73                              @ DW_AT_type
	.byte	19                              @ DW_FORM_ref4
	.byte	0                               @ EOM(1)
	.byte	0                               @ EOM(2)
	.byte	11                              @ Abbreviation Code
	.byte	19                              @ DW_TAG_structure_type
	.byte	1                               @ DW_CHILDREN_yes
	.byte	11                              @ DW_AT_byte_size
	.byte	5                               @ DW_FORM_data2
	.byte	58                              @ DW_AT_decl_file
	.byte	11                              @ DW_FORM_data1
	.byte	59                              @ DW_AT_decl_line
	.byte	11                              @ DW_FORM_data1
	.byte	0                               @ EOM(1)
	.byte	0                               @ EOM(2)
	.byte	12                              @ Abbreviation Code
	.byte	13                              @ DW_TAG_member
	.byte	0                               @ DW_CHILDREN_no
	.byte	3                               @ DW_AT_name
	.byte	14                              @ DW_FORM_strp
	.byte	73                              @ DW_AT_type
	.byte	19                              @ DW_FORM_ref4
	.byte	58                              @ DW_AT_decl_file
	.byte	11                              @ DW_FORM_data1
	.byte	59                              @ DW_AT_decl_line
	.byte	11                              @ DW_FORM_data1
	.byte	56                              @ DW_AT_data_member_location
	.byte	5                               @ DW_FORM_data2
	.byte	0                               @ EOM(1)
	.byte	0                               @ EOM(2)
	.byte	13                              @ Abbreviation Code
	.byte	53                              @ DW_TAG_volatile_type
	.byte	0                               @ DW_CHILDREN_no
	.byte	73                              @ DW_AT_type
	.byte	19                              @ DW_FORM_ref4
	.byte	0                               @ EOM(1)
	.byte	0                               @ EOM(2)
	.byte	14                              @ Abbreviation Code
	.byte	38                              @ DW_TAG_const_type
	.byte	0                               @ DW_CHILDREN_no
	.byte	73                              @ DW_AT_type
	.byte	19                              @ DW_FORM_ref4
	.byte	0                               @ EOM(1)
	.byte	0                               @ EOM(2)
	.byte	15                              @ Abbreviation Code
	.byte	33                              @ DW_TAG_subrange_type
	.byte	0                               @ DW_CHILDREN_no
	.byte	73                              @ DW_AT_type
	.byte	19                              @ DW_FORM_ref4
	.byte	55                              @ DW_AT_count
	.byte	11                              @ DW_FORM_data1
	.byte	0                               @ EOM(1)
	.byte	0                               @ EOM(2)
	.byte	16                              @ Abbreviation Code
	.byte	46                              @ DW_TAG_subprogram
	.byte	1                               @ DW_CHILDREN_yes
	.byte	17                              @ DW_AT_low_pc
	.byte	1                               @ DW_FORM_addr
	.byte	18                              @ DW_AT_high_pc
	.byte	6                               @ DW_FORM_data4
	.byte	64                              @ DW_AT_frame_base
	.byte	24                              @ DW_FORM_exprloc
	.byte	3                               @ DW_AT_name
	.byte	14                              @ DW_FORM_strp
	.byte	58                              @ DW_AT_decl_file
	.byte	11                              @ DW_FORM_data1
	.byte	59                              @ DW_AT_decl_line
	.byte	11                              @ DW_FORM_data1
	.byte	39                              @ DW_AT_prototyped
	.byte	25                              @ DW_FORM_flag_present
	.byte	63                              @ DW_AT_external
	.byte	25                              @ DW_FORM_flag_present
	.byte	0                               @ EOM(1)
	.byte	0                               @ EOM(2)
	.byte	17                              @ Abbreviation Code
	.byte	52                              @ DW_TAG_variable
	.byte	0                               @ DW_CHILDREN_no
	.byte	2                               @ DW_AT_location
	.byte	24                              @ DW_FORM_exprloc
	.byte	3                               @ DW_AT_name
	.byte	14                              @ DW_FORM_strp
	.byte	58                              @ DW_AT_decl_file
	.byte	11                              @ DW_FORM_data1
	.byte	59                              @ DW_AT_decl_line
	.byte	11                              @ DW_FORM_data1
	.byte	73                              @ DW_AT_type
	.byte	19                              @ DW_FORM_ref4
	.byte	0                               @ EOM(1)
	.byte	0                               @ EOM(2)
	.byte	18                              @ Abbreviation Code
	.byte	10                              @ DW_TAG_label
	.byte	0                               @ DW_CHILDREN_no
	.byte	3                               @ DW_AT_name
	.byte	14                              @ DW_FORM_strp
	.byte	58                              @ DW_AT_decl_file
	.byte	11                              @ DW_FORM_data1
	.byte	59                              @ DW_AT_decl_line
	.byte	11                              @ DW_FORM_data1
	.byte	17                              @ DW_AT_low_pc
	.byte	1                               @ DW_FORM_addr
	.byte	0                               @ EOM(1)
	.byte	0                               @ EOM(2)
	.byte	19                              @ Abbreviation Code
	.byte	46                              @ DW_TAG_subprogram
	.byte	0                               @ DW_CHILDREN_no
	.byte	17                              @ DW_AT_low_pc
	.byte	1                               @ DW_FORM_addr
	.byte	18                              @ DW_AT_high_pc
	.byte	6                               @ DW_FORM_data4
	.byte	64                              @ DW_AT_frame_base
	.byte	24                              @ DW_FORM_exprloc
	.byte	3                               @ DW_AT_name
	.byte	14                              @ DW_FORM_strp
	.byte	58                              @ DW_AT_decl_file
	.byte	11                              @ DW_FORM_data1
	.byte	59                              @ DW_AT_decl_line
	.byte	11                              @ DW_FORM_data1
	.byte	39                              @ DW_AT_prototyped
	.byte	25                              @ DW_FORM_flag_present
	.byte	63                              @ DW_AT_external
	.byte	25                              @ DW_FORM_flag_present
	.byte	0                               @ EOM(1)
	.byte	0                               @ EOM(2)
	.byte	0                               @ EOM(3)
	.section	.debug_info,"",%progbits
.Lcu_begin0:
	.long	.Ldebug_info_end0-.Ldebug_info_start0 @ Length of Unit
.Ldebug_info_start0:
	.short	4                               @ DWARF version number
	.long	.debug_abbrev                   @ Offset Into Abbrev. Section
	.byte	4                               @ Address Size (in bytes)
	.byte	1                               @ Abbrev [1] 0xb:0x331 DW_TAG_compile_unit
	.long	.Linfo_string0                  @ DW_AT_producer
	.short	12                              @ DW_AT_language
	.long	.Linfo_string1                  @ DW_AT_name
	.long	.Lline_table_start0             @ DW_AT_stmt_list
	.long	.Linfo_string2                  @ DW_AT_comp_dir
	.long	0                               @ DW_AT_low_pc
	.long	.Ldebug_ranges0                 @ DW_AT_ranges
	.byte	2                               @ Abbrev [2] 0x26:0x11 DW_TAG_variable
	.long	.Linfo_string3                  @ DW_AT_name
	.long	55                              @ DW_AT_type
                                        @ DW_AT_external
	.byte	3                               @ DW_AT_decl_file
	.byte	4                               @ DW_AT_decl_line
	.byte	5                               @ DW_AT_location
	.byte	3
	.long	BootConfig
	.byte	3                               @ Abbrev [3] 0x37:0xb DW_TAG_typedef
	.long	66                              @ DW_AT_type
	.long	.Linfo_string17                 @ DW_AT_name
	.byte	2                               @ DW_AT_decl_file
	.byte	49                              @ DW_AT_decl_line
	.byte	4                               @ Abbrev [4] 0x42:0x71 DW_TAG_structure_type
	.byte	18                              @ DW_AT_byte_size
	.byte	2                               @ DW_AT_decl_file
	.byte	38                              @ DW_AT_decl_line
	.byte	5                               @ Abbrev [5] 0x46:0xc DW_TAG_member
	.long	.Linfo_string4                  @ DW_AT_name
	.long	179                             @ DW_AT_type
	.byte	2                               @ DW_AT_decl_file
	.byte	40                              @ DW_AT_decl_line
	.byte	0                               @ DW_AT_data_member_location
	.byte	5                               @ Abbrev [5] 0x52:0xc DW_TAG_member
	.long	.Linfo_string7                  @ DW_AT_name
	.long	197                             @ DW_AT_type
	.byte	2                               @ DW_AT_decl_file
	.byte	41                              @ DW_AT_decl_line
	.byte	2                               @ DW_AT_data_member_location
	.byte	5                               @ Abbrev [5] 0x5e:0xc DW_TAG_member
	.long	.Linfo_string10                 @ DW_AT_name
	.long	179                             @ DW_AT_type
	.byte	2                               @ DW_AT_decl_file
	.byte	42                              @ DW_AT_decl_line
	.byte	4                               @ DW_AT_data_member_location
	.byte	5                               @ Abbrev [5] 0x6a:0xc DW_TAG_member
	.long	.Linfo_string11                 @ DW_AT_name
	.long	197                             @ DW_AT_type
	.byte	2                               @ DW_AT_decl_file
	.byte	43                              @ DW_AT_decl_line
	.byte	6                               @ DW_AT_data_member_location
	.byte	5                               @ Abbrev [5] 0x76:0xc DW_TAG_member
	.long	.Linfo_string12                 @ DW_AT_name
	.long	197                             @ DW_AT_type
	.byte	2                               @ DW_AT_decl_file
	.byte	44                              @ DW_AT_decl_line
	.byte	8                               @ DW_AT_data_member_location
	.byte	5                               @ Abbrev [5] 0x82:0xc DW_TAG_member
	.long	.Linfo_string13                 @ DW_AT_name
	.long	179                             @ DW_AT_type
	.byte	2                               @ DW_AT_decl_file
	.byte	45                              @ DW_AT_decl_line
	.byte	10                              @ DW_AT_data_member_location
	.byte	5                               @ Abbrev [5] 0x8e:0xc DW_TAG_member
	.long	.Linfo_string14                 @ DW_AT_name
	.long	197                             @ DW_AT_type
	.byte	2                               @ DW_AT_decl_file
	.byte	46                              @ DW_AT_decl_line
	.byte	12                              @ DW_AT_data_member_location
	.byte	5                               @ Abbrev [5] 0x9a:0xc DW_TAG_member
	.long	.Linfo_string15                 @ DW_AT_name
	.long	197                             @ DW_AT_type
	.byte	2                               @ DW_AT_decl_file
	.byte	47                              @ DW_AT_decl_line
	.byte	14                              @ DW_AT_data_member_location
	.byte	5                               @ Abbrev [5] 0xa6:0xc DW_TAG_member
	.long	.Linfo_string16                 @ DW_AT_name
	.long	197                             @ DW_AT_type
	.byte	2                               @ DW_AT_decl_file
	.byte	48                              @ DW_AT_decl_line
	.byte	16                              @ DW_AT_data_member_location
	.byte	0                               @ End Of Children Mark
	.byte	3                               @ Abbrev [3] 0xb3:0xb DW_TAG_typedef
	.long	190                             @ DW_AT_type
	.long	.Linfo_string6                  @ DW_AT_name
	.byte	1                               @ DW_AT_decl_file
	.byte	62                              @ DW_AT_decl_line
	.byte	6                               @ Abbrev [6] 0xbe:0x7 DW_TAG_base_type
	.long	.Linfo_string5                  @ DW_AT_name
	.byte	8                               @ DW_AT_encoding
	.byte	1                               @ DW_AT_byte_size
	.byte	3                               @ Abbrev [3] 0xc5:0xb DW_TAG_typedef
	.long	208                             @ DW_AT_type
	.long	.Linfo_string9                  @ DW_AT_name
	.byte	1                               @ DW_AT_decl_file
	.byte	63                              @ DW_AT_decl_line
	.byte	6                               @ Abbrev [6] 0xd0:0x7 DW_TAG_base_type
	.long	.Linfo_string8                  @ DW_AT_name
	.byte	7                               @ DW_AT_encoding
	.byte	2                               @ DW_AT_byte_size
	.byte	2                               @ Abbrev [2] 0xd7:0x11 DW_TAG_variable
	.long	.Linfo_string18                 @ DW_AT_name
	.long	232                             @ DW_AT_type
                                        @ DW_AT_external
	.byte	3                               @ DW_AT_decl_file
	.byte	5                               @ DW_AT_decl_line
	.byte	5                               @ DW_AT_location
	.byte	3
	.long	FDataBuff
	.byte	7                               @ Abbrev [7] 0xe8:0xd DW_TAG_array_type
	.long	179                             @ DW_AT_type
	.byte	8                               @ Abbrev [8] 0xed:0x7 DW_TAG_subrange_type
	.long	245                             @ DW_AT_type
	.short	512                             @ DW_AT_count
	.byte	0                               @ End Of Children Mark
	.byte	9                               @ Abbrev [9] 0xf5:0x7 DW_TAG_base_type
	.long	.Linfo_string19                 @ DW_AT_name
	.byte	8                               @ DW_AT_byte_size
	.byte	7                               @ DW_AT_encoding
	.byte	2                               @ Abbrev [2] 0xfc:0x11 DW_TAG_variable
	.long	.Linfo_string20                 @ DW_AT_name
	.long	179                             @ DW_AT_type
                                        @ DW_AT_external
	.byte	3                               @ DW_AT_decl_file
	.byte	5                               @ DW_AT_decl_line
	.byte	5                               @ DW_AT_location
	.byte	3
	.long	RemainingPackets
	.byte	2                               @ Abbrev [2] 0x10d:0x11 DW_TAG_variable
	.long	.Linfo_string21                 @ DW_AT_name
	.long	179                             @ DW_AT_type
                                        @ DW_AT_external
	.byte	3                               @ DW_AT_decl_file
	.byte	5                               @ DW_AT_decl_line
	.byte	5                               @ DW_AT_location
	.byte	3
	.long	tries
	.byte	2                               @ Abbrev [2] 0x11e:0x11 DW_TAG_variable
	.long	.Linfo_string22                 @ DW_AT_name
	.long	197                             @ DW_AT_type
                                        @ DW_AT_external
	.byte	3                               @ DW_AT_decl_file
	.byte	6                               @ DW_AT_decl_line
	.byte	5                               @ DW_AT_location
	.byte	3
	.long	NoOfPackets
	.byte	2                               @ Abbrev [2] 0x12f:0x11 DW_TAG_variable
	.long	.Linfo_string23                 @ DW_AT_name
	.long	197                             @ DW_AT_type
                                        @ DW_AT_external
	.byte	3                               @ DW_AT_decl_file
	.byte	6                               @ DW_AT_decl_line
	.byte	5                               @ DW_AT_location
	.byte	3
	.long	CurrentPacket
	.byte	2                               @ Abbrev [2] 0x140:0x11 DW_TAG_variable
	.long	.Linfo_string24                 @ DW_AT_name
	.long	197                             @ DW_AT_type
                                        @ DW_AT_external
	.byte	3                               @ DW_AT_decl_file
	.byte	6                               @ DW_AT_decl_line
	.byte	5                               @ DW_AT_location
	.byte	3
	.long	Appsize
	.byte	2                               @ Abbrev [2] 0x151:0x11 DW_TAG_variable
	.long	.Linfo_string25                 @ DW_AT_name
	.long	354                             @ DW_AT_type
                                        @ DW_AT_external
	.byte	3                               @ DW_AT_decl_file
	.byte	7                               @ DW_AT_decl_line
	.byte	5                               @ DW_AT_location
	.byte	3
	.long	ADDR
	.byte	3                               @ Abbrev [3] 0x162:0xb DW_TAG_typedef
	.long	365                             @ DW_AT_type
	.long	.Linfo_string27                 @ DW_AT_name
	.byte	1                               @ DW_AT_decl_file
	.byte	64                              @ DW_AT_decl_line
	.byte	6                               @ Abbrev [6] 0x16d:0x7 DW_TAG_base_type
	.long	.Linfo_string26                 @ DW_AT_name
	.byte	7                               @ DW_AT_encoding
	.byte	4                               @ DW_AT_byte_size
	.byte	2                               @ Abbrev [2] 0x174:0x11 DW_TAG_variable
	.long	.Linfo_string28                 @ DW_AT_name
	.long	354                             @ DW_AT_type
                                        @ DW_AT_external
	.byte	3                               @ DW_AT_decl_file
	.byte	7                               @ DW_AT_decl_line
	.byte	5                               @ DW_AT_location
	.byte	3
	.long	word
	.byte	2                               @ Abbrev [2] 0x185:0x11 DW_TAG_variable
	.long	.Linfo_string29                 @ DW_AT_name
	.long	354                             @ DW_AT_type
                                        @ DW_AT_external
	.byte	3                               @ DW_AT_decl_file
	.byte	7                               @ DW_AT_decl_line
	.byte	5                               @ DW_AT_location
	.byte	3
	.long	Rword
	.byte	2                               @ Abbrev [2] 0x196:0x11 DW_TAG_variable
	.long	.Linfo_string30                 @ DW_AT_name
	.long	354                             @ DW_AT_type
                                        @ DW_AT_external
	.byte	3                               @ DW_AT_decl_file
	.byte	7                               @ DW_AT_decl_line
	.byte	5                               @ DW_AT_location
	.byte	3
	.long	Cword
	.byte	2                               @ Abbrev [2] 0x1a7:0x11 DW_TAG_variable
	.long	.Linfo_string31                 @ DW_AT_name
	.long	197                             @ DW_AT_type
                                        @ DW_AT_external
	.byte	3                               @ DW_AT_decl_file
	.byte	8                               @ DW_AT_decl_line
	.byte	5                               @ DW_AT_location
	.byte	3
	.long	WordIndex
	.byte	10                              @ Abbrev [10] 0x1b8:0x5 DW_TAG_pointer_type
	.long	179                             @ DW_AT_type
	.byte	10                              @ Abbrev [10] 0x1bd:0x5 DW_TAG_pointer_type
	.long	450                             @ DW_AT_type
	.byte	3                               @ Abbrev [3] 0x1c2:0xb DW_TAG_typedef
	.long	461                             @ DW_AT_type
	.long	.Linfo_string52                 @ DW_AT_name
	.byte	4                               @ DW_AT_decl_file
	.byte	200                             @ DW_AT_decl_line
	.byte	11                              @ Abbrev [11] 0x1cd:0xf7 DW_TAG_structure_type
	.short	4096                            @ DW_AT_byte_size
	.byte	4                               @ DW_AT_decl_file
	.byte	26                              @ DW_AT_decl_line
	.byte	5                               @ Abbrev [5] 0x1d2:0xc DW_TAG_member
	.long	.Linfo_string32                 @ DW_AT_name
	.long	708                             @ DW_AT_type
	.byte	4                               @ DW_AT_decl_file
	.byte	180                             @ DW_AT_decl_line
	.byte	0                               @ DW_AT_data_member_location
	.byte	5                               @ Abbrev [5] 0x1de:0xc DW_TAG_member
	.long	.Linfo_string33                 @ DW_AT_name
	.long	708                             @ DW_AT_type
	.byte	4                               @ DW_AT_decl_file
	.byte	181                             @ DW_AT_decl_line
	.byte	4                               @ DW_AT_data_member_location
	.byte	5                               @ Abbrev [5] 0x1ea:0xc DW_TAG_member
	.long	.Linfo_string34                 @ DW_AT_name
	.long	708                             @ DW_AT_type
	.byte	4                               @ DW_AT_decl_file
	.byte	182                             @ DW_AT_decl_line
	.byte	8                               @ DW_AT_data_member_location
	.byte	5                               @ Abbrev [5] 0x1f6:0xc DW_TAG_member
	.long	.Linfo_string35                 @ DW_AT_name
	.long	708                             @ DW_AT_type
	.byte	4                               @ DW_AT_decl_file
	.byte	183                             @ DW_AT_decl_line
	.byte	12                              @ DW_AT_data_member_location
	.byte	5                               @ Abbrev [5] 0x202:0xc DW_TAG_member
	.long	.Linfo_string36                 @ DW_AT_name
	.long	708                             @ DW_AT_type
	.byte	4                               @ DW_AT_decl_file
	.byte	184                             @ DW_AT_decl_line
	.byte	16                              @ DW_AT_data_member_location
	.byte	5                               @ Abbrev [5] 0x20e:0xc DW_TAG_member
	.long	.Linfo_string37                 @ DW_AT_name
	.long	713                             @ DW_AT_type
	.byte	4                               @ DW_AT_decl_file
	.byte	185                             @ DW_AT_decl_line
	.byte	20                              @ DW_AT_data_member_location
	.byte	5                               @ Abbrev [5] 0x21a:0xc DW_TAG_member
	.long	.Linfo_string38                 @ DW_AT_name
	.long	708                             @ DW_AT_type
	.byte	4                               @ DW_AT_decl_file
	.byte	186                             @ DW_AT_decl_line
	.byte	24                              @ DW_AT_data_member_location
	.byte	5                               @ Abbrev [5] 0x226:0xc DW_TAG_member
	.long	.Linfo_string39                 @ DW_AT_name
	.long	708                             @ DW_AT_type
	.byte	4                               @ DW_AT_decl_file
	.byte	187                             @ DW_AT_decl_line
	.byte	28                              @ DW_AT_data_member_location
	.byte	5                               @ Abbrev [5] 0x232:0xc DW_TAG_member
	.long	.Linfo_string40                 @ DW_AT_name
	.long	718                             @ DW_AT_type
	.byte	4                               @ DW_AT_decl_file
	.byte	188                             @ DW_AT_decl_line
	.byte	32                              @ DW_AT_data_member_location
	.byte	5                               @ Abbrev [5] 0x23e:0xc DW_TAG_member
	.long	.Linfo_string41                 @ DW_AT_name
	.long	708                             @ DW_AT_type
	.byte	4                               @ DW_AT_decl_file
	.byte	189                             @ DW_AT_decl_line
	.byte	64                              @ DW_AT_data_member_location
	.byte	5                               @ Abbrev [5] 0x24a:0xc DW_TAG_member
	.long	.Linfo_string42                 @ DW_AT_name
	.long	730                             @ DW_AT_type
	.byte	4                               @ DW_AT_decl_file
	.byte	190                             @ DW_AT_decl_line
	.byte	68                              @ DW_AT_data_member_location
	.byte	5                               @ Abbrev [5] 0x256:0xc DW_TAG_member
	.long	.Linfo_string43                 @ DW_AT_name
	.long	708                             @ DW_AT_type
	.byte	4                               @ DW_AT_decl_file
	.byte	191                             @ DW_AT_decl_line
	.byte	128                             @ DW_AT_data_member_location
	.byte	5                               @ Abbrev [5] 0x262:0xc DW_TAG_member
	.long	.Linfo_string44                 @ DW_AT_name
	.long	708                             @ DW_AT_type
	.byte	4                               @ DW_AT_decl_file
	.byte	192                             @ DW_AT_decl_line
	.byte	132                             @ DW_AT_data_member_location
	.byte	5                               @ Abbrev [5] 0x26e:0xc DW_TAG_member
	.long	.Linfo_string45                 @ DW_AT_name
	.long	708                             @ DW_AT_type
	.byte	4                               @ DW_AT_decl_file
	.byte	193                             @ DW_AT_decl_line
	.byte	136                             @ DW_AT_data_member_location
	.byte	5                               @ Abbrev [5] 0x27a:0xc DW_TAG_member
	.long	.Linfo_string46                 @ DW_AT_name
	.long	708                             @ DW_AT_type
	.byte	4                               @ DW_AT_decl_file
	.byte	194                             @ DW_AT_decl_line
	.byte	140                             @ DW_AT_data_member_location
	.byte	5                               @ Abbrev [5] 0x286:0xc DW_TAG_member
	.long	.Linfo_string47                 @ DW_AT_name
	.long	742                             @ DW_AT_type
	.byte	4                               @ DW_AT_decl_file
	.byte	195                             @ DW_AT_decl_line
	.byte	144                             @ DW_AT_data_member_location
	.byte	5                               @ Abbrev [5] 0x292:0xc DW_TAG_member
	.long	.Linfo_string48                 @ DW_AT_name
	.long	713                             @ DW_AT_type
	.byte	4                               @ DW_AT_decl_file
	.byte	196                             @ DW_AT_decl_line
	.byte	192                             @ DW_AT_data_member_location
	.byte	5                               @ Abbrev [5] 0x29e:0xc DW_TAG_member
	.long	.Linfo_string49                 @ DW_AT_name
	.long	713                             @ DW_AT_type
	.byte	4                               @ DW_AT_decl_file
	.byte	197                             @ DW_AT_decl_line
	.byte	196                             @ DW_AT_data_member_location
	.byte	5                               @ Abbrev [5] 0x2aa:0xc DW_TAG_member
	.long	.Linfo_string50                 @ DW_AT_name
	.long	754                             @ DW_AT_type
	.byte	4                               @ DW_AT_decl_file
	.byte	198                             @ DW_AT_decl_line
	.byte	200                             @ DW_AT_data_member_location
	.byte	12                              @ Abbrev [12] 0x2b6:0xd DW_TAG_member
	.long	.Linfo_string51                 @ DW_AT_name
	.long	713                             @ DW_AT_type
	.byte	4                               @ DW_AT_decl_file
	.byte	199                             @ DW_AT_decl_line
	.short	4092                            @ DW_AT_data_member_location
	.byte	0                               @ End Of Children Mark
	.byte	13                              @ Abbrev [13] 0x2c4:0x5 DW_TAG_volatile_type
	.long	354                             @ DW_AT_type
	.byte	14                              @ Abbrev [14] 0x2c9:0x5 DW_TAG_const_type
	.long	708                             @ DW_AT_type
	.byte	7                               @ Abbrev [7] 0x2ce:0xc DW_TAG_array_type
	.long	713                             @ DW_AT_type
	.byte	15                              @ Abbrev [15] 0x2d3:0x6 DW_TAG_subrange_type
	.long	245                             @ DW_AT_type
	.byte	8                               @ DW_AT_count
	.byte	0                               @ End Of Children Mark
	.byte	7                               @ Abbrev [7] 0x2da:0xc DW_TAG_array_type
	.long	713                             @ DW_AT_type
	.byte	15                              @ Abbrev [15] 0x2df:0x6 DW_TAG_subrange_type
	.long	245                             @ DW_AT_type
	.byte	15                              @ DW_AT_count
	.byte	0                               @ End Of Children Mark
	.byte	7                               @ Abbrev [7] 0x2e6:0xc DW_TAG_array_type
	.long	713                             @ DW_AT_type
	.byte	15                              @ Abbrev [15] 0x2eb:0x6 DW_TAG_subrange_type
	.long	245                             @ DW_AT_type
	.byte	12                              @ DW_AT_count
	.byte	0                               @ End Of Children Mark
	.byte	7                               @ Abbrev [7] 0x2f2:0xd DW_TAG_array_type
	.long	713                             @ DW_AT_type
	.byte	8                               @ Abbrev [8] 0x2f7:0x7 DW_TAG_subrange_type
	.long	245                             @ DW_AT_type
	.short	973                             @ DW_AT_count
	.byte	0                               @ End Of Children Mark
	.byte	16                              @ Abbrev [16] 0x2ff:0x2b DW_TAG_subprogram
	.long	.Lfunc_begin0                   @ DW_AT_low_pc
	.long	.Lfunc_end0-.Lfunc_begin0       @ DW_AT_high_pc
	.byte	1                               @ DW_AT_frame_base
	.byte	93
	.long	.Linfo_string53                 @ DW_AT_name
	.byte	3                               @ DW_AT_decl_file
	.byte	12                              @ DW_AT_decl_line
                                        @ DW_AT_prototyped
                                        @ DW_AT_external
	.byte	17                              @ Abbrev [17] 0x310:0xe DW_TAG_variable
	.byte	2                               @ DW_AT_location
	.byte	145
	.byte	20
	.long	.Linfo_string55                 @ DW_AT_name
	.byte	3                               @ DW_AT_decl_file
	.byte	14                              @ DW_AT_decl_line
	.long	197                             @ DW_AT_type
	.byte	18                              @ Abbrev [18] 0x31e:0xb DW_TAG_label
	.long	.Linfo_string56                 @ DW_AT_name
	.byte	3                               @ DW_AT_decl_file
	.byte	33                              @ DW_AT_decl_line
	.long	.Ltmp9                          @ DW_AT_low_pc
	.byte	0                               @ End Of Children Mark
	.byte	19                              @ Abbrev [19] 0x32a:0x11 DW_TAG_subprogram
	.long	.Lfunc_begin1                   @ DW_AT_low_pc
	.long	.Lfunc_end1-.Lfunc_begin1       @ DW_AT_high_pc
	.byte	1                               @ DW_AT_frame_base
	.byte	93
	.long	.Linfo_string54                 @ DW_AT_name
	.byte	3                               @ DW_AT_decl_file
	.byte	43                              @ DW_AT_decl_line
                                        @ DW_AT_prototyped
                                        @ DW_AT_external
	.byte	0                               @ End Of Children Mark
.Ldebug_info_end0:
	.section	.debug_ranges,"",%progbits
.Ldebug_ranges0:
	.long	.Lfunc_begin0
	.long	.Lfunc_end0
	.long	.Lfunc_begin1
	.long	.Lfunc_end1
	.long	0
	.long	0
	.section	.debug_str,"MS",%progbits,1
.Linfo_string0:
	.asciz	"Component: ARM Compiler 6.16 Tool: armclang [5dfeb700]" @ string offset=0
.Linfo_string1:
	.asciz	"../Source\\Boot.c"             @ string offset=55
.Linfo_string2:
	.asciz	"D:\\Projects\\CCMS\\CCMSFlorida\\BootLoader\\Keil" @ string offset=72
.Linfo_string3:
	.asciz	"BootConfig"                    @ string offset=117
.Linfo_string4:
	.asciz	"DefaultAppVer"                 @ string offset=128
.Linfo_string5:
	.asciz	"unsigned char"                 @ string offset=142
.Linfo_string6:
	.asciz	"uint8_t"                       @ string offset=156
.Linfo_string7:
	.asciz	"DefaultAppSize"                @ string offset=164
.Linfo_string8:
	.asciz	"unsigned short"                @ string offset=179
.Linfo_string9:
	.asciz	"uint16_t"                      @ string offset=194
.Linfo_string10:
	.asciz	"CurrentAppVer"                 @ string offset=203
.Linfo_string11:
	.asciz	"CurrentAppSize"                @ string offset=217
.Linfo_string12:
	.asciz	"UpdateREQCode"                 @ string offset=232
.Linfo_string13:
	.asciz	"NewAppVer"                     @ string offset=246
.Linfo_string14:
	.asciz	"NewAppSize"                    @ string offset=256
.Linfo_string15:
	.asciz	"BootCode"                      @ string offset=267
.Linfo_string16:
	.asciz	"DefValue"                      @ string offset=276
.Linfo_string17:
	.asciz	"BootConfigTypedef"             @ string offset=285
.Linfo_string18:
	.asciz	"FDataBuff"                     @ string offset=303
.Linfo_string19:
	.asciz	"__ARRAY_SIZE_TYPE__"           @ string offset=313
.Linfo_string20:
	.asciz	"RemainingPackets"              @ string offset=333
.Linfo_string21:
	.asciz	"tries"                         @ string offset=350
.Linfo_string22:
	.asciz	"NoOfPackets"                   @ string offset=356
.Linfo_string23:
	.asciz	"CurrentPacket"                 @ string offset=368
.Linfo_string24:
	.asciz	"Appsize"                       @ string offset=382
.Linfo_string25:
	.asciz	"ADDR"                          @ string offset=390
.Linfo_string26:
	.asciz	"unsigned int"                  @ string offset=395
.Linfo_string27:
	.asciz	"uint32_t"                      @ string offset=408
.Linfo_string28:
	.asciz	"word"                          @ string offset=417
.Linfo_string29:
	.asciz	"Rword"                         @ string offset=422
.Linfo_string30:
	.asciz	"Cword"                         @ string offset=428
.Linfo_string31:
	.asciz	"WordIndex"                     @ string offset=434
.Linfo_string32:
	.asciz	"ISPCTL"                        @ string offset=444
.Linfo_string33:
	.asciz	"ISPADDR"                       @ string offset=451
.Linfo_string34:
	.asciz	"ISPDAT"                        @ string offset=459
.Linfo_string35:
	.asciz	"ISPCMD"                        @ string offset=466
.Linfo_string36:
	.asciz	"ISPTRG"                        @ string offset=473
.Linfo_string37:
	.asciz	"DFBA"                          @ string offset=480
.Linfo_string38:
	.asciz	"FTCTL"                         @ string offset=485
.Linfo_string39:
	.asciz	"ICPCTL"                        @ string offset=491
.Linfo_string40:
	.asciz	"RESERVE0"                      @ string offset=498
.Linfo_string41:
	.asciz	"ISPSTS"                        @ string offset=507
.Linfo_string42:
	.asciz	"RESERVE1"                      @ string offset=514
.Linfo_string43:
	.asciz	"MPDAT0"                        @ string offset=523
.Linfo_string44:
	.asciz	"MPDAT1"                        @ string offset=530
.Linfo_string45:
	.asciz	"MPDAT2"                        @ string offset=537
.Linfo_string46:
	.asciz	"MPDAT3"                        @ string offset=544
.Linfo_string47:
	.asciz	"RESERVE2"                      @ string offset=551
.Linfo_string48:
	.asciz	"MPSTS"                         @ string offset=560
.Linfo_string49:
	.asciz	"MPADDR"                        @ string offset=566
.Linfo_string50:
	.asciz	"RESERVE3"                      @ string offset=573
.Linfo_string51:
	.asciz	"VERSION"                       @ string offset=582
.Linfo_string52:
	.asciz	"FMC_T"                         @ string offset=590
.Linfo_string53:
	.asciz	"LoadBootConfig"                @ string offset=596
.Linfo_string54:
	.asciz	"FlashNewApp"                   @ string offset=611
.Linfo_string55:
	.asciz	"Fsize"                         @ string offset=623
.Linfo_string56:
	.asciz	"savereturn"                    @ string offset=629
	.ident	"Component: ARM Compiler 6.16 Tool: armclang [5dfeb700]"
	.section	".note.GNU-stack","",%progbits
	.eabi_attribute	30, 6	@ Tag_ABI_optimization_goals
	.ARM_attribute	16, 1	@ Tag_AV_eba
	.section	.debug_line,"",%progbits
.Lline_table_start0:
