Component: ARM Compiler 6.16 Tool: armlink [5dfeaa00]

==============================================================================

Small function inlining results

Inlined function __aeabi_idiv0 from idiv0.o at offset 0x160 in aeabi_sdiv.o(.text).
Inlined Instruction: BX       lr
Inlined function __aeabi_idiv0 from idiv0.o at offset 0xc in aeabi_sdiv_div0.o(.text).
Inlined Instruction: BX       lr
Inlined function __aeabi_idiv0 from idiv0.o at offset 0x176 in aeabi_sdiv_div0.o(.text).
Inlined Instruction: BX       lr
Inlined function __aeabi_idiv0 from idiv0.o at offset 0x18 in uidiv_div0.o(.text).
Inlined Instruction: BX       lr
Inlined function __aeabi_idiv0 from idiv0.o at offset 0x42 in idiv_div0.o(.text).
Inlined Instruction: BX       lr
Inlined total of 5 calls.

==============================================================================

Image Symbol Table

    Local Symbols

    Symbol Name                              Value     Ov Type        Size  Object(Section)

    ../clib/division.s                       0x00000000   Number         0  aeabi_sdiv.o ABSOLUTE
    ../clib/division.s                       0x00000000   Number         0  aeabi_sdiv_div0.o ABSOLUTE
    ../clib/microlib/division.c              0x00000000   Number         0  uidiv.o ABSOLUTE
    ../clib/microlib/division.c              0x00000000   Number         0  uidiv_div0.o ABSOLUTE
    ../clib/microlib/division.c              0x00000000   Number         0  idiv_div0.o ABSOLUTE
    ../clib/microlib/division.c              0x00000000   Number         0  idiv0.o ABSOLUTE
    ../clib/microlib/division.c              0x00000000   Number         0  uldiv.o ABSOLUTE
    ../clib/microlib/init/entry.s            0x00000000   Number         0  entry.o ABSOLUTE
    ../clib/microlib/init/entry.s            0x00000000   Number         0  entry2.o ABSOLUTE
    ../clib/microlib/init/entry.s            0x00000000   Number         0  entry5.o ABSOLUTE
    ../clib/microlib/init/entry.s            0x00000000   Number         0  entry7a.o ABSOLUTE
    ../clib/microlib/init/entry.s            0x00000000   Number         0  entry7b.o ABSOLUTE
    ../clib/microlib/init/entry.s            0x00000000   Number         0  entry8a.o ABSOLUTE
    ../clib/microlib/init/entry.s            0x00000000   Number         0  entry8b.o ABSOLUTE
    ../clib/microlib/init/entry.s            0x00000000   Number         0  entry9a.o ABSOLUTE
    ../clib/microlib/init/entry.s            0x00000000   Number         0  entry9b.o ABSOLUTE
    ../clib/microlib/init/entry.s            0x00000000   Number         0  entry10a.o ABSOLUTE
    ../clib/microlib/init/entry.s            0x00000000   Number         0  entry10b.o ABSOLUTE
    ../clib/microlib/init/entry.s            0x00000000   Number         0  entry11a.o ABSOLUTE
    ../clib/microlib/init/entry.s            0x00000000   Number         0  entry11b.o ABSOLUTE
    ../clib/microlib/longlong.c              0x00000000   Number         0  llshl.o ABSOLUTE
    ../clib/microlib/longlong.c              0x00000000   Number         0  llushr.o ABSOLUTE
    ../clib/microlib/longlong.c              0x00000000   Number         0  llsshr.o ABSOLUTE
    ../clib/microlib/printf/printf.c         0x00000000   Number         0  printfa.o ABSOLUTE
    ../clib/microlib/stubs.s                 0x00000000   Number         0  iusefp.o ABSOLUTE
    ../fplib/microlib/fpadd.c                0x00000000   Number         0  dadd.o ABSOLUTE
    ../fplib/microlib/fpdiv.c                0x00000000   Number         0  ddiv.o ABSOLUTE
    ../fplib/microlib/fpepilogue.c           0x00000000   Number         0  depilogue.o ABSOLUTE
    ../fplib/microlib/fpfix.c                0x00000000   Number         0  dfixul.o ABSOLUTE
    ../fplib/microlib/fpmul.c                0x00000000   Number         0  dmul.o ABSOLUTE
    ..\..\Library\Device\Nuvoton\M031\Source\ARM\startup_M031Series.s 0x00000000   Number         0  startup_m031series.o ABSOLUTE
    Boot.c                                   0x00000000   Number         0  boot.o ABSOLUTE
    FMCUser.c                                0x00000000   Number         0  fmcuser.o ABSOLUTE
    Hardware.c                               0x00000000   Number         0  hardware.o ABSOLUTE
    cdrcmple.s                               0x00000000   Number         0  cdrcmple.o ABSOLUTE
    clk.c                                    0x00000000   Number         0  clk.o ABSOLUTE
    fmc.c                                    0x00000000   Number         0  fmc.o ABSOLUTE
    handlers.s                               0x00000000   Number         0  handlers.o ABSOLUTE
    init.s                                   0x00000000   Number         0  init.o ABSOLUTE
    main.c                                   0x00000000   Number         0  main.o ABSOLUTE
    retarget.c                               0x00000000   Number         0  retarget.o ABSOLUTE
    sys.c                                    0x00000000   Number         0  sys.o ABSOLUTE
    system_M031Series.c                      0x00000000   Number         0  system_m031series.o ABSOLUTE
    uart.c                                   0x00000000   Number         0  uart.o ABSOLUTE
    RESET                                    0x00000000   Section      192  startup_m031series.o(RESET)
    .ARM.Collect$$$$00000000                 0x000000c0   Section        0  entry.o(.ARM.Collect$$$$00000000)
    .ARM.Collect$$$$00000001                 0x000000c0   Section        4  entry2.o(.ARM.Collect$$$$00000001)
    .ARM.Collect$$$$00000004                 0x000000c4   Section        4  entry5.o(.ARM.Collect$$$$00000004)
    .ARM.Collect$$$$00000008                 0x000000c8   Section        0  entry7b.o(.ARM.Collect$$$$00000008)
    .ARM.Collect$$$$0000000A                 0x000000c8   Section        0  entry8b.o(.ARM.Collect$$$$0000000A)
    .ARM.Collect$$$$0000000B                 0x000000c8   Section        8  entry9a.o(.ARM.Collect$$$$0000000B)
    __lit__00000000                          0x000000d0   Data           4  entry2.o(.ARM.Collect$$$$00002712)
    .ARM.Collect$$$$0000000D                 0x000000d0   Section        0  entry10a.o(.ARM.Collect$$$$0000000D)
    .ARM.Collect$$$$0000000F                 0x000000d0   Section        0  entry11a.o(.ARM.Collect$$$$0000000F)
    .ARM.Collect$$$$00002712                 0x000000d0   Section        4  entry2.o(.ARM.Collect$$$$00002712)
    __tagsym$$used.0                         0x000000d4   Number         0  fmc.o(.fastcode)
    [Anonymous Symbol]                       0x000000d4   Section        0  fmc.o(.fastcode)
    __arm_cp.16_0                            0x000003d4   Number         4  fmc.o(.fastcode)
    __arm_cp.16_1                            0x000003d8   Number         4  fmc.o(.fastcode)
    __arm_cp.16_2                            0x000003dc   Number         4  fmc.o(.fastcode)
    __arm_cp.16_3                            0x000003e0   Number         4  fmc.o(.fastcode)
    __arm_cp.16_4                            0x000003e4   Number         4  fmc.o(.fastcode)
    __arm_cp.16_5                            0x000003e8   Number         4  fmc.o(.fastcode)
    __arm_cp.16_6                            0x000003ec   Number         4  fmc.o(.fastcode)
    __arm_cp.16_7                            0x000003f0   Number         4  fmc.o(.fastcode)
    __arm_cp.16_8                            0x000003f4   Number         4  fmc.o(.fastcode)
    __arm_cp.16_9                            0x000003f8   Number         4  fmc.o(.fastcode)
    __arm_cp.16_10                           0x000003fc   Number         4  fmc.o(.fastcode)
    __arm_cp.16_11                           0x00000400   Number         4  fmc.o(.fastcode)
    __arm_cp.16_12                           0x00000404   Number         4  fmc.o(.fastcode)
    .text                                    0x00000408   Section       92  startup_m031series.o(.text)
    Default_Handler                          0x00000439   Thumb Code     2  startup_m031series.o(.text)
    .text                                    0x00000464   Section        0  uidiv_div0.o(.text)
    .text                                    0x000004a4   Section       36  init.o(.text)
    [Anonymous Symbol]                       0x000004c8   Section        0  clk.o(.text.CLK_EnableModuleClock)
    __arm_cp.18_0                            0x000004fc   Number         4  clk.o(.text.CLK_EnableModuleClock)
    __arm_cp.18_1                            0x00000500   Number         4  clk.o(.text.CLK_EnableModuleClock)
    [Anonymous Symbol]                       0x00000504   Section        0  clk.o(.text.CLK_EnableSysTick)
    __arm_cp.22_0                            0x00000550   Number         4  clk.o(.text.CLK_EnableSysTick)
    __arm_cp.22_2                            0x00000554   Number         4  clk.o(.text.CLK_EnableSysTick)
    __arm_cp.22_3                            0x00000558   Number         4  clk.o(.text.CLK_EnableSysTick)
    [Anonymous Symbol]                       0x0000055c   Section        0  clk.o(.text.CLK_EnableXtalRC)
    [Anonymous Symbol]                       0x00000570   Section        0  clk.o(.text.CLK_GetHCLKFreq)
    __arm_cp.8_0                             0x0000057c   Number         4  clk.o(.text.CLK_GetHCLKFreq)
    CLK_GetPLLClockFreq                      0x00000581   Thumb Code   144  system_m031series.o(.text.CLK_GetPLLClockFreq)
    [Anonymous Symbol]                       0x00000580   Section        0  system_m031series.o(.text.CLK_GetPLLClockFreq)
    __arm_cp.1_0                             0x00000610   Number         4  system_m031series.o(.text.CLK_GetPLLClockFreq)
    __arm_cp.1_1                             0x00000614   Number         4  system_m031series.o(.text.CLK_GetPLLClockFreq)
    __arm_cp.1_2                             0x00000618   Number         4  system_m031series.o(.text.CLK_GetPLLClockFreq)
    __arm_cp.1_3                             0x0000061c   Number         4  system_m031series.o(.text.CLK_GetPLLClockFreq)
    __arm_cp.1_4                             0x00000620   Number         4  system_m031series.o(.text.CLK_GetPLLClockFreq)
    [Anonymous Symbol]                       0x00000624   Section        0  clk.o(.text.CLK_SetHCLK)
    __arm_cp.13_1                            0x00000684   Number         4  clk.o(.text.CLK_SetHCLK)
    [Anonymous Symbol]                       0x00000688   Section        0  clk.o(.text.CLK_SetModuleClock)
    __arm_cp.14_0                            0x00000734   Number         4  clk.o(.text.CLK_SetModuleClock)
    __arm_cp.14_1                            0x00000738   Number         4  clk.o(.text.CLK_SetModuleClock)
    __arm_cp.14_2                            0x0000073c   Number         4  clk.o(.text.CLK_SetModuleClock)
    __arm_cp.14_3                            0x00000740   Number         4  clk.o(.text.CLK_SetModuleClock)
    [Anonymous Symbol]                       0x00000744   Section        0  clk.o(.text.CLK_WaitClockReady)
    __arm_cp.11_1                            0x00000798   Number         4  clk.o(.text.CLK_WaitClockReady)
    __arm_cp.11_2                            0x0000079c   Number         4  clk.o(.text.CLK_WaitClockReady)
    [Anonymous Symbol]                       0x000007a0   Section        0  main.o(.text.DelayMS)
    __arm_cp.1_0                             0x000007bc   Number         4  main.o(.text.DelayMS)
    [Anonymous Symbol]                       0x000007c0   Section        0  fmcuser.o(.text.EraseFMCData)
    [Anonymous Symbol]                       0x0000083c   Section        0  fmc.o(.text.FMC_Erase)
    __arm_cp.1_4                             0x000008e8   Number         4  fmc.o(.text.FMC_Erase)
    [Anonymous Symbol]                       0x000008ec   Section        0  fmc.o(.text.FMC_Erase_SPROM)
    __arm_cp.2_4                             0x00000988   Number         4  fmc.o(.text.FMC_Erase_SPROM)
    [Anonymous Symbol]                       0x0000098c   Section        0  fmc.o(.text.FMC_Open)
    __arm_cp.6_0                             0x00000998   Number         4  fmc.o(.text.FMC_Open)
    [Anonymous Symbol]                       0x0000099c   Section        0  fmc.o(.text.FMC_Read)
    __arm_cp.7_4                             0x00000a14   Number         4  fmc.o(.text.FMC_Read)
    [Anonymous Symbol]                       0x00000a18   Section        0  fmc.o(.text.FMC_ReadConfig)
    FMC_SetVectorPageAddr                    0x00000aad   Thumb Code    96  main.o(.text.FMC_SetVectorPageAddr)
    [Anonymous Symbol]                       0x00000aac   Section        0  main.o(.text.FMC_SetVectorPageAddr)
    __arm_cp.9_0                             0x00000b0c   Number         4  main.o(.text.FMC_SetVectorPageAddr)
    __arm_cp.9_1                             0x00000b10   Number         4  main.o(.text.FMC_SetVectorPageAddr)
    __arm_cp.9_2                             0x00000b14   Number         4  main.o(.text.FMC_SetVectorPageAddr)
    __arm_cp.9_3                             0x00000b18   Number         4  main.o(.text.FMC_SetVectorPageAddr)
    __arm_cp.9_4                             0x00000b1c   Number         4  main.o(.text.FMC_SetVectorPageAddr)
    [Anonymous Symbol]                       0x00000b20   Section        0  fmc.o(.text.FMC_Write)
    __arm_cp.10_0                            0x00000c1c   Number         4  fmc.o(.text.FMC_Write)
    __arm_cp.10_1                            0x00000c20   Number         4  fmc.o(.text.FMC_Write)
    __arm_cp.10_2                            0x00000c24   Number         4  fmc.o(.text.FMC_Write)
    __arm_cp.10_3                            0x00000c28   Number         4  fmc.o(.text.FMC_Write)
    __arm_cp.10_4                            0x00000c2c   Number         4  fmc.o(.text.FMC_Write)
    __arm_cp.10_5                            0x00000c30   Number         4  fmc.o(.text.FMC_Write)
    __arm_cp.10_6                            0x00000c34   Number         4  fmc.o(.text.FMC_Write)
    __arm_cp.10_7                            0x00000c38   Number         4  fmc.o(.text.FMC_Write)
    [Anonymous Symbol]                       0x00000c3c   Section        0  fmc.o(.text.FMC_WriteConfig)
    __arm_cp.13_0                            0x00000d64   Number         4  fmc.o(.text.FMC_WriteConfig)
    __arm_cp.13_1                            0x00000d68   Number         4  fmc.o(.text.FMC_WriteConfig)
    __arm_cp.13_2                            0x00000d6c   Number         4  fmc.o(.text.FMC_WriteConfig)
    __arm_cp.13_3                            0x00000d70   Number         4  fmc.o(.text.FMC_WriteConfig)
    [Anonymous Symbol]                       0x00000d74   Section        0  boot.o(.text.FlashNewApp)
    __arm_cp.1_1                             0x00000f58   Number         4  boot.o(.text.FlashNewApp)
    __arm_cp.1_2                             0x00000f5c   Number         4  boot.o(.text.FlashNewApp)
    __arm_cp.1_3                             0x00000f60   Number         4  boot.o(.text.FlashNewApp)
    __arm_cp.1_4                             0x00000f64   Number         4  boot.o(.text.FlashNewApp)
    __arm_cp.1_5                             0x00000f68   Number         4  boot.o(.text.FlashNewApp)
    __arm_cp.1_6                             0x00000f6c   Number         4  boot.o(.text.FlashNewApp)
    __arm_cp.1_7                             0x00000f70   Number         4  boot.o(.text.FlashNewApp)
    __arm_cp.1_8                             0x00000f74   Number         4  boot.o(.text.FlashNewApp)
    __arm_cp.1_9                             0x00000f78   Number         4  boot.o(.text.FlashNewApp)
    __arm_cp.1_10                            0x00000f7c   Number         4  boot.o(.text.FlashNewApp)
    __arm_cp.1_11                            0x00000f80   Number         4  boot.o(.text.FlashNewApp)
    __arm_cp.1_12                            0x00000f84   Number         4  boot.o(.text.FlashNewApp)
    __arm_cp.1_13                            0x00000f88   Number         4  boot.o(.text.FlashNewApp)
    [Anonymous Symbol]                       0x00000f8c   Section        0  retarget.o(.text.HardFault_Handler)
    [Anonymous Symbol]                       0x00000f94   Section        0  main.o(.text.InitSystem)
    __arm_cp.5_0                             0x00000fc4   Number         4  main.o(.text.InitSystem)
    [Anonymous Symbol]                       0x00000fc8   Section        0  boot.o(.text.LoadBootConfig)
    __arm_cp.0_0                             0x00001044   Number         4  boot.o(.text.LoadBootConfig)
    __arm_cp.0_1                             0x00001048   Number         4  boot.o(.text.LoadBootConfig)
    __arm_cp.0_2                             0x0000104c   Number         4  boot.o(.text.LoadBootConfig)
    __arm_cp.0_3                             0x00001050   Number         4  boot.o(.text.LoadBootConfig)
    __arm_cp.0_4                             0x00001054   Number         4  boot.o(.text.LoadBootConfig)
    NVIC_EnableIRQ                           0x00001059   Thumb Code    28  main.o(.text.NVIC_EnableIRQ)
    [Anonymous Symbol]                       0x00001058   Section        0  main.o(.text.NVIC_EnableIRQ)
    __arm_cp.7_0                             0x00001074   Number         4  main.o(.text.NVIC_EnableIRQ)
    NVIC_SystemReset                         0x00001079   Thumb Code    20  retarget.o(.text.NVIC_SystemReset)
    [Anonymous Symbol]                       0x00001078   Section        0  retarget.o(.text.NVIC_SystemReset)
    __arm_cp.3_0                             0x0000108c   Number         4  retarget.o(.text.NVIC_SystemReset)
    __arm_cp.3_1                             0x00001090   Number         4  retarget.o(.text.NVIC_SystemReset)
    [Anonymous Symbol]                       0x00001094   Section        0  fmcuser.o(.text.ReadFMCDataBuffer)
    [Anonymous Symbol]                       0x0000113c   Section        0  hardware.o(.text.SYS_Init)
    __arm_cp.0_0                             0x0000119c   Number         4  hardware.o(.text.SYS_Init)
    __arm_cp.0_1                             0x000011a0   Number         4  hardware.o(.text.SYS_Init)
    SYS_LockReg                              0x000011a5   Thumb Code     8  system_m031series.o(.text.SYS_LockReg)
    [Anonymous Symbol]                       0x000011a4   Section        0  system_m031series.o(.text.SYS_LockReg)
    SYS_LockReg                              0x000011ad   Thumb Code     8  main.o(.text.SYS_LockReg)
    [Anonymous Symbol]                       0x000011ac   Section        0  main.o(.text.SYS_LockReg)
    [Anonymous Symbol]                       0x000011b4   Section        0  sys.o(.text.SYS_ResetCPU)
    [Anonymous Symbol]                       0x000011c0   Section        0  sys.o(.text.SYS_ResetChip)
    __arm_cp.5_0                             0x000011cc   Number         4  sys.o(.text.SYS_ResetChip)
    SYS_UnlockReg                            0x000011d1   Thumb Code    32  system_m031series.o(.text.SYS_UnlockReg)
    [Anonymous Symbol]                       0x000011d0   Section        0  system_m031series.o(.text.SYS_UnlockReg)
    SYS_UnlockReg                            0x000011f1   Thumb Code    32  main.o(.text.SYS_UnlockReg)
    [Anonymous Symbol]                       0x000011f0   Section        0  main.o(.text.SYS_UnlockReg)
    __arm_cp.6_0                             0x00001210   Number         4  main.o(.text.SYS_UnlockReg)
    [Anonymous Symbol]                       0x00001214   Section        0  main.o(.text.SysTick_Handler)
    [Anonymous Symbol]                       0x0000121c   Section        0  system_m031series.o(.text.SystemCoreClockUpdate)
    __arm_cp.0_0                             0x0000127c   Number         4  system_m031series.o(.text.SystemCoreClockUpdate)
    __arm_cp.0_1                             0x00001280   Number         4  system_m031series.o(.text.SystemCoreClockUpdate)
    __arm_cp.0_2                             0x00001284   Number         4  system_m031series.o(.text.SystemCoreClockUpdate)
    __arm_cp.0_3                             0x00001288   Number         4  system_m031series.o(.text.SystemCoreClockUpdate)
    __arm_cp.0_4                             0x0000128c   Number         4  system_m031series.o(.text.SystemCoreClockUpdate)
    __arm_cp.0_5                             0x00001290   Number         4  system_m031series.o(.text.SystemCoreClockUpdate)
    __arm_cp.0_6                             0x00001294   Number         4  system_m031series.o(.text.SystemCoreClockUpdate)
    __arm_cp.0_7                             0x00001298   Number         4  system_m031series.o(.text.SystemCoreClockUpdate)
    [Anonymous Symbol]                       0x0000129c   Section        0  system_m031series.o(.text.SystemInit)
    __arm_cp.2_0                             0x000012bc   Number         4  system_m031series.o(.text.SystemInit)
    [Anonymous Symbol]                       0x000012c0   Section        0  main.o(.text.TimingDelay_Decrement)
    __arm_cp.2_0                             0x000012f4   Number         4  main.o(.text.TimingDelay_Decrement)
    __arm_cp.2_1                             0x000012f8   Number         4  main.o(.text.TimingDelay_Decrement)
    [Anonymous Symbol]                       0x000012fc   Section        0  fmcuser.o(.text.WriteFMCData)
    [Anonymous Symbol]                       0x000013ae   Section        0  main.o(.text.__set_SP)
    [Anonymous Symbol]                       0x000013bc   Section        0  main.o(.text.main)
    __arm_cp.8_0                             0x0000140c   Number         4  main.o(.text.main)
    __arm_cp.8_1                             0x00001410   Number         4  main.o(.text.main)
    [Anonymous Symbol]                       0x00001414   Section        0  main.o(.text.set_IAP_boot_mode)
    __arm_cp.4_0                             0x0000146c   Number         4  main.o(.text.set_IAP_boot_mode)
    i.__scatterload_copy                     0x00001470   Section       14  handlers.o(i.__scatterload_copy)
    i.__scatterload_null                     0x0000147e   Section        2  handlers.o(i.__scatterload_null)
    i.__scatterload_zeroinit                 0x00001480   Section       14  handlers.o(i.__scatterload_zeroinit)
    [Anonymous Symbol]                       0x00001490   Section        0  clk.o(.rodata..L__const.CLK_EnableModuleClock.u32ClkTbl)
    [Anonymous Symbol]                       0x0000149c   Section        0  clk.o(.rodata.cst16)
    STACK                                    0x20000258   Section     1024  startup_m031series.o(STACK)

    Global Symbols

    Symbol Name                              Value     Ov Type        Size  Object(Section)

    BuildAttributes$$THM_ISAv3M$S$PE$A:L22$X:L11$S22$IEEE1$IW$~IW$USESV6$~STKCKD$USESV7$~SHL$OSPACE$ROPI$EBA8$MICROLIB$REQ8$PRES8$EABIv2 0x00000000   Number         0  anon$$obj.o ABSOLUTE
    __Vectors                                0x00000000   Data           4  startup_m031series.o(RESET)
    __cpp_initialize__aeabi_                  - Undefined Weak Reference
    __cxa_finalize                            - Undefined Weak Reference
    __decompress                              - Undefined Weak Reference
    _clock_init                               - Undefined Weak Reference
    _microlib_exit                            - Undefined Weak Reference
    __main                                   0x000000c1   Thumb Code     0  entry.o(.ARM.Collect$$$$00000000)
    _main_stk                                0x000000c1   Thumb Code     0  entry2.o(.ARM.Collect$$$$00000001)
    _main_scatterload                        0x000000c5   Thumb Code     0  entry5.o(.ARM.Collect$$$$00000004)
    __main_after_scatterload                 0x000000c9   Thumb Code     0  entry5.o(.ARM.Collect$$$$00000004)
    _main_clock                              0x000000c9   Thumb Code     0  entry7b.o(.ARM.Collect$$$$00000008)
    _main_cpp_init                           0x000000c9   Thumb Code     0  entry8b.o(.ARM.Collect$$$$0000000A)
    _main_init                               0x000000c9   Thumb Code     0  entry9a.o(.ARM.Collect$$$$0000000B)
    __rt_final_cpp                           0x000000d1   Thumb Code     0  entry10a.o(.ARM.Collect$$$$0000000D)
    __rt_final_exit                          0x000000d1   Thumb Code     0  entry11a.o(.ARM.Collect$$$$0000000F)
    FMC_WriteMultiple                        0x000000d5   Thumb Code   768  fmc.o(.fastcode)
    Reset_Handler                            0x00000409   Thumb Code    38  startup_m031series.o(.text)
    NMI_Handler                              0x0000042f   Thumb Code     2  startup_m031series.o(.text)
    SVC_Handler                              0x00000433   Thumb Code     2  startup_m031series.o(.text)
    PendSV_Handler                           0x00000435   Thumb Code     2  startup_m031series.o(.text)
    ACMP01_IRQHandler                        0x00000439   Thumb Code     0  startup_m031series.o(.text)
    ADC_IRQHandler                           0x00000439   Thumb Code     0  startup_m031series.o(.text)
    BOD_IRQHandler                           0x00000439   Thumb Code     0  startup_m031series.o(.text)
    BPWM0_IRQHandler                         0x00000439   Thumb Code     0  startup_m031series.o(.text)
    BPWM1_IRQHandler                         0x00000439   Thumb Code     0  startup_m031series.o(.text)
    CKFAIL_IRQHandler                        0x00000439   Thumb Code     0  startup_m031series.o(.text)
    EINT024_IRQHandler                       0x00000439   Thumb Code     0  startup_m031series.o(.text)
    EINT135_IRQHandler                       0x00000439   Thumb Code     0  startup_m031series.o(.text)
    GPABGH_IRQHandler                        0x00000439   Thumb Code     0  startup_m031series.o(.text)
    GPCDEF_IRQHandler                        0x00000439   Thumb Code     0  startup_m031series.o(.text)
    I2C0_IRQHandler                          0x00000439   Thumb Code     0  startup_m031series.o(.text)
    I2C1_IRQHandler                          0x00000439   Thumb Code     0  startup_m031series.o(.text)
    ISP_IRQHandler                           0x00000439   Thumb Code     0  startup_m031series.o(.text)
    PDMA_IRQHandler                          0x00000439   Thumb Code     0  startup_m031series.o(.text)
    PWM0_IRQHandler                          0x00000439   Thumb Code     0  startup_m031series.o(.text)
    PWM1_IRQHandler                          0x00000439   Thumb Code     0  startup_m031series.o(.text)
    PWRWU_IRQHandler                         0x00000439   Thumb Code     0  startup_m031series.o(.text)
    QSPI0_IRQHandler                         0x00000439   Thumb Code     0  startup_m031series.o(.text)
    RTC_IRQHandler                           0x00000439   Thumb Code     0  startup_m031series.o(.text)
    SPI0_IRQHandler                          0x00000439   Thumb Code     0  startup_m031series.o(.text)
    TMR0_IRQHandler                          0x00000439   Thumb Code     0  startup_m031series.o(.text)
    TMR1_IRQHandler                          0x00000439   Thumb Code     0  startup_m031series.o(.text)
    TMR2_IRQHandler                          0x00000439   Thumb Code     0  startup_m031series.o(.text)
    TMR3_IRQHandler                          0x00000439   Thumb Code     0  startup_m031series.o(.text)
    UART02_IRQHandler                        0x00000439   Thumb Code     0  startup_m031series.o(.text)
    UART13_IRQHandler                        0x00000439   Thumb Code     0  startup_m031series.o(.text)
    UART46_IRQHandler                        0x00000439   Thumb Code     0  startup_m031series.o(.text)
    UART57_IRQHandler                        0x00000439   Thumb Code     0  startup_m031series.o(.text)
    USBD_IRQHandler                          0x00000439   Thumb Code     0  startup_m031series.o(.text)
    USCI01_IRQHandler                        0x00000439   Thumb Code     0  startup_m031series.o(.text)
    WDT_IRQHandler                           0x00000439   Thumb Code     0  startup_m031series.o(.text)
    __aeabi_uidiv                            0x00000465   Thumb Code     0  uidiv_div0.o(.text)
    __aeabi_uidivmod                         0x00000465   Thumb Code    62  uidiv_div0.o(.text)
    __scatterload                            0x000004a5   Thumb Code    28  init.o(.text)
    __scatterload_rt2                        0x000004a5   Thumb Code     0  init.o(.text)
    CLK_EnableModuleClock                    0x000004c9   Thumb Code    52  clk.o(.text.CLK_EnableModuleClock)
    CLK_EnableSysTick                        0x00000505   Thumb Code    76  clk.o(.text.CLK_EnableSysTick)
    CLK_EnableXtalRC                         0x0000055d   Thumb Code    20  clk.o(.text.CLK_EnableXtalRC)
    CLK_GetHCLKFreq                          0x00000571   Thumb Code    12  clk.o(.text.CLK_GetHCLKFreq)
    CLK_SetHCLK                              0x00000625   Thumb Code    96  clk.o(.text.CLK_SetHCLK)
    CLK_SetModuleClock                       0x00000689   Thumb Code   172  clk.o(.text.CLK_SetModuleClock)
    CLK_WaitClockReady                       0x00000745   Thumb Code    84  clk.o(.text.CLK_WaitClockReady)
    DelayMS                                  0x000007a1   Thumb Code    28  main.o(.text.DelayMS)
    EraseFMCData                             0x000007c1   Thumb Code   122  fmcuser.o(.text.EraseFMCData)
    FMC_Erase                                0x0000083d   Thumb Code   172  fmc.o(.text.FMC_Erase)
    FMC_Erase_SPROM                          0x000008ed   Thumb Code   156  fmc.o(.text.FMC_Erase_SPROM)
    FMC_Open                                 0x0000098d   Thumb Code    12  fmc.o(.text.FMC_Open)
    FMC_Read                                 0x0000099d   Thumb Code   120  fmc.o(.text.FMC_Read)
    FMC_ReadConfig                           0x00000a19   Thumb Code   148  fmc.o(.text.FMC_ReadConfig)
    FMC_Write                                0x00000b21   Thumb Code   252  fmc.o(.text.FMC_Write)
    FMC_WriteConfig                          0x00000c3d   Thumb Code   296  fmc.o(.text.FMC_WriteConfig)
    FlashNewApp                              0x00000d75   Thumb Code   484  boot.o(.text.FlashNewApp)
    HardFault_Handler                        0x00000f8d   Thumb Code     8  retarget.o(.text.HardFault_Handler)
    InitSystem                               0x00000f95   Thumb Code    48  main.o(.text.InitSystem)
    LoadBootConfig                           0x00000fc9   Thumb Code   124  boot.o(.text.LoadBootConfig)
    ReadFMCDataBuffer                        0x00001095   Thumb Code   166  fmcuser.o(.text.ReadFMCDataBuffer)
    SYS_Init                                 0x0000113d   Thumb Code    96  hardware.o(.text.SYS_Init)
    SYS_ResetCPU                             0x000011b5   Thumb Code    12  sys.o(.text.SYS_ResetCPU)
    SYS_ResetChip                            0x000011c1   Thumb Code    12  sys.o(.text.SYS_ResetChip)
    SysTick_Handler                          0x00001215   Thumb Code     8  main.o(.text.SysTick_Handler)
    SystemCoreClockUpdate                    0x0000121d   Thumb Code    96  system_m031series.o(.text.SystemCoreClockUpdate)
    SystemInit                               0x0000129d   Thumb Code    32  system_m031series.o(.text.SystemInit)
    TimingDelay_Decrement                    0x000012c1   Thumb Code    52  main.o(.text.TimingDelay_Decrement)
    WriteFMCData                             0x000012fd   Thumb Code   178  fmcuser.o(.text.WriteFMCData)
    __set_SP                                 0x000013af   Thumb Code    14  main.o(.text.__set_SP)
    main                                     0x000013bd   Thumb Code    80  main.o(.text.main)
    set_IAP_boot_mode                        0x00001415   Thumb Code    88  main.o(.text.set_IAP_boot_mode)
    __scatterload_copy                       0x00001471   Thumb Code    14  handlers.o(i.__scatterload_copy)
    __scatterload_null                       0x0000147f   Thumb Code     2  handlers.o(i.__scatterload_null)
    __scatterload_zeroinit                   0x00001481   Thumb Code    14  handlers.o(i.__scatterload_zeroinit)
    gau32ClkSrcTbl                           0x000014bc   Data          32  system_m031series.o(.rodata.gau32ClkSrcTbl)
    Region$$Table$$Base                      0x000014dc   Number         0  anon$$obj.o(Region$$Table)
    Region$$Table$$Limit                     0x000014fc   Number         0  anon$$obj.o(Region$$Table)
    CyclesPerUs                              0x20000000   Data           4  system_m031series.o(.data.CyclesPerUs)
    PllClock                                 0x20000004   Data           4  system_m031series.o(.data.PllClock)
    SystemCoreClock                          0x20000008   Data           4  system_m031series.o(.data.SystemCoreClock)
    ADDR                                     0x20000010   Data           4  boot.o(.bss.ADDR)
    Appsize                                  0x20000014   Data           2  boot.o(.bss.Appsize)
    BootConfig                               0x20000016   Data          18  boot.o(.bss.BootConfig)
    Count1Sec                                0x20000028   Data           2  main.o(.bss.Count1Sec)
    CurrentPacket                            0x2000002a   Data           2  boot.o(.bss.CurrentPacket)
    FDataBuff                                0x2000002c   Data         512  boot.o(.bss.FDataBuff)
    IsInit                                   0x2000022c   Data           1  main.o(.bss.IsInit)
    NoOfPackets                              0x2000022e   Data           2  boot.o(.bss.NoOfPackets)
    RemainingPackets                         0x20000230   Data           1  boot.o(.bss.RemainingPackets)
    Rword                                    0x20000234   Data           4  boot.o(.bss.Rword)
    TimingDelay                              0x20000238   Data           4  main.o(.bss.TimingDelay)
    WordIndex                                0x2000023c   Data           2  boot.o(.bss.WordIndex)
    func                                     0x20000240   Data           4  main.o(.bss.func)
    g_CLK_i32ErrCode                         0x20000244   Data           4  clk.o(.bss.g_CLK_i32ErrCode)
    g_FMC_i32ErrCode                         0x20000248   Data           4  fmc.o(.bss.g_FMC_i32ErrCode)
    tries                                    0x2000024c   Data           1  boot.o(.bss.tries)
    word                                     0x20000250   Data           4  boot.o(.bss.word)
    __initial_sp                             0x20000658   Data           0  startup_m031series.o(STACK)



==============================================================================

Memory Map of the image

  Image Entry point : 0x00000409

  Load Region LR_IROM1 (Base: 0x00000000, Size: 0x00001510, Max: 0x00002000, ABSOLUTE)

    Execution Region ER_IROM1 (Exec base: 0x00000000, Load base: 0x00000000, Size: 0x000014fc, Max: 0x00002000, ABSOLUTE)

    Exec Addr    Load Addr    Size         Type   Attr      Idx    E Section Name        Object

    0x00000000   0x00000000   0x000000c0   Data   RO           25    RESET               startup_m031series.o
    0x000000c0   0x000000c0   0x00000000   Code   RO          318  * .ARM.Collect$$$$00000000  mc_p.l(entry.o)
    0x000000c0   0x000000c0   0x00000004   Code   RO          351    .ARM.Collect$$$$00000001  mc_p.l(entry2.o)
    0x000000c4   0x000000c4   0x00000004   Code   RO          354    .ARM.Collect$$$$00000004  mc_p.l(entry5.o)
    0x000000c8   0x000000c8   0x00000000   Code   RO          356    .ARM.Collect$$$$00000008  mc_p.l(entry7b.o)
    0x000000c8   0x000000c8   0x00000000   Code   RO          358    .ARM.Collect$$$$0000000A  mc_p.l(entry8b.o)
    0x000000c8   0x000000c8   0x00000008   Code   RO          359    .ARM.Collect$$$$0000000B  mc_p.l(entry9a.o)
    0x000000d0   0x000000d0   0x00000000   Code   RO          361    .ARM.Collect$$$$0000000D  mc_p.l(entry10a.o)
    0x000000d0   0x000000d0   0x00000000   Code   RO          363    .ARM.Collect$$$$0000000F  mc_p.l(entry11a.o)
    0x000000d0   0x000000d0   0x00000004   Code   RO          352    .ARM.Collect$$$$00002712  mc_p.l(entry2.o)
    0x000000d4   0x000000d4   0x00000334   Code   RO          202    .fastcode           fmc.o
    0x00000408   0x00000408   0x0000005c   Code   RO           26  * .text               startup_m031series.o
    0x00000464   0x00000464   0x0000003e   Code   RO          367    .text               mc_p.l(uidiv_div0.o)
    0x000004a2   0x000004a2   0x00000002   PAD
    0x000004a4   0x000004a4   0x00000024   Code   RO          386    .text               mc_p.l(init.o)
    0x000004c8   0x000004c8   0x0000003c   Code   RO          146    .text.CLK_EnableModuleClock  clk.o
    0x00000504   0x00000504   0x00000058   Code   RO          154    .text.CLK_EnableSysTick  clk.o
    0x0000055c   0x0000055c   0x00000014   Code   RO          142    .text.CLK_EnableXtalRC  clk.o
    0x00000570   0x00000570   0x00000010   Code   RO          126    .text.CLK_GetHCLKFreq  clk.o
    0x00000580   0x00000580   0x000000a4   Code   RO            4    .text.CLK_GetPLLClockFreq  system_m031series.o
    0x00000624   0x00000624   0x00000064   Code   RO          136    .text.CLK_SetHCLK   clk.o
    0x00000688   0x00000688   0x000000bc   Code   RO          138    .text.CLK_SetModuleClock  clk.o
    0x00000744   0x00000744   0x0000005c   Code   RO          132    .text.CLK_WaitClockReady  clk.o
    0x000007a0   0x000007a0   0x00000020   Code   RO          241    .text.DelayMS       main.o
    0x000007c0   0x000007c0   0x0000007a   Code   RO          308    .text.EraseFMCData  fmcuser.o
    0x0000083a   0x0000083a   0x00000002   PAD
    0x0000083c   0x0000083c   0x000000b0   Code   RO          172    .text.FMC_Erase     fmc.o
    0x000008ec   0x000008ec   0x000000a0   Code   RO          174    .text.FMC_Erase_SPROM  fmc.o
    0x0000098c   0x0000098c   0x00000010   Code   RO          182    .text.FMC_Open      fmc.o
    0x0000099c   0x0000099c   0x0000007c   Code   RO          184    .text.FMC_Read      fmc.o
    0x00000a18   0x00000a18   0x00000094   Code   RO          194    .text.FMC_ReadConfig  fmc.o
    0x00000aac   0x00000aac   0x00000074   Code   RO          257    .text.FMC_SetVectorPageAddr  main.o
    0x00000b20   0x00000b20   0x0000011c   Code   RO          190    .text.FMC_Write     fmc.o
    0x00000c3c   0x00000c3c   0x00000138   Code   RO          196    .text.FMC_WriteConfig  fmc.o
    0x00000d74   0x00000d74   0x00000218   Code   RO          285    .text.FlashNewApp   boot.o
    0x00000f8c   0x00000f8c   0x00000008   Code   RO           37    .text.HardFault_Handler  retarget.o
    0x00000f94   0x00000f94   0x00000034   Code   RO          249    .text.InitSystem    main.o
    0x00000fc8   0x00000fc8   0x00000090   Code   RO          283    .text.LoadBootConfig  boot.o
    0x00001058   0x00001058   0x00000020   Code   RO          253    .text.NVIC_EnableIRQ  main.o
    0x00001078   0x00001078   0x0000001c   Code   RO           39    .text.NVIC_SystemReset  retarget.o
    0x00001094   0x00001094   0x000000a6   Code   RO          306    .text.ReadFMCDataBuffer  fmcuser.o
    0x0000113a   0x0000113a   0x00000002   PAD
    0x0000113c   0x0000113c   0x00000068   Code   RO          275    .text.SYS_Init      hardware.o
    0x000011a4   0x000011a4   0x00000008   Code   RO           10    .text.SYS_LockReg   system_m031series.o
    0x000011ac   0x000011ac   0x00000008   Code   RO          259    .text.SYS_LockReg   main.o
    0x000011b4   0x000011b4   0x0000000c   Code   RO          224    .text.SYS_ResetCPU  sys.o
    0x000011c0   0x000011c0   0x00000010   Code   RO          222    .text.SYS_ResetChip  sys.o
    0x000011d0   0x000011d0   0x00000020   Code   RO            8    .text.SYS_UnlockReg  system_m031series.o
    0x000011f0   0x000011f0   0x00000024   Code   RO          251    .text.SYS_UnlockReg  main.o
    0x00001214   0x00001214   0x00000008   Code   RO          245    .text.SysTick_Handler  main.o
    0x0000121c   0x0000121c   0x00000080   Code   RO            2    .text.SystemCoreClockUpdate  system_m031series.o
    0x0000129c   0x0000129c   0x00000024   Code   RO            6    .text.SystemInit    system_m031series.o
    0x000012c0   0x000012c0   0x0000003c   Code   RO          243    .text.TimingDelay_Decrement  main.o
    0x000012fc   0x000012fc   0x000000b2   Code   RO          310    .text.WriteFMCData  fmcuser.o
    0x000013ae   0x000013ae   0x0000000e   Code   RO          239    .text.__set_SP      main.o
    0x000013bc   0x000013bc   0x00000058   Code   RO          255    .text.main          main.o
    0x00001414   0x00001414   0x0000005c   Code   RO          247    .text.set_IAP_boot_mode  main.o
    0x00001470   0x00001470   0x0000000e   Code   RO          400    i.__scatterload_copy  mc_p.l(handlers.o)
    0x0000147e   0x0000147e   0x00000002   Code   RO          401    i.__scatterload_null  mc_p.l(handlers.o)
    0x00001480   0x00001480   0x0000000e   Code   RO          402    i.__scatterload_zeroinit  mc_p.l(handlers.o)
    0x0000148e   0x0000148e   0x00000002   PAD
    0x00001490   0x00001490   0x0000000c   Data   RO          160    .rodata..L__const.CLK_EnableModuleClock.u32ClkTbl  clk.o
    0x0000149c   0x0000149c   0x00000020   Data   RO          159    .rodata.cst16       clk.o
    0x000014bc   0x000014bc   0x00000020   Data   RO           15    .rodata.gau32ClkSrcTbl  system_m031series.o
    0x000014dc   0x000014dc   0x00000020   Data   RO          399    Region$$Table       anon$$obj.o


    Execution Region RW_IRAM1 (Exec base: 0x20000000, Load base: 0x00001500, Size: 0x00000658, Max: 0x00004000, ABSOLUTE)

    Exec Addr    Load Addr    Size         Type   Attr      Idx    E Section Name        Object

    0x20000000   0x00001500   0x00000004   Data   RW           13    .data.CyclesPerUs   system_m031series.o
    0x20000004   0x00001504   0x00000004   Data   RW           14    .data.PllClock      system_m031series.o
    0x20000008   0x00001508   0x00000004   Data   RW           12    .data.SystemCoreClock  system_m031series.o
    0x2000000c   0x0000150c   0x00000004   PAD
    0x20000010        -       0x00000004   Zero   RW          292    .bss.ADDR           boot.o
    0x20000014        -       0x00000002   Zero   RW          288    .bss.Appsize        boot.o
    0x20000016        -       0x00000012   Zero   RW          287    .bss.BootConfig     boot.o
    0x20000028        -       0x00000002   Zero   RW          262    .bss.Count1Sec      main.o
    0x2000002a        -       0x00000002   Zero   RW          291    .bss.CurrentPacket  boot.o
    0x2000002c        -       0x00000200   Zero   RW          293    .bss.FDataBuff      boot.o
    0x2000022c        -       0x00000001   Zero   RW          263    .bss.IsInit         main.o
    0x2000022d   0x0000150c   0x00000001   PAD
    0x2000022e        -       0x00000002   Zero   RW          289    .bss.NoOfPackets    boot.o
    0x20000230        -       0x00000001   Zero   RW          290    .bss.RemainingPackets  boot.o
    0x20000231   0x0000150c   0x00000003   PAD
    0x20000234        -       0x00000004   Zero   RW          297    .bss.Rword          boot.o
    0x20000238        -       0x00000004   Zero   RW          261    .bss.TimingDelay    main.o
    0x2000023c        -       0x00000002   Zero   RW          294    .bss.WordIndex      boot.o
    0x2000023e   0x0000150c   0x00000002   PAD
    0x20000240        -       0x00000004   Zero   RW          264    .bss.func           main.o
    0x20000244        -       0x00000004   Zero   RW          158    .bss.g_CLK_i32ErrCode  clk.o
    0x20000248        -       0x00000004   Zero   RW          204    .bss.g_FMC_i32ErrCode  fmc.o
    0x2000024c        -       0x00000001   Zero   RW          296    .bss.tries          boot.o
    0x2000024d   0x0000150c   0x00000003   PAD
    0x20000250        -       0x00000004   Zero   RW          295    .bss.word           boot.o
    0x20000254   0x0000150c   0x00000004   PAD
    0x20000258        -       0x00000400   Zero   RW           23    STACK               startup_m031series.o


==============================================================================

Image component sizes


      Code (inc. data)   RO Data    RW Data    ZI Data      Debug   Object Name

       680         72          0          0        552       2504   boot.o
       564         52         44          0          4       8662   clk.o
      2040        116          0          0          4       6627   fmc.o
       466          0          0          0          0       1539   fmcuser.o
       104          8          0          0          0       2220   hardware.o
       538         56          0          0         11       5815   main.o
        36          8          0          0          0       3413   retarget.o
        92         42        192          0       1024        696   startup_m031series.o
        28          4          0          0          0       3314   sys.o
       368         56         32         12          0       4153   system_m031series.o

    ----------------------------------------------------------------------
      4920        414        300         12       1612      38943   Object Totals
         0          0         32          0          0          0   (incl. Generated)
         4          0          0          0         17          0   (incl. Padding)

    ----------------------------------------------------------------------

      Code (inc. data)   RO Data    RW Data    ZI Data      Debug   Library Member Name

         0          0          0          0          0          0   entry.o
         0          0          0          0          0          0   entry10a.o
         0          0          0          0          0          0   entry11a.o
         8          4          0          0          0          0   entry2.o
         4          0          0          0          0          0   entry5.o
         0          0          0          0          0          0   entry7b.o
         0          0          0          0          0          0   entry8b.o
         8          4          0          0          0          0   entry9a.o
        30          0          0          0          0          0   handlers.o
        36          8          0          0          0         68   init.o
        62          0          0          0          0         72   uidiv_div0.o

    ----------------------------------------------------------------------
       152         16          0          0          0        140   Library Totals
         4          0          0          0          0          0   (incl. Padding)

    ----------------------------------------------------------------------

      Code (inc. data)   RO Data    RW Data    ZI Data      Debug   Library Name

       148         16          0          0          0        140   mc_p.l

    ----------------------------------------------------------------------
       152         16          0          0          0        140   Library Totals

    ----------------------------------------------------------------------

==============================================================================


      Code (inc. data)   RO Data    RW Data    ZI Data      Debug   

      5072        430        300         12       1612      39075   Grand Totals
      5072        430        300         12       1612      39075   ELF Image Totals
      5072        430        300         12          0          0   ROM Totals

==============================================================================

    Total RO  Size (Code + RO Data)                 5372 (   5.25kB)
    Total RW  Size (RW Data + ZI Data)              1624 (   1.59kB)
    Total ROM Size (Code + RO Data + RW Data)       5384 (   5.26kB)

==============================================================================

