<html>
<body>
<pre>
<h1>µVision Build Log</h1>
<h2>Tool Versions:</h2>
IDE-Version: µVision V5.35.0.0
Copyright (C) 2021 ARM Ltd and ARM Germany GmbH. All rights reserved.
License Information: a a, a, LIC=32B1Q-NI4K1-KPHZY-I0HY9-W1ZVM-HTP91
 
Tool Versions:
Toolchain:       MDK-ARM Plus  Version: 5.35.0.2
Toolchain Path:  C:\Keil_v5\ARM\ARMCLANG\Bin
C Compiler:      ArmClang.exe V6.16
Assembler:       Armasm.exe V6.16
Linker/Locator:  ArmLink.exe V6.16
Library Manager: ArmAr.exe V6.16
Hex Converter:   FromElf.exe V6.16
CPU DLL:         SARMCM3.DLL V5.35.0.2
Dialog DLL:      DARMCM1.DLL V1.19.4.0
Target DLL:      Nu_Link.dll V3.15
Dialog DLL:      TARMCM1.DLL V1.14.4.0
 
<h2>Project:</h2>
D:\Projects\CCMSFloridaPhpr\Application\KEIL\NewCCMS.uvproj
Project File Date:  04/19/2024

<h2>Output:</h2>
*** Using Compiler 'V6.16', folder: 'C:\Keil_v5\ARM\ARMCLANG\Bin'
Build Project 'NewCCMS' - Target 'CCMSController'
creating preprocessor file for rtc.c...
creating preprocessor file for Main.c...
creating preprocessor file for i2c.c...
creating preprocessor file for adc.c...
creating preprocessor file for sys.c...
creating preprocessor file for clk.c...
creating preprocessor file for Hardware.c...
creating preprocessor file for retarget.c...
creating preprocessor file for timer.c...
creating preprocessor file for gpio.c...
creating preprocessor file for spi.c...
creating preprocessor file for uart.c...
creating preprocessor file for system_M031Series.c...
creating preprocessor file for fmc.c...
creating list file for Hardware.c...
compiling Hardware.c...
creating preprocessor file for Utilities.c...
creating preprocessor file for W25Qxx.c...
creating preprocessor file for NMEAParser.c...
creating preprocessor file for EMeter.c...
creating preprocessor file for FMCUser.c...
creating preprocessor file for Boot.c...
creating preprocessor file for DS1307.c...
creating preprocessor file for MComm.c...
creating preprocessor file for SunPos.c...
linking...
Program Size: Code=20288 RO-data=900 RW-data=16 ZI-data=3488  
FromELF: creating hex file...
After Build - User command #1: fromelf --bin ".\obj\CCMSController.axf" --output ".\obj\CCMSController.bin"
".\obj\CCMSController.axf" - 0 Error(s), 0 Warning(s).
Build Time Elapsed:  00:00:04
</pre>
</body>
</html>
